Archive member included because of file (symbol)

/opt/microchip/mplabc32/v2.02/bin/../lib/gcc/pic32mx/4.5.1/libgcc.a(_udivdi3.o)
                              build/FT/production/_ext/867694782/Tick.o (__udivdi3)
/opt/microchip/mplabc32/v2.02/bin/../lib/gcc/pic32mx/4.5.1/libgcc.a(floatunsisf.o)
                              build/FT/production/_ext/1472/HodoCrate.o (__floatunsisf)
/opt/microchip/mplabc32/v2.02/bin/../lib/gcc/pic32mx/4.5.1/../../../../pic32mx/lib/libc.a(memcmp.o)
                              build/FT/production/_ext/867694782/ETHPIC32IntMac.o (memcmp)
/opt/microchip/mplabc32/v2.02/bin/../lib/gcc/pic32mx/4.5.1/../../../../pic32mx/lib/libc.a(memcpy.o)
                              build/FT/production/_ext/867694782/Announce.o (memcpy)
/opt/microchip/mplabc32/v2.02/bin/../lib/gcc/pic32mx/4.5.1/../../../../pic32mx/lib/libc.a(memset.o)
                              build/FT/production/_ext/867694782/BerkeleyAPI.o (memset)
/opt/microchip/mplabc32/v2.02/bin/../lib/gcc/pic32mx/4.5.1/../../../../pic32mx/lib/libc.a(strcmp.o)
                              build/FT/production/_ext/1472/main.o (strcmp)
/opt/microchip/mplabc32/v2.02/bin/../lib/gcc/pic32mx/4.5.1/../../../../pic32mx/lib/libc.a(strcpy.o)
                              build/FT/production/_ext/1472/main.o (strcpy)
/opt/microchip/mplabc32/v2.02/bin/../lib/gcc/pic32mx/4.5.1/../../../../pic32mx/lib/libc.a(strlen.o)
                              build/FT/production/_ext/867694782/UDP.o (strlen)
/opt/microchip/mplabc32/v2.02/bin/../lib/gcc/pic32mx/4.5.1/../../../../pic32mx/lib/libc.a(general-exception.o)
                              /opt/microchip/mplabc32/v2.02/bin/../lib/gcc/pic32mx/4.5.1/../../../../pic32mx/lib/crt0.o (_general_exception_context)
/opt/microchip/mplabc32/v2.02/bin/../lib/gcc/pic32mx/4.5.1/../../../../pic32mx/lib/libc.a(atoi.o)
                              build/FT/production/_ext/1472/main.o (atoi)
/opt/microchip/mplabc32/v2.02/bin/../lib/gcc/pic32mx/4.5.1/../../../../pic32mx/lib/libc.a(ctype.o)
                              /opt/microchip/mplabc32/v2.02/bin/../lib/gcc/pic32mx/4.5.1/../../../../pic32mx/lib/libc.a(atoi.o) (_ctype)
/opt/microchip/mplabc32/v2.02/bin/../lib/gcc/pic32mx/4.5.1/../../../../pic32mx/lib/libc.a(malloc.o)
                              build/FT/production/_ext/1472/main.o (malloc)
/opt/microchip/mplabc32/v2.02/bin/../lib/gcc/pic32mx/4.5.1/../../../../pic32mx/lib/libc.a(rand.o)
                              build/FT/production/_ext/867694782/StackTsk.o (srand)
/opt/microchip/mplabc32/v2.02/bin/../lib/gcc/pic32mx/4.5.1/../../../../pic32mx/lib/libc.a(strtok.o)
                              build/FT/production/_ext/1472/main.o (strtok)
/opt/microchip/mplabc32/v2.02/bin/../lib/gcc/pic32mx/4.5.1/../../../../pic32mx/lib/libc.a(sprintf_cdfFnopsuxX.eo)
                              build/FT/production/_ext/1472/main.o (_sprintf_cdfFnopsuxX)
/opt/microchip/mplabc32/v2.02/bin/../lib/gcc/pic32mx/4.5.1/../../../../pic32mx/lib/libc.a(sprintf_cdnopsuxX.eo)
                              build/FT/production/_ext/1472/Settings.o (_sprintf_cdnopsuxX)
/opt/microchip/mplabc32/v2.02/bin/../lib/gcc/pic32mx/4.5.1/../../../../pic32mx/lib/libc.a(sprintf_cdnopuxX.eo)
                              build/FT/production/_ext/1472/main.o (_sprintf_cdnopuxX)
/opt/microchip/mplabc32/v2.02/bin/../lib/gcc/pic32mx/4.5.1/../../../../pic32mx/lib/libc.a(sbrk.o)
                              /opt/microchip/mplabc32/v2.02/bin/../lib/gcc/pic32mx/4.5.1/../../../../pic32mx/lib/libc.a(malloc.o) (sbrk)
/opt/microchip/mplabc32/v2.02/bin/../lib/gcc/pic32mx/4.5.1/../../../../pic32mx/lib/libc.a(default-bootstrap-exception-handler.o)
                              /opt/microchip/mplabc32/v2.02/bin/../lib/gcc/pic32mx/4.5.1/../../../../pic32mx/lib/crt0.o (_bootstrap_exception_handler)
/opt/microchip/mplabc32/v2.02/bin/../lib/gcc/pic32mx/4.5.1/../../../../pic32mx/lib/libc.a(default-on-reset.o)
                              /opt/microchip/mplabc32/v2.02/bin/../lib/gcc/pic32mx/4.5.1/../../../../pic32mx/lib/crt0.o (_on_reset)
/opt/microchip/mplabc32/v2.02/bin/../lib/gcc/pic32mx/4.5.1/../../../../pic32mx/lib/libc.a(default-on-bootstrap.o)
                              /opt/microchip/mplabc32/v2.02/bin/../lib/gcc/pic32mx/4.5.1/../../../../pic32mx/lib/crt0.o (_on_bootstrap)
/opt/microchip/mplabc32/v2.02/bin/../lib/gcc/pic32mx/4.5.1/../../../../pic32mx/lib/libc.a(default-nmi-handler.o)
                              /opt/microchip/mplabc32/v2.02/bin/../lib/gcc/pic32mx/4.5.1/../../../../pic32mx/lib/crt0.o (_nmi_handler)
/opt/microchip/mplabc32/v2.02/bin/../lib/gcc/pic32mx/4.5.1/../../../../pic32mx/lib/libc.a(errno.o)
                              /opt/microchip/mplabc32/v2.02/bin/../lib/gcc/pic32mx/4.5.1/../../../../pic32mx/lib/libc.a(sbrk.o) (errno)
/opt/microchip/mplabc32/v2.02/bin/../lib/gcc/pic32mx/4.5.1/../../../../pic32mx/lib/libc.a(strcspn.o)
[...]
Memory Configuration

Name             Origin             Length             Attributes
kseg0_program_mem 0x9d000000         0x00080000         xr
kseg0_boot_mem   0x9fc00490         0x00000970
exception_mem    0x9fc01000         0x00001000
kseg1_boot_mem   0xbfc00000         0x00000490
debug_exec_mem   0xbfc02000         0x00000ff0
config3          0xbfc02ff0         0x00000004
config2          0xbfc02ff4         0x00000004
config1          0xbfc02ff8         0x00000004
config0          0xbfc02ffc         0x00000004
kseg1_data_mem   0xa0000000         0x00020000         w !x
sfrs             0xbf800000         0x00100000
configsfrs       0xbfc02ff0         0x00000010
*default*        0x00000000         0xffffffff

Linker script and memory map

LOAD /opt/microchip/mplabc32/v2.02/bin/../lib/gcc/pic32mx/4.5.1/../../../../pic32mx/lib/crt0.o
LOAD build/FT/production/_ext/100901378/WFScan.o
LOAD build/FT/production/_ext/100901378/WF_Spi.o
LOAD build/FT/production/_ext/100901378/WFEasyConfig.o
LOAD build/FT/production/_ext/100901378/WFConsole.o
LOAD build/FT/production/_ext/100901378/WF_Eint.o
LOAD build/FT/production/_ext/100901378/WFConnectionManager.o
LOAD build/FT/production/_ext/100901378/WFPowerSave.o
LOAD build/FT/production/_ext/100901378/WFParamMsg.o
LOAD build/FT/production/_ext/100901378/WFConnectionProfile.o
LOAD build/FT/production/_ext/100901378/WFDriverRaw.o
LOAD build/FT/production/_ext/100901378/WFConsoleIwpriv.o
LOAD build/FT/production/_ext/100901378/WFTxPower.o
LOAD build/FT/production/_ext/100901378/WFInit.o
LOAD build/FT/production/_ext/100901378/WFDriverCom.o
LOAD build/FT/production/_ext/100901378/WFConsoleMsgHandler.o
LOAD build/FT/production/_ext/100901378/WFEventHandler.o
LOAD build/FT/production/_ext/100901378/WFConsoleIwconfig.o
LOAD build/FT/production/_ext/100901378/WFConsoleIfconfig.o
LOAD build/FT/production/_ext/100901378/WFConnectionAlgorithm.o
LOAD build/FT/production/_ext/100901378/WFMac.o
LOAD build/FT/production/_ext/100901378/WFDataTxRx.o
LOAD build/FT/production/_ext/100901378/WFMgmtMsg.o
LOAD build/FT/production/_ext/100901378/WFConsoleMsgs.o
LOAD build/FT/production/_ext/867694782/TFTPc.o
LOAD build/FT/production/_ext/867694782/Announce.o
LOAD build/FT/production/_ext/867694782/CAN2TCPBridge.o
LOAD build/FT/production/_ext/867694782/FTP.o
LOAD build/FT/production/_ext/867694782/ENC28J60.o
LOAD build/FT/production/_ext/867694782/SPIRAM.o
LOAD build/FT/production/_ext/867694782/SNMP.o
LOAD build/FT/production/_ext/867694782/Hashes.o
LOAD build/FT/production/_ext/867694782/LCDBlocking.o
LOAD build/FT/production/_ext/867694782/StackTsk.o
LOAD build/FT/production/_ext/867694782/ARP.o
LOAD build/FT/production/_ext/867694782/HTTP.o
LOAD build/FT/production/_ext/867694782/SNTP.o
LOAD build/FT/production/_ext/867694782/RSA.o
LOAD build/FT/production/_ext/867694782/UART.o
LOAD build/FT/production/_ext/867694782/ZeroconfHelper.o
LOAD build/FT/production/_ext/867694782/HTTP2.o
LOAD build/FT/production/_ext/867694782/ZeroconfMulticastDNS.o
LOAD build/FT/production/_ext/867694782/NBNS.o
LOAD build/FT/production/_ext/867694782/ENCX24J600.o
LOAD build/FT/production/_ext/867694782/BerkeleyAPI.o
LOAD build/FT/production/_ext/867694782/TCPPerformanceTest.o
LOAD build/FT/production/_ext/867694782/UART2TCPBridge.o
LOAD build/FT/production/_ext/867694782/AutoIP.o
LOAD build/FT/production/_ext/867694782/DHCPs.o
LOAD build/FT/production/_ext/867694782/DHCP.o
LOAD build/FT/production/_ext/867694782/Reboot.o
LOAD build/FT/production/_ext/867694782/SPIEEPROM.o
LOAD build/FT/production/_ext/867694782/SSL.o
LOAD build/FT/production/_ext/867694782/Delay.o
LOAD build/FT/production/_ext/867694782/SPIFlash.o
LOAD build/FT/production/_ext/867694782/DNSs.o
LOAD build/FT/production/_ext/867694782/BigInt.o
LOAD build/FT/production/_ext/867694782/UDP.o
LOAD build/FT/production/_ext/867694782/DNS.o
LOAD build/FT/production/_ext/867694782/ICMP.o
LOAD build/FT/production/_ext/867694782/ETHPIC32IntMac.o
LOAD build/FT/production/_ext/867694782/ETH97J60.o
LOAD build/FT/production/_ext/867694782/Helpers.o
LOAD build/FT/production/_ext/867694782/ZeroconfLinkLocal.o
LOAD build/FT/production/_ext/867694782/IP.o
LOAD build/FT/production/_ext/867694782/TCP.o
LOAD build/FT/production/_ext/867694782/ETHPIC32ExtPhyDP83848.o
LOAD build/FT/production/_ext/867694782/SMTP.o
LOAD build/FT/production/_ext/867694782/Tick.o
LOAD build/FT/production/_ext/867694782/Telnet.o
LOAD build/FT/production/_ext/867694782/ETHPIC32ExtPhy.o
LOAD build/FT/production/_ext/867694782/Random.o
LOAD build/FT/production/_ext/867694782/MPFS.o
LOAD build/FT/production/_ext/867694782/MPFS2.o
LOAD build/FT/production/_ext/867694782/DynDNS.o
LOAD build/FT/production/_ext/867694782/UDPPerformanceTest.o
LOAD build/FT/production/_ext/867694782/ARCFOUR.o
LOAD build/FT/production/_ext/1472/i2c_support.o
LOAD build/FT/production/_ext/1472/main.o
LOAD build/FT/production/_ext/1472/MyTFTP.o
LOAD build/FT/production/_ext/1472/Settings.o
LOAD build/FT/production/_ext/1472/HodoCrate.o
LOAD build/FT/production/_ext/1472/BerkeleyTCPServerDemo.o
LOAD build/FT/production/_ext/1472/PingDemo.o
                0x00000001                __MPLAB_BUILD = 0x1
                0x00003e80                _min_heap_size = 0x3e80
                0x00000800                _min_stack_size = 0x800
LOAD /opt/microchip/mplabc32/v2.02/bin/../lib/gcc/pic32mx/4.5.1/libgcc.a
START GROUP
LOAD /opt/microchip/mplabc32/v2.02/bin/../lib/gcc/pic32mx/4.5.1/../../../../pic32mx/lib/libdebug.a
LOAD /opt/microchip/mplabc32/v2.02/bin/../lib/gcc/pic32mx/4.5.1/../../../../pic32mx/lib/libc.a
LOAD /opt/microchip/mplabc32/v2.02/bin/../lib/gcc/pic32mx/4.5.1/../../../../pic32mx/lib/libm.a
LOAD /opt/microchip/mplabc32/v2.02/bin/../lib/gcc/pic32mx/4.5.1/../../../../pic32mx/lib/libe.a
LOAD /opt/microchip/mplabc32/v2.02/bin/../lib/gcc/pic32mx/4.5.1/../../../../pic32mx/lib/libdsp.a
LOAD /opt/microchip/mplabc32/v2.02/bin/../lib/gcc/pic32mx/4.5.1/../../../../pic32mx/lib/libmchp_peripheral.a
LOAD /opt/microchip/mplabc32/v2.02/bin/../lib/gcc/pic32mx/4.5.1/../../../../pic32mx/lib/libmchp_peripheral_32MX795F512L.a
END GROUP
LOAD /opt/microchip/mplabc32/v2.02/bin/../lib/gcc/pic32mx/4.5.1/libgcc.a
                0x00000400                PROVIDE (_min_stack_size, 0x400)
                0x00000000                PROVIDE (_min_heap_size, 0x0)
LOAD /opt/microchip/mplabc32/v2.02/bin/../lib/gcc/pic32mx/4.5.1/../../../../pic32mx/lib/./proc/32MX795F512L/processor.o
                0x00000001                PROVIDE (_vector_spacing, 0x1)
                0x9fc01000                _ebase_address = 0x9fc01000
                0xbfc00000                _RESET_ADDR = 0xbfc00000
                0xbfc00380                _BEV_EXCPT_ADDR = 0xbfc00380
                0xbfc00480                _DBG_EXCPT_ADDR = 0xbfc00480
                0xbfc02000                _DBG_CODE_ADDR = 0xbfc02000
                0x00000ff0                _DBG_CODE_SIZE = 0xff0
                0x9fc01180                _GEN_EXCPT_ADDR = (_ebase_address + 0x180)

.config_BFC02FF0
                0xbfc02ff0        0x4
 *(.config_BFC02FF0)
 .config_BFC02FF0
                0xbfc02ff0        0x4 build/FT/production/_ext/1472/main.o

.config_BFC02FF4
                0xbfc02ff4        0x4
 *(.config_BFC02FF4)
 .config_BFC02FF4
                0xbfc02ff4        0x4 build/FT/production/_ext/1472/main.o

.config_BFC02FF8
                0xbfc02ff8        0x4
 *(.config_BFC02FF8)
 .config_BFC02FF8
                0xbfc02ff8        0x4 build/FT/production/_ext/1472/main.o

.config_BFC02FFC
                0xbfc02ffc        0x4
 *(.config_BFC02FFC)
 .config_BFC02FFC
                0xbfc02ffc        0x4 build/FT/production/_ext/1472/main.o
                0xbfc02000                PROVIDE (_DBG_CODE_ADDR, 0xbfc02000)
                0x00000ff0                PROVIDE (_DBG_CODE_SIZE, 0xff0)

.reset          0xbfc00000      0x1f4
 *(.reset)
 .reset         0xbfc00000       0x10 /opt/microchip/mplabc32/v2.02/bin/../lib/gcc/pic32mx/4.5.1/../../../../pic32mx/lib/crt0.o
                0xbfc00000                _reset
 *(.reset.startup)
 .reset.startup
                0xbfc00010      0x1e4 /opt/microchip/mplabc32/v2.02/bin/../lib/gcc/pic32mx/4.5.1/../../../../pic32mx/lib/crt0.o

.bev_excpt      0xbfc00380       0x10
 *(.bev_handler)
 .bev_handler   0xbfc00380       0x10 /opt/microchip/mplabc32/v2.02/bin/../lib/gcc/pic32mx/4.5.1/../../../../pic32mx/lib/crt0.o

.dbg_excpt      0xbfc00480        0x0
                0xbfc00480                . = (. + DEFINED (_DEBUGGER)?0x8:0x0)

.dbg_code       0xbfc02000        0x0
                0xbfc02000                . = (. + DEFINED (_DEBUGGER)?_DBG_CODE_SIZE:0x0)

.app_excpt      0x9fc01180       0x10
 *(.gen_handler)
 .gen_handler   0x9fc01180       0x10 /opt/microchip/mplabc32/v2.02/bin/../lib/gcc/pic32mx/4.5.1/../../../../pic32mx/lib/crt0.o

.vector_0       0x9fc01200        0x0
 *(.vector_0)
                0x00000001                ASSERT (((_vector_spacing == 0x0) || (SIZEOF (.vector_0) <= (_vector_spacing << 0x5))), function at exception vector 0 too large)

.vector_1       0x9fc01220        0x0
 *(.vector_1)
                0x00000001                ASSERT (((_vector_spacing == 0x0) || (SIZEOF (.vector_1) <= (_vector_spacing << 0x5))), function at exception vector 1 too large)

.vector_2       0x9fc01240        0x0
 *(.vector_2)
                0x00000001                ASSERT (((_vector_spacing == 0x0) || (SIZEOF (.vector_2) <= (_vector_spacing << 0x5))), function at exception vector 2 too large)

.vector_3       0x9fc01260        0x0
 *(.vector_3)
                0x00000001                ASSERT (((_vector_spacing == 0x0) || (SIZEOF (.vector_3) <= (_vector_spacing << 0x5))), function at exception vector 3 too large)

.vector_4       0x9fc01280        0x8
 *(.vector_4)
 .vector_4      0x9fc01280        0x8 build/FT/production/_ext/867694782/Tick.o
                0x00000001                ASSERT (((_vector_spacing == 0x0) || (SIZEOF (.vector_4) <= (_vector_spacing << 0x5))), function at exception vector 4 too large)

.vector_5       0x9fc012a0        0x0
 *(.vector_5)
                0x00000001                ASSERT (((_vector_spacing == 0x0) || (SIZEOF (.vector_5) <= (_vector_spacing << 0x5))), function at exception vector 5 too large)

.vector_6       0x9fc012c0        0x0
 *(.vector_6)
                0x00000001                ASSERT (((_vector_spacing == 0x0) || (SIZEOF (.vector_6) <= (_vector_spacing << 0x5))), function at exception vector 6 too large)

.vector_7       0x9fc012e0        0x0
 *(.vector_7)
                0x00000001                ASSERT (((_vector_spacing == 0x0) || (SIZEOF (.vector_7) <= (_vector_spacing << 0x5))), function at exception vector 7 too large)

.vector_8       0x9fc01300        0x0
 *(.vector_8)
                0x00000001                ASSERT (((_vector_spacing == 0x0) || (SIZEOF (.vector_8) <= (_vector_spacing << 0x5))), function at exception vector 8 too large)

.vector_9       0x9fc01320        0x0
 *(.vector_9)
                0x00000001                ASSERT (((_vector_spacing == 0x0) || (SIZEOF (.vector_9) <= (_vector_spacing << 0x5))), function at exception vector 9 too large)

.vector_10      0x9fc01340        0x0
 *(.vector_10)
                0x00000001                ASSERT (((_vector_spacing == 0x0) || (SIZEOF (.vector_10) <= (_vector_spacing << 0x5))), function at exception vector 10 too large)

.vector_11      0x9fc01360        0x0
 *(.vector_11)
                0x00000001                ASSERT (((_vector_spacing == 0x0) || (SIZEOF (.vector_11) <= (_vector_spacing << 0x5))), function at exception vector 11 too large)

.vector_12      0x9fc01380        0x0
 *(.vector_12)
                0x00000001                ASSERT (((_vector_spacing == 0x0) || (SIZEOF (.vector_12) <= (_vector_spacing << 0x5))), function at exception vector 12 too large)

.vector_13      0x9fc013a0        0x0
 *(.vector_13)
                0x00000001                ASSERT (((_vector_spacing == 0x0) || (SIZEOF (.vector_13) <= (_vector_spacing << 0x5))), function at exception vector 13 too large)

.vector_14      0x9fc013c0        0x0
 *(.vector_14)
                0x00000001                ASSERT (((_vector_spacing == 0x0) || (SIZEOF (.vector_14) <= (_vector_spacing << 0x5))), function at exception vector 14 too large)

.vector_15      0x9fc013e0        0x0
 *(.vector_15)
                0x00000001                ASSERT (((_vector_spacing == 0x0) || (SIZEOF (.vector_15) <= (_vector_spacing << 0x5))), function at exception vector 15 too large)

.vector_16      0x9fc01400        0x0
 *(.vector_16)
                0x00000001                ASSERT (((_vector_spacing == 0x0) || (SIZEOF (.vector_16) <= (_vector_spacing << 0x5))), function at exception vector 16 too large)

.vector_17      0x9fc01420        0x0
 *(.vector_17)
                0x00000001                ASSERT (((_vector_spacing == 0x0) || (SIZEOF (.vector_17) <= (_vector_spacing << 0x5))), function at exception vector 17 too large)

.vector_18      0x9fc01440        0x0
 *(.vector_18)
                0x00000001                ASSERT (((_vector_spacing == 0x0) || (SIZEOF (.vector_18) <= (_vector_spacing << 0x5))), function at exception vector 18 too large)

.vector_19      0x9fc01460        0x0
 *(.vector_19)
                0x00000001                ASSERT (((_vector_spacing == 0x0) || (SIZEOF (.vector_19) <= (_vector_spacing << 0x5))), function at exception vector 19 too large)

.vector_20      0x9fc01480        0x0
 *(.vector_20)
                0x00000001                ASSERT (((_vector_spacing == 0x0) || (SIZEOF (.vector_20) <= (_vector_spacing << 0x5))), function at exception vector 20 too large)

.vector_21      0x9fc014a0        0x0
 *(.vector_21)
                0x00000001                ASSERT (((_vector_spacing == 0x0) || (SIZEOF (.vector_21) <= (_vector_spacing << 0x5))), function at exception vector 21 too large)

.vector_22      0x9fc014c0        0x0
 *(.vector_22)
                0x00000001                ASSERT (((_vector_spacing == 0x0) || (SIZEOF (.vector_22) <= (_vector_spacing << 0x5))), function at exception vector 22 too large)

.vector_23      0x9fc014e0        0x0
 *(.vector_23)
                0x00000001                ASSERT (((_vector_spacing == 0x0) || (SIZEOF (.vector_23) <= (_vector_spacing << 0x5))), function at exception vector 23 too large)

.vector_24      0x9fc01500        0x0
 *(.vector_24)
                0x00000001                ASSERT (((_vector_spacing == 0x0) || (SIZEOF (.vector_24) <= (_vector_spacing << 0x5))), function at exception vector 24 too large)

.vector_25      0x9fc01520        0x0
 *(.vector_25)
                0x00000001                ASSERT (((_vector_spacing == 0x0) || (SIZEOF (.vector_25) <= (_vector_spacing << 0x5))), function at exception vector 25 too large)

.vector_26      0x9fc01540        0x0
 *(.vector_26)
                0x00000001                ASSERT (((_vector_spacing == 0x0) || (SIZEOF (.vector_26) <= (_vector_spacing << 0x5))), function at exception vector 26 too large)

.vector_27      0x9fc01560        0x0
 *(.vector_27)
                0x00000001                ASSERT (((_vector_spacing == 0x0) || (SIZEOF (.vector_27) <= (_vector_spacing << 0x5))), function at exception vector 27 too large)

.vector_28      0x9fc01580        0x0
 *(.vector_28)
                0x00000001                ASSERT (((_vector_spacing == 0x0) || (SIZEOF (.vector_28) <= (_vector_spacing << 0x5))), function at exception vector 28 too large)

.vector_29      0x9fc015a0        0x0
 *(.vector_29)
                0x00000001                ASSERT (((_vector_spacing == 0x0) || (SIZEOF (.vector_29) <= (_vector_spacing << 0x5))), function at exception vector 29 too large)

.vector_30      0x9fc015c0        0x0
 *(.vector_30)
                0x00000001                ASSERT (((_vector_spacing == 0x0) || (SIZEOF (.vector_30) <= (_vector_spacing << 0x5))), function at exception vector 30 too large)

.vector_31      0x9fc015e0        0x0
 *(.vector_31)
                0x00000001                ASSERT (((_vector_spacing == 0x0) || (SIZEOF (.vector_31) <= (_vector_spacing << 0x5))), function at exception vector 31 too large)

.vector_32      0x9fc01600        0x0
 *(.vector_32)
                0x00000001                ASSERT (((_vector_spacing == 0x0) || (SIZEOF (.vector_32) <= (_vector_spacing << 0x5))), function at exception vector 32 too large)

.vector_33      0x9fc01620        0x0
 *(.vector_33)
                0x00000001                ASSERT (((_vector_spacing == 0x0) || (SIZEOF (.vector_33) <= (_vector_spacing << 0x5))), function at exception vector 33 too large)

.vector_34      0x9fc01640        0x0
 *(.vector_34)
                0x00000001                ASSERT (((_vector_spacing == 0x0) || (SIZEOF (.vector_34) <= (_vector_spacing << 0x5))), function at exception vector 34 too large)

.vector_35      0x9fc01660        0x0
 *(.vector_35)
                0x00000001                ASSERT (((_vector_spacing == 0x0) || (SIZEOF (.vector_35) <= (_vector_spacing << 0x5))), function at exception vector 35 too large)

.vector_36      0x9fc01680        0x0
 *(.vector_36)
                0x00000001                ASSERT (((_vector_spacing == 0x0) || (SIZEOF (.vector_36) <= (_vector_spacing << 0x5))), function at exception vector 36 too large)

.vector_37      0x9fc016a0        0x0
 *(.vector_37)
                0x00000001                ASSERT (((_vector_spacing == 0x0) || (SIZEOF (.vector_37) <= (_vector_spacing << 0x5))), function at exception vector 37 too large)

.vector_38      0x9fc016c0        0x0
 *(.vector_38)
                0x00000001                ASSERT (((_vector_spacing == 0x0) || (SIZEOF (.vector_38) <= (_vector_spacing << 0x5))), function at exception vector 38 too large)

.vector_39      0x9fc016e0        0x0
 *(.vector_39)
                0x00000001                ASSERT (((_vector_spacing == 0x0) || (SIZEOF (.vector_39) <= (_vector_spacing << 0x5))), function at exception vector 39 too large)

.vector_40      0x9fc01700        0x0
 *(.vector_40)
                0x00000001                ASSERT (((_vector_spacing == 0x0) || (SIZEOF (.vector_40) <= (_vector_spacing << 0x5))), function at exception vector 40 too large)

.vector_41      0x9fc01720        0x0
 *(.vector_41)
                0x00000001                ASSERT (((_vector_spacing == 0x0) || (SIZEOF (.vector_41) <= (_vector_spacing << 0x5))), function at exception vector 41 too large)

.vector_42      0x9fc01740        0x0
 *(.vector_42)
                0x00000001                ASSERT (((_vector_spacing == 0x0) || (SIZEOF (.vector_42) <= (_vector_spacing << 0x5))), function at exception vector 42 too large)

.vector_43      0x9fc01760        0x0
 *(.vector_43)
                0x00000001                ASSERT (((_vector_spacing == 0x0) || (SIZEOF (.vector_43) <= (_vector_spacing << 0x5))), function at exception vector 43 too large)

.vector_44      0x9fc01780        0x0
 *(.vector_44)
                0x00000001                ASSERT (((_vector_spacing == 0x0) || (SIZEOF (.vector_44) <= (_vector_spacing << 0x5))), function at exception vector 44 too large)

.vector_45      0x9fc017a0        0x0
 *(.vector_45)
                0x00000001                ASSERT (((_vector_spacing == 0x0) || (SIZEOF (.vector_45) <= (_vector_spacing << 0x5))), function at exception vector 45 too large)

.vector_46      0x9fc017c0        0x0
 *(.vector_46)
                0x00000001                ASSERT (((_vector_spacing == 0x0) || (SIZEOF (.vector_46) <= (_vector_spacing << 0x5))), function at exception vector 46 too large)

.vector_47      0x9fc017e0        0x0
 *(.vector_47)
                0x00000001                ASSERT (((_vector_spacing == 0x0) || (SIZEOF (.vector_47) <= (_vector_spacing << 0x5))), function at exception vector 47 too large)

.vector_48      0x9fc01800        0x0
 *(.vector_48)
                0x00000001                ASSERT (((_vector_spacing == 0x0) || (SIZEOF (.vector_48) <= (_vector_spacing << 0x5))), function at exception vector 48 too large)

.vector_49      0x9fc01820        0x0
 *(.vector_49)
                0x00000001                ASSERT (((_vector_spacing == 0x0) || (SIZEOF (.vector_49) <= (_vector_spacing << 0x5))), function at exception vector 49 too large)

.vector_50      0x9fc01840        0x0
 *(.vector_50)
                0x00000001                ASSERT (((_vector_spacing == 0x0) || (SIZEOF (.vector_50) <= (_vector_spacing << 0x5))), function at exception vector 50 too large)

.vector_51      0x9fc01860        0x0
 *(.vector_51)
                0x00000001                ASSERT (((_vector_spacing == 0x0) || (SIZEOF (.vector_51) <= (_vector_spacing << 0x5))), function at exception vector 51 too large)

.vector_52      0x9fc01880        0x0
 *(.vector_52)
                0x00000001                ASSERT (((_vector_spacing == 0x0) || (SIZEOF (.vector_52) <= (_vector_spacing << 0x5))), function at exception vector 52 too large)

.vector_53      0x9fc018a0        0x0
 *(.vector_53)
                0x00000001                ASSERT (((_vector_spacing == 0x0) || (SIZEOF (.vector_53) <= (_vector_spacing << 0x5))), function at exception vector 53 too large)

.vector_54      0x9fc018c0        0x0
 *(.vector_54)
                0x00000001                ASSERT (((_vector_spacing == 0x0) || (SIZEOF (.vector_54) <= (_vector_spacing << 0x5))), function at exception vector 54 too large)

.vector_55      0x9fc018e0        0x0
 *(.vector_55)
                0x00000001                ASSERT (((_vector_spacing == 0x0) || (SIZEOF (.vector_55) <= (_vector_spacing << 0x5))), function at exception vector 55 too large)

.vector_56      0x9fc01900        0x0
 *(.vector_56)
                0x00000001                ASSERT (((_vector_spacing == 0x0) || (SIZEOF (.vector_56) <= (_vector_spacing << 0x5))), function at exception vector 56 too large)

.vector_57      0x9fc01920        0x0
 *(.vector_57)
                0x00000001                ASSERT (((_vector_spacing == 0x0) || (SIZEOF (.vector_57) <= (_vector_spacing << 0x5))), function at exception vector 57 too large)

.vector_58      0x9fc01940        0x0
 *(.vector_58)
                0x00000001                ASSERT (((_vector_spacing == 0x0) || (SIZEOF (.vector_58) <= (_vector_spacing << 0x5))), function at exception vector 58 too large)

.vector_59      0x9fc01960        0x0
 *(.vector_59)
                0x00000001                ASSERT (((_vector_spacing == 0x0) || (SIZEOF (.vector_59) <= (_vector_spacing << 0x5))), function at exception vector 59 too large)

.vector_60      0x9fc01980        0x0
 *(.vector_60)
                0x00000001                ASSERT (((_vector_spacing == 0x0) || (SIZEOF (.vector_60) <= (_vector_spacing << 0x5))), function at exception vector 60 too large)

.vector_61      0x9fc019a0        0x0
 *(.vector_61)
                0x00000001                ASSERT (((_vector_spacing == 0x0) || (SIZEOF (.vector_61) <= (_vector_spacing << 0x5))), function at exception vector 61 too large)

.vector_62      0x9fc019c0        0x0
 *(.vector_62)
                0x00000001                ASSERT (((_vector_spacing == 0x0) || (SIZEOF (.vector_62) <= (_vector_spacing << 0x5))), function at exception vector 62 too large)

.vector_63      0x9fc019e0        0x0
 *(.vector_63)
                0x00000001                ASSERT (((_vector_spacing == 0x0) || (SIZEOF (.vector_63) <= (_vector_spacing << 0x5))), function at exception vector 63 too large)

.startup
 *(.startup)

.text
 *(.stub .gnu.linkonce.t.*)
 *(.text.*personality*)
 *(.mips16.fn.*)
 *(.mips16.call.*)
 *(.gnu.warning)

.rodata         0x9d000000        0x0
 *(.rodata.* .gnu.linkonce.r.*)
 *(.rodata1)
                0x9d000000                . = ALIGN (0x4)

.sdata2         0x9fc00490        0x0
 *(.sdata2 .sdata2.* .gnu.linkonce.s2.*)
                0x9fc00490                . = ALIGN (0x4)

.sbss2          0x9fc00490        0x0
 *(.sbss2 .sbss2.* .gnu.linkonce.sb2.*)
                0x9fc00490                . = ALIGN (0x4)

.eh_frame_hdr
 *(.eh_frame_hdr)

.eh_frame
 *(.eh_frame)

.dbg_data       0xa0000000        0x0
                0xa0000000                . = (. + DEFINED (_DEBUGGER)?0x200:0x0)

.persist        0xa0000000        0x0
                0xa0000000                _persist_begin = .
 *(.persist .persist.*)
                0xa0000000                . = ALIGN (0x4)
                0xa0000000                _persist_end = .

.eh_frame       0xa0000000       0x3c
 *(.eh_frame)
 .eh_frame      0xa0000000       0x28 /opt/microchip/mplabc32/v2.02/bin/../lib/gcc/pic32mx/4.5.1/libgcc.a(_udivdi3.o)
 .eh_frame      0xa0000028       0x14 /opt/microchip/mplabc32/v2.02/bin/../lib/gcc/pic32mx/4.5.1/libgcc.a(_umoddi3.o)
                                 0x28 (size before relaxing)
                0xa000003c                . = .
                0xa0008030                _gp = (ALIGN (0x10) + 0x7ff0)

.got
 *(.got.plt)
 *(.got)

.sdata          0xa000003c       0x10
                0xa000003c                _sdata_begin = .
 *(.sdata .sdata.* .gnu.linkonce.s.*)
 .sdata         0xa000003c        0x2 build/FT/production/_ext/867694782/BerkeleyAPI.o
 .sdata         0xa000003e        0x2 build/FT/production/_ext/867694782/UDP.o
 .sdata         0xa0000040        0x2 build/FT/production/_ext/867694782/TCP.o
 .sdata         0xa0000042        0x1 build/FT/production/_ext/1472/main.o
 .sdata         0xa0000043        0x1 build/FT/production/_ext/1472/MyTFTP.o
                0xa0000043                smDOWNLOAD
 .sdata         0xa0000044        0x4 /opt/microchip/mplabc32/v2.02/bin/../lib/gcc/pic32mx/4.5.1/../../../../pic32mx/lib/libc.a(_iob.o)
                0xa0000044                _Files
 .sdata         0xa0000048        0x4 /opt/microchip/mplabc32/v2.02/bin/../lib/gcc/pic32mx/4.5.1/../../../../pic32mx/lib/libc.a(c32_uart.o)
                0xa0000048                __C32_UART
                0xa000004c                _sdata_end = .

.lit8
 *(.lit8)

.lit4
 *(.lit4)
                0xa000004c                . = ALIGN (0x4)
                0xa000004c                _data_end = .
                0xa000004c                _bss_begin = .

.sbss           0xa000004c      0x118
                0xa000004c                _sbss_begin = .
 *(.dynsbss)
 *(.sbss .sbss.* .gnu.linkonce.sb.*)
 .sbss          0xa000004c       0x10 build/FT/production/_ext/867694782/TFTPc.o
 .sbss          0xa000005c        0xc build/FT/production/_ext/867694782/Announce.o
 .sbss          0xa0000068        0x8 build/FT/production/_ext/867694782/StackTsk.o
 .sbss          0xa0000070        0x8 build/FT/production/_ext/867694782/ARP.o
 .sbss          0xa0000078        0x4 build/FT/production/_ext/867694782/BerkeleyAPI.o
 .sbss          0xa000007c        0x4 build/FT/production/_ext/867694782/DHCP.o
                0xa000007c                DHCPClientInitializedOnce
 .sbss          0xa0000080        0x8 build/FT/production/_ext/867694782/UDP.o
 .sbss          0xa0000088       0x10 build/FT/production/_ext/867694782/ICMP.o
 .sbss          0xa0000098       0x40 build/FT/production/_ext/867694782/ETHPIC32IntMac.o
                0xa00000c4                _stackMgrRxOkPkts
                0xa00000c8                _stackMgrRxBadPkts
                0xa00000cc                _stackMgrInGetHdr
                0xa00000d0                _stackMgrRxDiscarded
                0xa00000d4                _stackMgrTxNotReady
 .sbss          0xa00000d8        0x4 build/FT/production/_ext/867694782/IP.o
 .sbss          0xa00000dc        0x2 build/FT/production/_ext/867694782/TCP.o
 *fill*         0xa00000de        0x2 00
 .sbss          0xa00000e0        0xc build/FT/production/_ext/867694782/Tick.o
 .sbss          0xa00000ec        0xc build/FT/production/_ext/1472/main.o
                0xa00000f0                nData
 .sbss          0xa00000f8        0xc build/FT/production/_ext/1472/MyTFTP.o
 .sbss          0xa0000104        0xc build/FT/production/_ext/1472/BerkeleyTCPServerDemo.o
 .sbss          0xa0000110        0x8 build/FT/production/_ext/1472/PingDemo.o
 .sbss          0xa0000118        0x8 /opt/microchip/mplabc32/v2.02/bin/../lib/gcc/pic32mx/4.5.1/../../../../pic32mx/lib/libc.a(sbrk.o)
                0xa0000118                _minbrk
                0xa000011c                _maxbrk
 .sbss          0xa0000120        0x4 /opt/microchip/mplabc32/v2.02/bin/../lib/gcc/pic32mx/4.5.1/../../../../pic32mx/lib/libc.a(errno.o)
                0xa0000120                errno
 .sbss          0xa0000124        0x1 /opt/microchip/mplabc32/v2.02/bin/../lib/gcc/pic32mx/4.5.1/../../../../pic32mx/lib/libc.a(_iob.o)
                0xa0000124                _outdone
 *fill*         0xa0000125        0x3 00
 .sbss          0xa0000128       0x20 /opt/microchip/mplabc32/v2.02/bin/../lib/gcc/pic32mx/4.5.1/../../../../pic32mx/lib/libmchp_peripheral_32MX795F512L.a(eth_descriptors_add_lib.o)
                0xa0000128                _EthTxFreeList
                0xa0000130                _EthTxBusyList
                0xa0000138                _EthRxFreeList
                0xa0000140                _EthRxBusyList
 *(.scommon)
 .scommon       0xa0000148        0x3 build/FT/production/_ext/867694782/TFTPc.o
                0xa0000148                _tftpError
                0xa000014a                _tftpSocket
 *fill*         0xa000014b        0x1 00
 .scommon       0xa000014c        0x6 build/FT/production/_ext/867694782/UDP.o
                0xa000014c                activeUDPSocket
                0xa000014e                UDPTxCount
                0xa0000150                UDPRxCount
 *fill*         0xa0000152        0x2 00
 .scommon       0xa0000154        0x4 build/FT/production/_ext/867694782/ETHPIC32ExtPhy.o
                0xa0000154                _PhyAdd
 .scommon       0xa0000158        0xc build/FT/production/_ext/1472/main.o
                0xa0000158                MyHodoCrate
                0xa000015c                AN0String
                0xa0000164                _sbss_end = .

.bss            0xa0000164      0x4cc
 *(.dynbss)
 *(COMMON)
 COMMON         0xa0000164        0xa build/FT/production/_ext/867694782/StackTsk.o
                0xa0000164                remoteNode
 *fill*         0xa000016e        0x2 00
 COMMON         0xa0000170       0x8c build/FT/production/_ext/867694782/UDP.o
                0xa0000170                UDPSocketInfo
 COMMON         0xa00001fc      0x433 build/FT/production/_ext/1472/main.o
                0xa00001fc                CurSettings
                0xa00003fc                FirmSettings
                0xa00005fc                AppConfig
                0xa0000630                . = ALIGN (0x4)
 *fill*         0xa000062f        0x1 00
                0xa0000630                . = ALIGN (0x4)
                0xa0000630                _end = .
                0xa0000630                _bss_end = .
                0x00020000                _bmxdudba_address = 0x20000
                0x00020000                _bmxdupba_address = 0x20000

/DISCARD/
 *(.pdr)
 *(.reginfo)
 *(.rel.dyn)
 *(.note.GNU-stack)
 *(.note.GNU-stack)
 *(.gnu_debuglink)
 *(.gnu.lto_*)
 *(.discard)

.stab
 *(.stab)

.stabstr
 *(.stabstr)

.stab.excl
 *(.stab.excl)

.stab.exclstr
 *(.stab.exclstr)

.stab.index
 *(.stab.index)

.stab.indexstr
 *(.stab.indexstr)

.comment        0x00000000      0x382
 *(.comment)
 .comment       0x00000000       0x51 build/FT/production/_ext/100901378/WFScan.o
                                 0x52 (size before relaxing)
 .comment       0x00000000       0x52 build/FT/production/_ext/100901378/WF_Spi.o
 .comment       0x00000000       0x52 build/FT/production/_ext/100901378/WFEasyConfig.o
 .comment       0x00000000       0x52 build/FT/production/_ext/100901378/WFConsole.o
 .comment       0x00000000       0x52 build/FT/production/_ext/100901378/WF_Eint.o
 .comment       0x00000000       0x52 build/FT/production/_ext/100901378/WFConnectionManager.o
 .comment       0x00000000       0x52 build/FT/production/_ext/100901378/WFPowerSave.o
 .comment       0x00000000       0x52 build/FT/production/_ext/100901378/WFParamMsg.o
 .comment       0x00000000       0x52 build/FT/production/_ext/100901378/WFConnectionProfile.o
 .comment       0x00000000       0x52 build/FT/production/_ext/100901378/WFDriverRaw.o
 .comment       0x00000000       0x52 build/FT/production/_ext/100901378/WFConsoleIwpriv.o
 .comment       0x00000000       0x52 build/FT/production/_ext/100901378/WFTxPower.o
 .comment       0x00000000       0x52 build/FT/production/_ext/100901378/WFInit.o
 .comment       0x00000000       0x52 build/FT/production/_ext/100901378/WFDriverCom.o
 .comment       0x00000000       0x52 build/FT/production/_ext/100901378/WFConsoleMsgHandler.o
 .comment       0x00000000       0x52 build/FT/production/_ext/100901378/WFEventHandler.o
 .comment       0x00000000       0x52 build/FT/production/_ext/100901378/WFConsoleIwconfig.o
 .comment       0x00000000       0x52 build/FT/production/_ext/100901378/WFConsoleIfconfig.o
 .comment       0x00000000       0x52 build/FT/production/_ext/100901378/WFConnectionAlgorithm.o
 .comment       0x00000000       0x52 build/FT/production/_ext/100901378/WFMac.o
 .comment       0x00000000       0x52 build/FT/production/_ext/100901378/WFDataTxRx.o
 .comment       0x00000000       0x52 build/FT/production/_ext/100901378/WFMgmtMsg.o
 .comment       0x00000000       0x52 build/FT/production/_ext/100901378/WFConsoleMsgs.o
 .comment       0x00000000       0x52 build/FT/production/_ext/867694782/TFTPc.o
 .comment       0x00000000       0x52 build/FT/production/_ext/867694782/Announce.o
 .comment       0x00000000       0x52 build/FT/production/_ext/867694782/CAN2TCPBridge.o
 .comment       0x00000000       0x52 build/FT/production/_ext/867694782/FTP.o
 .comment       0x00000000       0x52 build/FT/production/_ext/867694782/ENC28J60.o
 .comment       0x00000000       0x52 build/FT/production/_ext/867694782/SPIRAM.o
 .comment       0x00000000       0x52 build/FT/production/_ext/867694782/SNMP.o
 .comment       0x00000000       0x52 build/FT/production/_ext/867694782/Hashes.o
 .comment       0x00000000       0x52 build/FT/production/_ext/867694782/LCDBlocking.o
 .comment       0x00000000       0x52 build/FT/production/_ext/867694782/StackTsk.o
 .comment       0x00000000       0x52 build/FT/production/_ext/867694782/ARP.o
 .comment       0x00000000       0x52 build/FT/production/_ext/867694782/HTTP.o
 .comment       0x00000000       0x52 build/FT/production/_ext/867694782/SNTP.o
 .comment       0x00000000       0x52 build/FT/production/_ext/867694782/RSA.o
 .comment       0x00000000       0x52 build/FT/production/_ext/867694782/UART.o
 .comment       0x00000000       0x52 build/FT/production/_ext/867694782/ZeroconfHelper.o
 .comment       0x00000000       0x52 build/FT/production/_ext/867694782/HTTP2.o
 .comment       0x00000000       0x52 build/FT/production/_ext/867694782/ZeroconfMulticastDNS.o
 .comment       0x00000000       0x52 build/FT/production/_ext/867694782/NBNS.o
 .comment       0x00000000       0x52 build/FT/production/_ext/867694782/ENCX24J600.o
 .comment       0x00000000       0x52 build/FT/production/_ext/867694782/BerkeleyAPI.o
 .comment       0x00000000       0x52 build/FT/production/_ext/867694782/TCPPerformanceTest.o
 .comment       0x00000000       0x52 build/FT/production/_ext/867694782/UART2TCPBridge.o
 .comment       0x00000000       0x52 build/FT/production/_ext/867694782/AutoIP.o
 .comment       0x00000000       0x52 build/FT/production/_ext/867694782/DHCPs.o
 .comment       0x00000000       0x52 build/FT/production/_ext/867694782/DHCP.o
 .comment       0x00000000       0x52 build/FT/production/_ext/867694782/Reboot.o
 .comment       0x00000000       0x52 build/FT/production/_ext/867694782/SPIEEPROM.o
 .comment       0x00000000       0x52 build/FT/production/_ext/867694782/SSL.o
 .comment       0x00000000       0x52 build/FT/production/_ext/867694782/Delay.o
 .comment       0x00000000       0x52 build/FT/production/_ext/867694782/SPIFlash.o
 .comment       0x00000000       0x52 build/FT/production/_ext/867694782/DNSs.o
 .comment       0x00000000       0x52 build/FT/production/_ext/867694782/BigInt.o
 .comment       0x00000000       0x52 build/FT/production/_ext/867694782/UDP.o
 .comment       0x00000000       0x52 build/FT/production/_ext/867694782/DNS.o
 .comment       0x00000000       0x52 build/FT/production/_ext/867694782/ICMP.o
 .comment       0x00000000       0x52 build/FT/production/_ext/867694782/ETHPIC32IntMac.o
 .comment       0x00000000       0x52 build/FT/production/_ext/867694782/ETH97J60.o
 .comment       0x00000000       0x52 build/FT/production/_ext/867694782/Helpers.o
 .comment       0x00000000       0x52 build/FT/production/_ext/867694782/ZeroconfLinkLocal.o
 .comment       0x00000000       0x52 build/FT/production/_ext/867694782/IP.o
 .comment       0x00000000       0x52 build/FT/production/_ext/867694782/TCP.o
 .comment       0x00000000       0x52 build/FT/production/_ext/867694782/ETHPIC32ExtPhyDP83848.o
 .comment       0x00000000       0x52 build/FT/production/_ext/867694782/SMTP.o
 .comment       0x00000000       0x52 build/FT/production/_ext/867694782/Tick.o
 .comment       0x00000000       0x52 build/FT/production/_ext/867694782/Telnet.o
 .comment       0x00000000       0x52 build/FT/production/_ext/867694782/ETHPIC32ExtPhy.o
 .comment       0x00000000       0x52 build/FT/production/_ext/867694782/Random.o
 .comment       0x00000000       0x52 build/FT/production/_ext/867694782/MPFS.o
 .comment       0x00000000       0x52 build/FT/production/_ext/867694782/MPFS2.o
 .comment       0x00000000       0x52 build/FT/production/_ext/867694782/DynDNS.o
 .comment       0x00000000       0x52 build/FT/production/_ext/867694782/UDPPerformanceTest.o
 .comment       0x00000000       0x52 build/FT/production/_ext/867694782/ARCFOUR.o
 .comment       0x00000000       0x52 build/FT/production/_ext/1472/i2c_support.o
 .comment       0x00000000       0x52 build/FT/production/_ext/1472/main.o
 .comment       0x00000000       0x52 build/FT/production/_ext/1472/MyTFTP.o
 .comment       0x00000000       0x52 build/FT/production/_ext/1472/Settings.o
 .comment       0x00000000       0x52 build/FT/production/_ext/1472/HodoCrate.o
 .comment       0x00000000       0x52 build/FT/production/_ext/1472/BerkeleyTCPServerDemo.o
 .comment       0x00000000       0x52 build/FT/production/_ext/1472/PingDemo.o
 .comment       0x00000000       0x52 /opt/microchip/mplabc32/v2.02/bin/../lib/gcc/pic32mx/4.5.1/libgcc.a(_udivdi3.o)
 .comment       0x00000000       0x52 /opt/microchip/mplabc32/v2.02/bin/../lib/gcc/pic32mx/4.5.1/libgcc.a(floatunsisf.o)
 .comment       0x00000051       0x55 /opt/microchip/mplabc32/v2.02/bin/../lib/gcc/pic32mx/4.5.1/../../../../pic32mx/lib/libc.a(memcmp.o)
                                 0x56 (size before relaxing)
 .comment       0x000000a6       0x55 /opt/microchip/mplabc32/v2.02/bin/../lib/gcc/pic32mx/4.5.1/../../../../pic32mx/lib/libc.a(memset.o)
                                 0x56 (size before relaxing)
 .comment       0x000000fb       0x55 /opt/microchip/mplabc32/v2.02/bin/../lib/gcc/pic32mx/4.5.1/../../../../pic32mx/lib/libc.a(strcmp.o)
                                 0x56 (size before relaxing)
 .comment       0x00000150       0x55 /opt/microchip/mplabc32/v2.02/bin/../lib/gcc/pic32mx/4.5.1/../../../../pic32mx/lib/libc.a(strcpy.o)
                                 0x56 (size before relaxing)
 .comment       0x000001a5       0x55 /opt/microchip/mplabc32/v2.02/bin/../lib/gcc/pic32mx/4.5.1/../../../../pic32mx/lib/libc.a(strlen.o)
                                 0x56 (size before relaxing)
 .comment       0x00000000       0x52 /opt/microchip/mplabc32/v2.02/bin/../lib/gcc/pic32mx/4.5.1/../../../../pic32mx/lib/libc.a(atoi.o)
 .comment       0x000001fa       0x4e /opt/microchip/mplabc32/v2.02/bin/../lib/gcc/pic32mx/4.5.1/../../../../pic32mx/lib/libc.a(ctype.o)
                                 0xa0 (size before relaxing)
 .comment       0x00000000       0x52 /opt/microchip/mplabc32/v2.02/bin/../lib/gcc/pic32mx/4.5.1/../../../../pic32mx/lib/libc.a(malloc.o)
 .comment       0x00000000       0x52 /opt/microchip/mplabc32/v2.02/bin/../lib/gcc/pic32mx/4.5.1/../../../../pic32mx/lib/libc.a(rand.o)
 .comment       0x00000000       0x52 /opt/microchip/mplabc32/v2.02/bin/../lib/gcc/pic32mx/4.5.1/../../../../pic32mx/lib/libc.a(strtok.o)
 .comment       0x00000000       0x52 /opt/microchip/mplabc32/v2.02/bin/../lib/gcc/pic32mx/4.5.1/../../../../pic32mx/lib/libc.a(sprintf_cdfFnopsuxX.eo)
 .comment       0x00000248       0x4b /opt/microchip/mplabc32/v2.02/bin/../lib/gcc/pic32mx/4.5.1/../../../../pic32mx/lib/libc.a(sbrk.o)
                                 0x9d (size before relaxing)
 .comment       0x00000000       0x52 /opt/microchip/mplabc32/v2.02/bin/../lib/gcc/pic32mx/4.5.1/../../../../pic32mx/lib/libc.a(default-bootstrap-exception-handler.o)
 .comment       0x00000000       0x52 /opt/microchip/mplabc32/v2.02/bin/../lib/gcc/pic32mx/4.5.1/../../../../pic32mx/lib/libc.a(default-on-reset.o)
 .comment       0x00000000       0x52 /opt/microchip/mplabc32/v2.02/bin/../lib/gcc/pic32mx/4.5.1/../../../../pic32mx/lib/libc.a(default-on-bootstrap.o)
 .comment       0x00000000       0x52 /opt/microchip/mplabc32/v2.02/bin/../lib/gcc/pic32mx/4.5.1/../../../../pic32mx/lib/libc.a(errno.o)
 .comment       0x00000000       0x52 /opt/microchip/mplabc32/v2.02/bin/../lib/gcc/pic32mx/4.5.1/../../../../pic32mx/lib/libc.a(strcspn.o)
 .comment       0x00000000       0x52 /opt/microchip/mplabc32/v2.02/bin/../lib/gcc/pic32mx/4.5.1/../../../../pic32mx/lib/libc.a(strspn.o)
 .comment       0x00000000       0x52 /opt/microchip/mplabc32/v2.02/bin/../lib/gcc/pic32mx/4.5.1/../../../../pic32mx/lib/libc.a(doprnt_cdfFnopsuxX.eo)
 .comment       0x00000000       0x52 /opt/microchip/mplabc32/v2.02/bin/../lib/gcc/pic32mx/4.5.1/../../../../pic32mx/lib/libc.a(_fputc_simple.o)
 .comment       0x00000000       0x52 /opt/microchip/mplabc32/v2.02/bin/../lib/gcc/pic32mx/4.5.1/../../../../pic32mx/lib/libc.a(powers.o)
 .comment       0x00000000       0x52 /opt/microchip/mplabc32/v2.02/bin/../lib/gcc/pic32mx/4.5.1/../../../../pic32mx/lib/libc.a(strchr.o)
 .comment       0x00000000       0x52 /opt/microchip/mplabc32/v2.02/bin/../lib/gcc/pic32mx/4.5.1/../../../../pic32mx/lib/libc.a(write.o)
 .comment       0x00000000       0x52 /opt/microchip/mplabc32/v2.02/bin/../lib/gcc/pic32mx/4.5.1/../../../../pic32mx/lib/libc.a(_iob.o)
 .comment       0x00000000       0x52 /opt/microchip/mplabc32/v2.02/bin/../lib/gcc/pic32mx/4.5.1/../../../../pic32mx/lib/libc.a(_flsbuf_simple.o)
 .comment       0x00000000       0x52 /opt/microchip/mplabc32/v2.02/bin/../lib/gcc/pic32mx/4.5.1/../../../../pic32mx/lib/libc.a(_mon_putc.o)
 .comment       0x00000000       0x52 /opt/microchip/mplabc32/v2.02/bin/../lib/gcc/pic32mx/4.5.1/../../../../pic32mx/lib/libc.a(c32_uart.o)
 .comment       0x00000293       0x9e /opt/microchip/mplabc32/v2.02/bin/../lib/gcc/pic32mx/4.5.1/../../../../pic32mx/lib/libe.a(_floatdisf.o)
                                 0xf0 (size before relaxing)
 .comment       0x00000331       0x51 /opt/microchip/mplabc32/v2.02/bin/../lib/gcc/pic32mx/4.5.1/../../../../pic32mx/lib/libmchp_peripheral.a(read_core_timer_lib.o)
                                 0x52 (size before relaxing)
 .comment       0x00000000       0x52 /opt/microchip/mplabc32/v2.02/bin/../lib/gcc/pic32mx/4.5.1/../../../../pic32mx/lib/libmchp_peripheral_32MX795F512L.a(eth_ack_packet_lib.o)
 .comment       0x00000000       0x52 /opt/microchip/mplabc32/v2.02/bin/../lib/gcc/pic32mx/4.5.1/../../../../pic32mx/lib/libmchp_peripheral_32MX795F512L.a(eth_descriptors_add_lib.o)
 .comment       0x00000000       0x52 /opt/microchip/mplabc32/v2.02/bin/../lib/gcc/pic32mx/4.5.1/../../../../pic32mx/lib/libmchp_peripheral_32MX795F512L.a(eth_init_lib.o)
 .comment       0x00000000       0x52 /opt/microchip/mplabc32/v2.02/bin/../lib/gcc/pic32mx/4.5.1/../../../../pic32mx/lib/libmchp_peripheral_32MX795F512L.a(eth_mac_open_lib.o)
 .comment       0x00000000       0x52 /opt/microchip/mplabc32/v2.02/bin/../lib/gcc/pic32mx/4.5.1/../../../../pic32mx/lib/libmchp_peripheral_32MX795F512L.a(eth_mac_set_address_max_lib.o)
 .comment       0x00000000       0x52 /opt/microchip/mplabc32/v2.02/bin/../lib/gcc/pic32mx/4.5.1/../../../../pic32mx/lib/libmchp_peripheral_32MX795F512L.a(eth_rx_buffers_append_lib.o)
 .comment       0x00000000       0x52 /opt/microchip/mplabc32/v2.02/bin/../lib/gcc/pic32mx/4.5.1/../../../../pic32mx/lib/libmchp_peripheral_32MX795F512L.a(eth_rx_filters_lib.o)
 .comment       0x00000000       0x52 /opt/microchip/mplabc32/v2.02/bin/../lib/gcc/pic32mx/4.5.1/../../../../pic32mx/lib/libmchp_peripheral_32MX795F512L.a(eth_rx_get_packet_lib.o)
 .comment       0x00000000       0x52 /opt/microchip/mplabc32/v2.02/bin/../lib/gcc/pic32mx/4.5.1/../../../../pic32mx/lib/libmchp_peripheral_32MX795F512L.a(eth_rx_set_buffer_size_lib.o)
 .comment       0x00000000       0x52 /opt/microchip/mplabc32/v2.02/bin/../lib/gcc/pic32mx/4.5.1/../../../../pic32mx/lib/libmchp_peripheral_32MX795F512L.a(eth_tx_packet_lib.o)
 .comment       0x00000000       0x52 /opt/microchip/mplabc32/v2.02/bin/../lib/gcc/pic32mx/4.5.1/../../../../pic32mx/lib/libmchp_peripheral_32MX795F512L.a(_eth_append_busy_list_lib.o)
 .comment       0x00000000       0x52 /opt/microchip/mplabc32/v2.02/bin/../lib/gcc/pic32mx/4.5.1/../../../../pic32mx/lib/libmchp_peripheral_32MX795F512L.a(eth_miim_access.o)
 .comment       0x00000000       0x52 /opt/microchip/mplabc32/v2.02/bin/../lib/gcc/pic32mx/4.5.1/../../../../pic32mx/lib/libmchp_peripheral_32MX795F512L.a(eth_miim_legacy.o)
 .comment       0x00000000       0x52 /opt/microchip/mplabc32/v2.02/bin/../lib/gcc/pic32mx/4.5.1/../../../../pic32mx/lib/libmchp_peripheral_32MX795F512L.a(soft_reset_lib.o)
 .comment       0x00000000       0x52 /opt/microchip/mplabc32/v2.02/bin/../lib/gcc/pic32mx/4.5.1/../../../../pic32mx/lib/libmchp_peripheral_32MX795F512L.a(pcache.o)
 .comment       0x00000000       0x52 /opt/microchip/mplabc32/v2.02/bin/../lib/gcc/pic32mx/4.5.1/../../../../pic32mx/lib/libmchp_peripheral_32MX795F512L.a(int_disable_interrupts_lib.o)
 .comment       0x00000000       0x52 /opt/microchip/mplabc32/v2.02/bin/../lib/gcc/pic32mx/4.5.1/../../../../pic32mx/lib/libmchp_peripheral_32MX795F512L.a(int_restore_interrupts_lib.o)
 .comment       0x00000000       0x52 /opt/microchip/mplabc32/v2.02/bin/../lib/gcc/pic32mx/4.5.1/../../../../pic32mx/lib/libmchp_peripheral_32MX795F512L.a(int_enable_mv_int_lib.o)
 .comment       0x00000000       0x52 /opt/microchip/mplabc32/v2.02/bin/../lib/gcc/pic32mx/4.5.1/../../../../pic32mx/lib/libmchp_peripheral_32MX795F512L.a(int_tbl_lib.o)
 .comment       0x00000000       0x52 /opt/microchip/mplabc32/v2.02/bin/../lib/gcc/pic32mx/4.5.1/../../../../pic32mx/lib/libmchp_peripheral_32MX795F512L.a(nvm_erase_page_lib.o)
 .comment       0x00000000       0x52 /opt/microchip/mplabc32/v2.02/bin/../lib/gcc/pic32mx/4.5.1/../../../../pic32mx/lib/libmchp_peripheral_32MX795F512L.a(nvm_operation_lib.o)
 .comment       0x00000000       0x52 /opt/microchip/mplabc32/v2.02/bin/../lib/gcc/pic32mx/4.5.1/../../../../pic32mx/lib/libmchp_peripheral_32MX795F512L.a(nvm_write_row_lib.o)
 .comment       0x00000000       0x52 /opt/microchip/mplabc32/v2.02/bin/../lib/gcc/pic32mx/4.5.1/../../../../pic32mx/lib/libmchp_peripheral_32MX795F512L.a(port_set_pins_digital_in_lib.o)
 .comment       0x00000000       0x52 /opt/microchip/mplabc32/v2.02/bin/../lib/gcc/pic32mx/4.5.1/../../../../pic32mx/lib/libmchp_peripheral_32MX795F512L.a(port_set_pins_digital_out_lib.o)
 .comment       0x00000000       0x52 /opt/microchip/mplabc32/v2.02/bin/../lib/gcc/pic32mx/4.5.1/../../../../pic32mx/lib/libmchp_peripheral_32MX795F512L.a(_ports_tbl_libp.o)
 .comment       0x00000000       0x52 /opt/microchip/mplabc32/v2.02/bin/../lib/gcc/pic32mx/4.5.1/../../../../pic32mx/lib/libmchp_peripheral_32MX795F512L.a(I2CAcknowledgeByte.o)
 .comment       0x00000000       0x52 /opt/microchip/mplabc32/v2.02/bin/../lib/gcc/pic32mx/4.5.1/../../../../pic32mx/lib/libmchp_peripheral_32MX795F512L.a(I2CBusIsIdle.o)
 .comment       0x00000000       0x52 /opt/microchip/mplabc32/v2.02/bin/../lib/gcc/pic32mx/4.5.1/../../../../pic32mx/lib/libmchp_peripheral_32MX795F512L.a(I2CByteWasAcknowledged.o)
 .comment       0x00000000       0x52 /opt/microchip/mplabc32/v2.02/bin/../lib/gcc/pic32mx/4.5.1/../../../../pic32mx/lib/libmchp_peripheral_32MX795F512L.a(I2CClearStatus.o)
 .comment       0x00000000       0x52 /opt/microchip/mplabc32/v2.02/bin/../lib/gcc/pic32mx/4.5.1/../../../../pic32mx/lib/libmchp_peripheral_32MX795F512L.a(I2CConfigure.o)
 .comment       0x00000000       0x52 /opt/microchip/mplabc32/v2.02/bin/../lib/gcc/pic32mx/4.5.1/../../../../pic32mx/lib/libmchp_peripheral_32MX795F512L.a(I2CEnable.o)
 .comment       0x00000000       0x52 /opt/microchip/mplabc32/v2.02/bin/../lib/gcc/pic32mx/4.5.1/../../../../pic32mx/lib/libmchp_peripheral_32MX795F512L.a(I2CGetByte.o)
 .comment       0x00000000       0x52 /opt/microchip/mplabc32/v2.02/bin/../lib/gcc/pic32mx/4.5.1/../../../../pic32mx/lib/libmchp_peripheral_32MX795F512L.a(I2CGetStatus.o)
 .comment       0x00000000       0x52 /opt/microchip/mplabc32/v2.02/bin/../lib/gcc/pic32mx/4.5.1/../../../../pic32mx/lib/libmchp_peripheral_32MX795F512L.a(I2CReceivedDataIsAvailable.o)
 .comment       0x00000000       0x52 /opt/microchip/mplabc32/v2.02/bin/../lib/gcc/pic32mx/4.5.1/../../../../pic32mx/lib/libmchp_peripheral_32MX795F512L.a(I2CReceiverEnable.o)
 .comment       0x00000000       0x52 /opt/microchip/mplabc32/v2.02/bin/../lib/gcc/pic32mx/4.5.1/../../../../pic32mx/lib/libmchp_peripheral_32MX795F512L.a(I2CRepeatStart.o)
 .comment       0x00000000       0x52 /opt/microchip/mplabc32/v2.02/bin/../lib/gcc/pic32mx/4.5.1/../../../../pic32mx/lib/libmchp_peripheral_32MX795F512L.a(I2CSendByte.o)
 .comment       0x00000000       0x52 /opt/microchip/mplabc32/v2.02/bin/../lib/gcc/pic32mx/4.5.1/../../../../pic32mx/lib/libmchp_peripheral_32MX795F512L.a(I2CSetFrequency.o)
 .comment       0x00000000       0x52 /opt/microchip/mplabc32/v2.02/bin/../lib/gcc/pic32mx/4.5.1/../../../../pic32mx/lib/libmchp_peripheral_32MX795F512L.a(I2CStart.o)
 .comment       0x00000000       0x52 /opt/microchip/mplabc32/v2.02/bin/../lib/gcc/pic32mx/4.5.1/../../../../pic32mx/lib/libmchp_peripheral_32MX795F512L.a(I2CStop.o)
 .comment       0x00000000       0x52 /opt/microchip/mplabc32/v2.02/bin/../lib/gcc/pic32mx/4.5.1/../../../../pic32mx/lib/libmchp_peripheral_32MX795F512L.a(I2CTransmissionHasCompleted.o)
 .comment       0x00000000       0x52 /opt/microchip/mplabc32/v2.02/bin/../lib/gcc/pic32mx/4.5.1/../../../../pic32mx/lib/libmchp_peripheral_32MX795F512L.a(I2CTransmitterIsReady.o)
 .comment       0x00000000       0x52 /opt/microchip/mplabc32/v2.02/bin/../lib/gcc/pic32mx/4.5.1/../../../../pic32mx/lib/libmchp_peripheral_32MX795F512L.a(int_enable_interrupts_lib.o)
 .comment       0x00000000       0x52 /opt/microchip/mplabc32/v2.02/bin/../lib/gcc/pic32mx/4.5.1/../../../../pic32mx/lib/libmchp_peripheral_32MX795F512L.a(I2CPrivate.o)
 .comment       0x00000000       0x52 /opt/microchip/mplabc32/v2.02/bin/../lib/gcc/pic32mx/4.5.1/../../../../pic32mx/lib/libc.a(calloc.o)
 .comment       0x00000000       0x52 /opt/microchip/mplabc32/v2.02/bin/../lib/gcc/pic32mx/4.5.1/libgcc.a(_floatundisf.o)
 .comment       0x00000000       0x52 /opt/microchip/mplabc32/v2.02/bin/../lib/gcc/pic32mx/4.5.1/libgcc.a(_umoddi3.o)

.debug
 *(.debug)

.line
 *(.line)

.debug_srcinfo
 *(.debug_srcinfo)

.debug_sfnames
 *(.debug_sfnames)

.debug_aranges  0x00000000      0xd30
 *(.debug_aranges)
 .debug_aranges
                0x00000000       0x20 build/FT/production/_ext/100901378/WF_Spi.o
 .debug_aranges
                0x00000020       0x20 build/FT/production/_ext/100901378/WF_Eint.o
 .debug_aranges
                0x00000040       0x20 build/FT/production/_ext/100901378/WFDriverRaw.o
 .debug_aranges
                0x00000060       0x20 build/FT/production/_ext/100901378/WFDriverCom.o
 .debug_aranges
                0x00000080       0x20 build/FT/production/_ext/100901378/WFMac.o
 .debug_aranges
                0x000000a0       0x20 build/FT/production/_ext/867694782/TFTPc.o
 .debug_aranges
                0x000000c0       0x20 build/FT/production/_ext/867694782/Announce.o
 .debug_aranges
                0x000000e0       0x20 build/FT/production/_ext/867694782/StackTsk.o
 .debug_aranges
                0x00000100       0x20 build/FT/production/_ext/867694782/ARP.o
 .debug_aranges
                0x00000120       0x20 build/FT/production/_ext/867694782/BerkeleyAPI.o
 .debug_aranges
                0x00000140       0x20 build/FT/production/_ext/867694782/DHCP.o
 .debug_aranges
                0x00000160       0x20 build/FT/production/_ext/867694782/Delay.o
 .debug_aranges
                0x00000180       0x20 build/FT/production/_ext/867694782/UDP.o
 .debug_aranges
                0x000001a0       0x20 build/FT/production/_ext/867694782/ICMP.o
 .debug_aranges
                0x000001c0       0x20 build/FT/production/_ext/867694782/ETHPIC32IntMac.o
 .debug_aranges
                0x000001e0       0x20 build/FT/production/_ext/867694782/Helpers.o
 .debug_aranges
                0x00000200       0x20 build/FT/production/_ext/867694782/IP.o
 .debug_aranges
                0x00000220       0x20 build/FT/production/_ext/867694782/TCP.o
 .debug_aranges
                0x00000240       0x20 build/FT/production/_ext/867694782/ETHPIC32ExtPhyDP83848.o
 .debug_aranges
                0x00000260       0x20 build/FT/production/_ext/867694782/Tick.o
 .debug_aranges
                0x00000280       0x20 build/FT/production/_ext/867694782/ETHPIC32ExtPhy.o
 .debug_aranges
                0x000002a0       0x20 build/FT/production/_ext/1472/i2c_support.o
 .debug_aranges
                0x000002c0       0x20 build/FT/production/_ext/1472/main.o
 .debug_aranges
                0x000002e0       0x20 build/FT/production/_ext/1472/MyTFTP.o
 .debug_aranges
                0x00000300       0x20 build/FT/production/_ext/1472/Settings.o
 .debug_aranges
                0x00000320       0x20 build/FT/production/_ext/1472/HodoCrate.o
 .debug_aranges
                0x00000340       0x20 build/FT/production/_ext/1472/BerkeleyTCPServerDemo.o
 .debug_aranges
                0x00000360       0x20 build/FT/production/_ext/1472/PingDemo.o
 .debug_aranges
                0x00000380       0x20 /opt/microchip/mplabc32/v2.02/bin/../lib/gcc/pic32mx/4.5.1/libgcc.a(_udivdi3.o)
 .debug_aranges
                0x000003a0       0x20 /opt/microchip/mplabc32/v2.02/bin/../lib/gcc/pic32mx/4.5.1/libgcc.a(floatunsisf.o)
 .debug_aranges
                0x000003c0       0x20 /opt/microchip/mplabc32/v2.02/bin/../lib/gcc/pic32mx/4.5.1/../../../../pic32mx/lib/libc.a(atoi.o)
 .debug_aranges
                0x000003e0       0x30 /opt/microchip/mplabc32/v2.02/bin/../lib/gcc/pic32mx/4.5.1/../../../../pic32mx/lib/libc.a(malloc.o)
 .debug_aranges
                0x00000410       0x28 /opt/microchip/mplabc32/v2.02/bin/../lib/gcc/pic32mx/4.5.1/../../../../pic32mx/lib/libc.a(rand.o)
 .debug_aranges
                0x00000438       0x20 /opt/microchip/mplabc32/v2.02/bin/../lib/gcc/pic32mx/4.5.1/../../../../pic32mx/lib/libc.a(strtok.o)
 .debug_aranges
                0x00000458       0x20 /opt/microchip/mplabc32/v2.02/bin/../lib/gcc/pic32mx/4.5.1/../../../../pic32mx/lib/libc.a(sprintf_cdfFnopsuxX.eo)
 .debug_aranges
                0x00000478       0x40 /opt/microchip/mplabc32/v2.02/bin/../lib/gcc/pic32mx/4.5.1/../../../../pic32mx/lib/libc.a(sbrk.o)
 .debug_aranges
                0x000004b8       0x20 /opt/microchip/mplabc32/v2.02/bin/../lib/gcc/pic32mx/4.5.1/../../../../pic32mx/lib/libc.a(default-bootstrap-exception-handler.o)
 .debug_aranges
                0x000004d8       0x20 /opt/microchip/mplabc32/v2.02/bin/../lib/gcc/pic32mx/4.5.1/../../../../pic32mx/lib/libc.a(default-on-reset.o)
 .debug_aranges
                0x000004f8       0x20 /opt/microchip/mplabc32/v2.02/bin/../lib/gcc/pic32mx/4.5.1/../../../../pic32mx/lib/libc.a(default-on-bootstrap.o)
 .debug_aranges
                0x00000518       0x20 /opt/microchip/mplabc32/v2.02/bin/../lib/gcc/pic32mx/4.5.1/../../../../pic32mx/lib/libc.a(strcspn.o)
 .debug_aranges
                0x00000538       0x20 /opt/microchip/mplabc32/v2.02/bin/../lib/gcc/pic32mx/4.5.1/../../../../pic32mx/lib/libc.a(strspn.o)
 .debug_aranges
                0x00000558       0x28 /opt/microchip/mplabc32/v2.02/bin/../lib/gcc/pic32mx/4.5.1/../../../../pic32mx/lib/libc.a(doprnt_cdfFnopsuxX.eo)
 .debug_aranges
                0x00000580       0x20 /opt/microchip/mplabc32/v2.02/bin/../lib/gcc/pic32mx/4.5.1/../../../../pic32mx/lib/libc.a(_fputc_simple.o)
 .debug_aranges
                0x000005a0       0x20 /opt/microchip/mplabc32/v2.02/bin/../lib/gcc/pic32mx/4.5.1/../../../../pic32mx/lib/libc.a(strchr.o)
 .debug_aranges
                0x000005c0       0x20 /opt/microchip/mplabc32/v2.02/bin/../lib/gcc/pic32mx/4.5.1/../../../../pic32mx/lib/libc.a(write.o)
 .debug_aranges
                0x000005e0       0x20 /opt/microchip/mplabc32/v2.02/bin/../lib/gcc/pic32mx/4.5.1/../../../../pic32mx/lib/libc.a(_flsbuf_simple.o)
 .debug_aranges
                0x00000600       0x20 /opt/microchip/mplabc32/v2.02/bin/../lib/gcc/pic32mx/4.5.1/../../../../pic32mx/lib/libc.a(_mon_putc.o)
 .debug_aranges
                0x00000620       0x20 /opt/microchip/mplabc32/v2.02/bin/../lib/gcc/pic32mx/4.5.1/../../../../pic32mx/lib/libe.a(_floatdisf.o)
 .debug_aranges
                0x00000640       0x20 /opt/microchip/mplabc32/v2.02/bin/../lib/gcc/pic32mx/4.5.1/../../../../pic32mx/lib/libmchp_peripheral.a(read_core_timer_lib.o)
 .debug_aranges
                0x00000660       0x48 /opt/microchip/mplabc32/v2.02/bin/../lib/gcc/pic32mx/4.5.1/../../../../pic32mx/lib/libmchp_peripheral_32MX795F512L.a(eth_ack_packet_lib.o)
 .debug_aranges
                0x000006a8       0x28 /opt/microchip/mplabc32/v2.02/bin/../lib/gcc/pic32mx/4.5.1/../../../../pic32mx/lib/libmchp_peripheral_32MX795F512L.a(eth_descriptors_add_lib.o)
 .debug_aranges
                0x000006d0       0x20 /opt/microchip/mplabc32/v2.02/bin/../lib/gcc/pic32mx/4.5.1/../../../../pic32mx/lib/libmchp_peripheral_32MX795F512L.a(eth_init_lib.o)
 .debug_aranges
                0x000006f0       0x20 /opt/microchip/mplabc32/v2.02/bin/../lib/gcc/pic32mx/4.5.1/../../../../pic32mx/lib/libmchp_peripheral_32MX795F512L.a(eth_mac_open_lib.o)
 .debug_aranges
                0x00000710       0x30 /opt/microchip/mplabc32/v2.02/bin/../lib/gcc/pic32mx/4.5.1/../../../../pic32mx/lib/libmchp_peripheral_32MX795F512L.a(eth_mac_set_address_max_lib.o)
 .debug_aranges
                0x00000740       0x20 /opt/microchip/mplabc32/v2.02/bin/../lib/gcc/pic32mx/4.5.1/../../../../pic32mx/lib/libmchp_peripheral_32MX795F512L.a(eth_rx_buffers_append_lib.o)
 .debug_aranges
                0x00000760       0x48 /opt/microchip/mplabc32/v2.02/bin/../lib/gcc/pic32mx/4.5.1/../../../../pic32mx/lib/libmchp_peripheral_32MX795F512L.a(eth_rx_filters_lib.o)
 .debug_aranges
                0x000007a8       0x28 /opt/microchip/mplabc32/v2.02/bin/../lib/gcc/pic32mx/4.5.1/../../../../pic32mx/lib/libmchp_peripheral_32MX795F512L.a(eth_rx_get_packet_lib.o)
 .debug_aranges
                0x000007d0       0x20 /opt/microchip/mplabc32/v2.02/bin/../lib/gcc/pic32mx/4.5.1/../../../../pic32mx/lib/libmchp_peripheral_32MX795F512L.a(eth_rx_set_buffer_size_lib.o)
 .debug_aranges
                0x000007f0       0x48 /opt/microchip/mplabc32/v2.02/bin/../lib/gcc/pic32mx/4.5.1/../../../../pic32mx/lib/libmchp_peripheral_32MX795F512L.a(eth_tx_packet_lib.o)
 .debug_aranges
                0x00000838       0x20 /opt/microchip/mplabc32/v2.02/bin/../lib/gcc/pic32mx/4.5.1/../../../../pic32mx/lib/libmchp_peripheral_32MX795F512L.a(_eth_append_busy_list_lib.o)
 .debug_aranges
                0x00000858       0x48 /opt/microchip/mplabc32/v2.02/bin/../lib/gcc/pic32mx/4.5.1/../../../../pic32mx/lib/libmchp_peripheral_32MX795F512L.a(eth_miim_access.o)
 .debug_aranges
                0x000008a0       0x48 /opt/microchip/mplabc32/v2.02/bin/../lib/gcc/pic32mx/4.5.1/../../../../pic32mx/lib/libmchp_peripheral_32MX795F512L.a(eth_miim_legacy.o)
 .debug_aranges
                0x000008e8       0x20 /opt/microchip/mplabc32/v2.02/bin/../lib/gcc/pic32mx/4.5.1/../../../../pic32mx/lib/libmchp_peripheral_32MX795F512L.a(soft_reset_lib.o)
 .debug_aranges
                0x00000908       0x28 /opt/microchip/mplabc32/v2.02/bin/../lib/gcc/pic32mx/4.5.1/../../../../pic32mx/lib/libmchp_peripheral_32MX795F512L.a(pcache.o)
 .debug_aranges
                0x00000930       0x20 /opt/microchip/mplabc32/v2.02/bin/../lib/gcc/pic32mx/4.5.1/../../../../pic32mx/lib/libmchp_peripheral_32MX795F512L.a(int_disable_interrupts_lib.o)
 .debug_aranges
                0x00000950       0x20 /opt/microchip/mplabc32/v2.02/bin/../lib/gcc/pic32mx/4.5.1/../../../../pic32mx/lib/libmchp_peripheral_32MX795F512L.a(int_restore_interrupts_lib.o)
 .debug_aranges
                0x00000970       0x20 /opt/microchip/mplabc32/v2.02/bin/../lib/gcc/pic32mx/4.5.1/../../../../pic32mx/lib/libmchp_peripheral_32MX795F512L.a(int_enable_mv_int_lib.o)
 .debug_aranges
                0x00000990       0x60 /opt/microchip/mplabc32/v2.02/bin/../lib/gcc/pic32mx/4.5.1/../../../../pic32mx/lib/libmchp_peripheral_32MX795F512L.a(int_tbl_lib.o)
 .debug_aranges
                0x000009f0       0x20 /opt/microchip/mplabc32/v2.02/bin/../lib/gcc/pic32mx/4.5.1/../../../../pic32mx/lib/libmchp_peripheral_32MX795F512L.a(nvm_erase_page_lib.o)
 .debug_aranges
                0x00000a10       0x20 /opt/microchip/mplabc32/v2.02/bin/../lib/gcc/pic32mx/4.5.1/../../../../pic32mx/lib/libmchp_peripheral_32MX795F512L.a(nvm_operation_lib.o)
 .debug_aranges
                0x00000a30       0x20 /opt/microchip/mplabc32/v2.02/bin/../lib/gcc/pic32mx/4.5.1/../../../../pic32mx/lib/libmchp_peripheral_32MX795F512L.a(nvm_write_row_lib.o)
 .debug_aranges
                0x00000a50       0x20 /opt/microchip/mplabc32/v2.02/bin/../lib/gcc/pic32mx/4.5.1/../../../../pic32mx/lib/libmchp_peripheral_32MX795F512L.a(port_set_pins_digital_in_lib.o)
 .debug_aranges
                0x00000a70       0x20 /opt/microchip/mplabc32/v2.02/bin/../lib/gcc/pic32mx/4.5.1/../../../../pic32mx/lib/libmchp_peripheral_32MX795F512L.a(port_set_pins_digital_out_lib.o)
 .debug_aranges
                0x00000a90       0x20 /opt/microchip/mplabc32/v2.02/bin/../lib/gcc/pic32mx/4.5.1/../../../../pic32mx/lib/libmchp_peripheral_32MX795F512L.a(I2CAcknowledgeByte.o)
 .debug_aranges
                0x00000ab0       0x20 /opt/microchip/mplabc32/v2.02/bin/../lib/gcc/pic32mx/4.5.1/../../../../pic32mx/lib/libmchp_peripheral_32MX795F512L.a(I2CBusIsIdle.o)
 .debug_aranges
                0x00000ad0       0x20 /opt/microchip/mplabc32/v2.02/bin/../lib/gcc/pic32mx/4.5.1/../../../../pic32mx/lib/libmchp_peripheral_32MX795F512L.a(I2CByteWasAcknowledged.o)
 .debug_aranges
                0x00000af0       0x20 /opt/microchip/mplabc32/v2.02/bin/../lib/gcc/pic32mx/4.5.1/../../../../pic32mx/lib/libmchp_peripheral_32MX795F512L.a(I2CClearStatus.o)
 .debug_aranges
                0x00000b10       0x20 /opt/microchip/mplabc32/v2.02/bin/../lib/gcc/pic32mx/4.5.1/../../../../pic32mx/lib/libmchp_peripheral_32MX795F512L.a(I2CConfigure.o)
 .debug_aranges
                0x00000b30       0x20 /opt/microchip/mplabc32/v2.02/bin/../lib/gcc/pic32mx/4.5.1/../../../../pic32mx/lib/libmchp_peripheral_32MX795F512L.a(I2CEnable.o)
 .debug_aranges
                0x00000b50       0x20 /opt/microchip/mplabc32/v2.02/bin/../lib/gcc/pic32mx/4.5.1/../../../../pic32mx/lib/libmchp_peripheral_32MX795F512L.a(I2CGetByte.o)
 .debug_aranges
                0x00000b70       0x20 /opt/microchip/mplabc32/v2.02/bin/../lib/gcc/pic32mx/4.5.1/../../../../pic32mx/lib/libmchp_peripheral_32MX795F512L.a(I2CGetStatus.o)
 .debug_aranges
                0x00000b90       0x20 /opt/microchip/mplabc32/v2.02/bin/../lib/gcc/pic32mx/4.5.1/../../../../pic32mx/lib/libmchp_peripheral_32MX795F512L.a(I2CReceivedDataIsAvailable.o)
 .debug_aranges
                0x00000bb0       0x20 /opt/microchip/mplabc32/v2.02/bin/../lib/gcc/pic32mx/4.5.1/../../../../pic32mx/lib/libmchp_peripheral_32MX795F512L.a(I2CReceiverEnable.o)
 .debug_aranges
                0x00000bd0       0x20 /opt/microchip/mplabc32/v2.02/bin/../lib/gcc/pic32mx/4.5.1/../../../../pic32mx/lib/libmchp_peripheral_32MX795F512L.a(I2CRepeatStart.o)
 .debug_aranges
                0x00000bf0       0x20 /opt/microchip/mplabc32/v2.02/bin/../lib/gcc/pic32mx/4.5.1/../../../../pic32mx/lib/libmchp_peripheral_32MX795F512L.a(I2CSendByte.o)
 .debug_aranges
                0x00000c10       0x20 /opt/microchip/mplabc32/v2.02/bin/../lib/gcc/pic32mx/4.5.1/../../../../pic32mx/lib/libmchp_peripheral_32MX795F512L.a(I2CSetFrequency.o)
 .debug_aranges
                0x00000c30       0x20 /opt/microchip/mplabc32/v2.02/bin/../lib/gcc/pic32mx/4.5.1/../../../../pic32mx/lib/libmchp_peripheral_32MX795F512L.a(I2CStart.o)
 .debug_aranges
                0x00000c50       0x20 /opt/microchip/mplabc32/v2.02/bin/../lib/gcc/pic32mx/4.5.1/../../../../pic32mx/lib/libmchp_peripheral_32MX795F512L.a(I2CStop.o)
 .debug_aranges
                0x00000c70       0x20 /opt/microchip/mplabc32/v2.02/bin/../lib/gcc/pic32mx/4.5.1/../../../../pic32mx/lib/libmchp_peripheral_32MX795F512L.a(I2CTransmissionHasCompleted.o)
 .debug_aranges
                0x00000c90       0x20 /opt/microchip/mplabc32/v2.02/bin/../lib/gcc/pic32mx/4.5.1/../../../../pic32mx/lib/libmchp_peripheral_32MX795F512L.a(I2CTransmitterIsReady.o)
 .debug_aranges
                0x00000cb0       0x20 /opt/microchip/mplabc32/v2.02/bin/../lib/gcc/pic32mx/4.5.1/../../../../pic32mx/lib/libmchp_peripheral_32MX795F512L.a(int_enable_interrupts_lib.o)
 .debug_aranges
                0x00000cd0       0x20 /opt/microchip/mplabc32/v2.02/bin/../lib/gcc/pic32mx/4.5.1/../../../../pic32mx/lib/libc.a(calloc.o)
 .debug_aranges
                0x00000cf0       0x20 /opt/microchip/mplabc32/v2.02/bin/../lib/gcc/pic32mx/4.5.1/libgcc.a(_floatundisf.o)
 .debug_aranges
                0x00000d10       0x20 /opt/microchip/mplabc32/v2.02/bin/../lib/gcc/pic32mx/4.5.1/libgcc.a(_umoddi3.o)

.debug_pubnames
                0x00000000     0x1d01
 *(.debug_pubnames)
 .debug_pubnames
                0x00000000       0x29 build/FT/production/_ext/100901378/WF_Spi.o
 .debug_pubnames
                0x00000029       0x2a build/FT/production/_ext/100901378/WF_Eint.o
 .debug_pubnames
                0x00000053       0x2a build/FT/production/_ext/100901378/WFDriverRaw.o
 .debug_pubnames
                0x0000007d       0x2c build/FT/production/_ext/100901378/WFDriverCom.o
 .debug_pubnames
                0x000000a9       0x26 build/FT/production/_ext/100901378/WFMac.o
 .debug_pubnames
                0x000000cf       0xda build/FT/production/_ext/867694782/TFTPc.o
 .debug_pubnames
                0x000001a9       0x33 build/FT/production/_ext/867694782/Announce.o
 .debug_pubnames
                0x000001dc       0x53 build/FT/production/_ext/867694782/StackTsk.o
 .debug_pubnames
                0x0000022f       0x72 build/FT/production/_ext/867694782/ARP.o
 .debug_pubnames
                0x000002a1       0xa9 build/FT/production/_ext/867694782/BerkeleyAPI.o
 .debug_pubnames
                0x0000034a       0xb9 build/FT/production/_ext/867694782/DHCP.o
 .debug_pubnames
                0x00000403       0x2c build/FT/production/_ext/867694782/Delay.o
 .debug_pubnames
                0x0000042f      0x143 build/FT/production/_ext/867694782/UDP.o
 .debug_pubnames
                0x00000572       0x68 build/FT/production/_ext/867694782/ICMP.o
 .debug_pubnames
                0x000005da      0x213 build/FT/production/_ext/867694782/ETHPIC32IntMac.o
 .debug_pubnames
                0x000007ed       0xf8 build/FT/production/_ext/867694782/Helpers.o
 .debug_pubnames
                0x000008e5       0x44 build/FT/production/_ext/867694782/IP.o
 .debug_pubnames
                0x00000929      0x1ba build/FT/production/_ext/867694782/TCP.o
 .debug_pubnames
                0x00000ae3       0x6b build/FT/production/_ext/867694782/ETHPIC32ExtPhyDP83848.o
 .debug_pubnames
                0x00000b4e       0x7e build/FT/production/_ext/867694782/Tick.o
 .debug_pubnames
                0x00000bcc       0xf5 build/FT/production/_ext/867694782/ETHPIC32ExtPhy.o
 .debug_pubnames
                0x00000cc1       0xdc build/FT/production/_ext/1472/i2c_support.o
 .debug_pubnames
                0x00000d9d       0x9f build/FT/production/_ext/1472/main.o
 .debug_pubnames
                0x00000e3c       0x32 build/FT/production/_ext/1472/MyTFTP.o
 .debug_pubnames
                0x00000e6e       0x8e build/FT/production/_ext/1472/Settings.o
 .debug_pubnames
                0x00000efc      0x10c build/FT/production/_ext/1472/HodoCrate.o
 .debug_pubnames
                0x00001008       0x2c build/FT/production/_ext/1472/BerkeleyTCPServerDemo.o
 .debug_pubnames
                0x00001034       0x1f build/FT/production/_ext/1472/PingDemo.o
 .debug_pubnames
                0x00001053       0x20 /opt/microchip/mplabc32/v2.02/bin/../lib/gcc/pic32mx/4.5.1/libgcc.a(_udivdi3.o)
 .debug_pubnames
                0x00001073       0x24 /opt/microchip/mplabc32/v2.02/bin/../lib/gcc/pic32mx/4.5.1/libgcc.a(floatunsisf.o)
 .debug_pubnames
                0x00001097       0x1b /opt/microchip/mplabc32/v2.02/bin/../lib/gcc/pic32mx/4.5.1/../../../../pic32mx/lib/libc.a(atoi.o)
 .debug_pubnames
                0x000010b2       0x32 /opt/microchip/mplabc32/v2.02/bin/../lib/gcc/pic32mx/4.5.1/../../../../pic32mx/lib/libc.a(malloc.o)
 .debug_pubnames
                0x000010e4       0x25 /opt/microchip/mplabc32/v2.02/bin/../lib/gcc/pic32mx/4.5.1/../../../../pic32mx/lib/libc.a(rand.o)
 .debug_pubnames
                0x00001109       0x1d /opt/microchip/mplabc32/v2.02/bin/../lib/gcc/pic32mx/4.5.1/../../../../pic32mx/lib/libc.a(strtok.o)
 .debug_pubnames
                0x00001126       0x2b /opt/microchip/mplabc32/v2.02/bin/../lib/gcc/pic32mx/4.5.1/../../../../pic32mx/lib/libc.a(sprintf_cdfFnopsuxX.eo)
 .debug_pubnames
                0x00001151       0x5c /opt/microchip/mplabc32/v2.02/bin/../lib/gcc/pic32mx/4.5.1/../../../../pic32mx/lib/libc.a(sbrk.o)
 .debug_pubnames
                0x000011ad       0x33 /opt/microchip/mplabc32/v2.02/bin/../lib/gcc/pic32mx/4.5.1/../../../../pic32mx/lib/libc.a(default-bootstrap-exception-handler.o)
 .debug_pubnames
                0x000011e0       0x20 /opt/microchip/mplabc32/v2.02/bin/../lib/gcc/pic32mx/4.5.1/../../../../pic32mx/lib/libc.a(default-on-reset.o)
 .debug_pubnames
                0x00001200       0x24 /opt/microchip/mplabc32/v2.02/bin/../lib/gcc/pic32mx/4.5.1/../../../../pic32mx/lib/libc.a(default-on-bootstrap.o)
 .debug_pubnames
                0x00001224       0x1e /opt/microchip/mplabc32/v2.02/bin/../lib/gcc/pic32mx/4.5.1/../../../../pic32mx/lib/libc.a(strcspn.o)
 .debug_pubnames
                0x00001242       0x1d /opt/microchip/mplabc32/v2.02/bin/../lib/gcc/pic32mx/4.5.1/../../../../pic32mx/lib/libc.a(strspn.o)
 .debug_pubnames
                0x0000125f       0x2c /opt/microchip/mplabc32/v2.02/bin/../lib/gcc/pic32mx/4.5.1/../../../../pic32mx/lib/libc.a(doprnt_cdfFnopsuxX.eo)
 .debug_pubnames
                0x0000128b       0x1c /opt/microchip/mplabc32/v2.02/bin/../lib/gcc/pic32mx/4.5.1/../../../../pic32mx/lib/libc.a(_fputc_simple.o)
 .debug_pubnames
                0x000012a7       0x1d /opt/microchip/mplabc32/v2.02/bin/../lib/gcc/pic32mx/4.5.1/../../../../pic32mx/lib/libc.a(strchr.o)
 .debug_pubnames
                0x000012c4       0x1c /opt/microchip/mplabc32/v2.02/bin/../lib/gcc/pic32mx/4.5.1/../../../../pic32mx/lib/libc.a(write.o)
 .debug_pubnames
                0x000012e0       0x1e /opt/microchip/mplabc32/v2.02/bin/../lib/gcc/pic32mx/4.5.1/../../../../pic32mx/lib/libc.a(_flsbuf_simple.o)
 .debug_pubnames
                0x000012fe       0x20 /opt/microchip/mplabc32/v2.02/bin/../lib/gcc/pic32mx/4.5.1/../../../../pic32mx/lib/libc.a(_mon_putc.o)
 .debug_pubnames
                0x0000131e       0x22 /opt/microchip/mplabc32/v2.02/bin/../lib/gcc/pic32mx/4.5.1/../../../../pic32mx/lib/libe.a(_floatdisf.o)
 .debug_pubnames
                0x00001340       0x24 /opt/microchip/mplabc32/v2.02/bin/../lib/gcc/pic32mx/4.5.1/../../../../pic32mx/lib/libmchp_peripheral.a(read_core_timer_lib.o)
 .debug_pubnames
                0x00001364       0x80 /opt/microchip/mplabc32/v2.02/bin/../lib/gcc/pic32mx/4.5.1/../../../../pic32mx/lib/libmchp_peripheral_32MX795F512L.a(eth_ack_packet_lib.o)
 .debug_pubnames
                0x000013e4       0x42 /opt/microchip/mplabc32/v2.02/bin/../lib/gcc/pic32mx/4.5.1/../../../../pic32mx/lib/libmchp_peripheral_32MX795F512L.a(eth_descriptors_add_lib.o)
 .debug_pubnames
                0x00001426       0x1e /opt/microchip/mplabc32/v2.02/bin/../lib/gcc/pic32mx/4.5.1/../../../../pic32mx/lib/libmchp_peripheral_32MX795F512L.a(eth_init_lib.o)
 .debug_pubnames
                0x00001444       0x21 /opt/microchip/mplabc32/v2.02/bin/../lib/gcc/pic32mx/4.5.1/../../../../pic32mx/lib/libmchp_peripheral_32MX795F512L.a(eth_mac_open_lib.o)
 .debug_pubnames
                0x00001465       0x52 /opt/microchip/mplabc32/v2.02/bin/../lib/gcc/pic32mx/4.5.1/../../../../pic32mx/lib/libmchp_peripheral_32MX795F512L.a(eth_mac_set_address_max_lib.o)
 .debug_pubnames
                0x000014b7       0x29 /opt/microchip/mplabc32/v2.02/bin/../lib/gcc/pic32mx/4.5.1/../../../../pic32mx/lib/libmchp_peripheral_32MX795F512L.a(eth_rx_buffers_append_lib.o)
 .debug_pubnames
                0x000014e0       0x92 /opt/microchip/mplabc32/v2.02/bin/../lib/gcc/pic32mx/4.5.1/../../../../pic32mx/lib/libmchp_peripheral_32MX795F512L.a(eth_rx_filters_lib.o)
 .debug_pubnames
                0x00001572       0x38 /opt/microchip/mplabc32/v2.02/bin/../lib/gcc/pic32mx/4.5.1/../../../../pic32mx/lib/libmchp_peripheral_32MX795F512L.a(eth_rx_get_packet_lib.o)
 .debug_pubnames
                0x000015aa       0x29 /opt/microchip/mplabc32/v2.02/bin/../lib/gcc/pic32mx/4.5.1/../../../../pic32mx/lib/libmchp_peripheral_32MX795F512L.a(eth_rx_set_buffer_size_lib.o)
 .debug_pubnames
                0x000015d3       0x66 /opt/microchip/mplabc32/v2.02/bin/../lib/gcc/pic32mx/4.5.1/../../../../pic32mx/lib/libmchp_peripheral_32MX795F512L.a(eth_tx_packet_lib.o)
 .debug_pubnames
                0x00001639       0x29 /opt/microchip/mplabc32/v2.02/bin/../lib/gcc/pic32mx/4.5.1/../../../../pic32mx/lib/libmchp_peripheral_32MX795F512L.a(_eth_append_busy_list_lib.o)
 .debug_pubnames
                0x00001662       0x90 /opt/microchip/mplabc32/v2.02/bin/../lib/gcc/pic32mx/4.5.1/../../../../pic32mx/lib/libmchp_peripheral_32MX795F512L.a(eth_miim_access.o)
 .debug_pubnames
                0x000016f2       0x8d /opt/microchip/mplabc32/v2.02/bin/../lib/gcc/pic32mx/4.5.1/../../../../pic32mx/lib/libmchp_peripheral_32MX795F512L.a(eth_miim_legacy.o)
 .debug_pubnames
                0x0000177f       0x20 /opt/microchip/mplabc32/v2.02/bin/../lib/gcc/pic32mx/4.5.1/../../../../pic32mx/lib/libmchp_peripheral_32MX795F512L.a(soft_reset_lib.o)
 .debug_pubnames
                0x0000179f       0x3b /opt/microchip/mplabc32/v2.02/bin/../lib/gcc/pic32mx/4.5.1/../../../../pic32mx/lib/libmchp_peripheral_32MX795F512L.a(pcache.o)
 .debug_pubnames
                0x000017da       0x2b /opt/microchip/mplabc32/v2.02/bin/../lib/gcc/pic32mx/4.5.1/../../../../pic32mx/lib/libmchp_peripheral_32MX795F512L.a(int_disable_interrupts_lib.o)
 .debug_pubnames
                0x00001805       0x2b /opt/microchip/mplabc32/v2.02/bin/../lib/gcc/pic32mx/4.5.1/../../../../pic32mx/lib/libmchp_peripheral_32MX795F512L.a(int_restore_interrupts_lib.o)
 .debug_pubnames
                0x00001830       0x36 /opt/microchip/mplabc32/v2.02/bin/../lib/gcc/pic32mx/4.5.1/../../../../pic32mx/lib/libmchp_peripheral_32MX795F512L.a(int_enable_mv_int_lib.o)
 .debug_pubnames
                0x00001866       0xca /opt/microchip/mplabc32/v2.02/bin/../lib/gcc/pic32mx/4.5.1/../../../../pic32mx/lib/libmchp_peripheral_32MX795F512L.a(int_tbl_lib.o)
 .debug_pubnames
                0x00001930       0x23 /opt/microchip/mplabc32/v2.02/bin/../lib/gcc/pic32mx/4.5.1/../../../../pic32mx/lib/libmchp_peripheral_32MX795F512L.a(nvm_erase_page_lib.o)
 .debug_pubnames
                0x00001953       0x24 /opt/microchip/mplabc32/v2.02/bin/../lib/gcc/pic32mx/4.5.1/../../../../pic32mx/lib/libmchp_peripheral_32MX795F512L.a(nvm_operation_lib.o)
 .debug_pubnames
                0x00001977       0x22 /opt/microchip/mplabc32/v2.02/bin/../lib/gcc/pic32mx/4.5.1/../../../../pic32mx/lib/libmchp_peripheral_32MX795F512L.a(nvm_write_row_lib.o)
 .debug_pubnames
                0x00001999       0x2b /opt/microchip/mplabc32/v2.02/bin/../lib/gcc/pic32mx/4.5.1/../../../../pic32mx/lib/libmchp_peripheral_32MX795F512L.a(port_set_pins_digital_in_lib.o)
 .debug_pubnames
                0x000019c4       0x2c /opt/microchip/mplabc32/v2.02/bin/../lib/gcc/pic32mx/4.5.1/../../../../pic32mx/lib/libmchp_peripheral_32MX795F512L.a(port_set_pins_digital_out_lib.o)
 .debug_pubnames
                0x000019f0       0x29 /opt/microchip/mplabc32/v2.02/bin/../lib/gcc/pic32mx/4.5.1/../../../../pic32mx/lib/libmchp_peripheral_32MX795F512L.a(I2CAcknowledgeByte.o)
 .debug_pubnames
                0x00001a19       0x23 /opt/microchip/mplabc32/v2.02/bin/../lib/gcc/pic32mx/4.5.1/../../../../pic32mx/lib/libmchp_peripheral_32MX795F512L.a(I2CBusIsIdle.o)
 .debug_pubnames
                0x00001a3c       0x2d /opt/microchip/mplabc32/v2.02/bin/../lib/gcc/pic32mx/4.5.1/../../../../pic32mx/lib/libmchp_peripheral_32MX795F512L.a(I2CByteWasAcknowledged.o)
 .debug_pubnames
                0x00001a69       0x25 /opt/microchip/mplabc32/v2.02/bin/../lib/gcc/pic32mx/4.5.1/../../../../pic32mx/lib/libmchp_peripheral_32MX795F512L.a(I2CClearStatus.o)
 .debug_pubnames
                0x00001a8e       0x23 /opt/microchip/mplabc32/v2.02/bin/../lib/gcc/pic32mx/4.5.1/../../../../pic32mx/lib/libmchp_peripheral_32MX795F512L.a(I2CConfigure.o)
 .debug_pubnames
                0x00001ab1       0x20 /opt/microchip/mplabc32/v2.02/bin/../lib/gcc/pic32mx/4.5.1/../../../../pic32mx/lib/libmchp_peripheral_32MX795F512L.a(I2CEnable.o)
 .debug_pubnames
                0x00001ad1       0x21 /opt/microchip/mplabc32/v2.02/bin/../lib/gcc/pic32mx/4.5.1/../../../../pic32mx/lib/libmchp_peripheral_32MX795F512L.a(I2CGetByte.o)
 .debug_pubnames
                0x00001af2       0x23 /opt/microchip/mplabc32/v2.02/bin/../lib/gcc/pic32mx/4.5.1/../../../../pic32mx/lib/libmchp_peripheral_32MX795F512L.a(I2CGetStatus.o)
 .debug_pubnames
                0x00001b15       0x31 /opt/microchip/mplabc32/v2.02/bin/../lib/gcc/pic32mx/4.5.1/../../../../pic32mx/lib/libmchp_peripheral_32MX795F512L.a(I2CReceivedDataIsAvailable.o)
 .debug_pubnames
                0x00001b46       0x28 /opt/microchip/mplabc32/v2.02/bin/../lib/gcc/pic32mx/4.5.1/../../../../pic32mx/lib/libmchp_peripheral_32MX795F512L.a(I2CReceiverEnable.o)
 .debug_pubnames
                0x00001b6e       0x25 /opt/microchip/mplabc32/v2.02/bin/../lib/gcc/pic32mx/4.5.1/../../../../pic32mx/lib/libmchp_peripheral_32MX795F512L.a(I2CRepeatStart.o)
 .debug_pubnames
                0x00001b93       0x22 /opt/microchip/mplabc32/v2.02/bin/../lib/gcc/pic32mx/4.5.1/../../../../pic32mx/lib/libmchp_peripheral_32MX795F512L.a(I2CSendByte.o)
 .debug_pubnames
                0x00001bb5       0x26 /opt/microchip/mplabc32/v2.02/bin/../lib/gcc/pic32mx/4.5.1/../../../../pic32mx/lib/libmchp_peripheral_32MX795F512L.a(I2CSetFrequency.o)
 .debug_pubnames
                0x00001bdb       0x1f /opt/microchip/mplabc32/v2.02/bin/../lib/gcc/pic32mx/4.5.1/../../../../pic32mx/lib/libmchp_peripheral_32MX795F512L.a(I2CStart.o)
 .debug_pubnames
                0x00001bfa       0x1e /opt/microchip/mplabc32/v2.02/bin/../lib/gcc/pic32mx/4.5.1/../../../../pic32mx/lib/libmchp_peripheral_32MX795F512L.a(I2CStop.o)
 .debug_pubnames
                0x00001c18       0x32 /opt/microchip/mplabc32/v2.02/bin/../lib/gcc/pic32mx/4.5.1/../../../../pic32mx/lib/libmchp_peripheral_32MX795F512L.a(I2CTransmissionHasCompleted.o)
 .debug_pubnames
                0x00001c4a       0x2c /opt/microchip/mplabc32/v2.02/bin/../lib/gcc/pic32mx/4.5.1/../../../../pic32mx/lib/libmchp_peripheral_32MX795F512L.a(I2CTransmitterIsReady.o)
 .debug_pubnames
                0x00001c76       0x2a /opt/microchip/mplabc32/v2.02/bin/../lib/gcc/pic32mx/4.5.1/../../../../pic32mx/lib/libmchp_peripheral_32MX795F512L.a(int_enable_interrupts_lib.o)
 .debug_pubnames
                0x00001ca0       0x1d /opt/microchip/mplabc32/v2.02/bin/../lib/gcc/pic32mx/4.5.1/../../../../pic32mx/lib/libc.a(calloc.o)
 .debug_pubnames
                0x00001cbd       0x24 /opt/microchip/mplabc32/v2.02/bin/../lib/gcc/pic32mx/4.5.1/libgcc.a(_floatundisf.o)
 .debug_pubnames
                0x00001ce1       0x20 /opt/microchip/mplabc32/v2.02/bin/../lib/gcc/pic32mx/4.5.1/libgcc.a(_umoddi3.o)

.debug_info     0x00000000    0x70ec5
 *(.debug_info .gnu.linkonce.wi.*)
 .debug_info    0x00000000     0x1170 build/FT/production/_ext/100901378/WFScan.o
 .debug_info    0x00001170     0x1193 build/FT/production/_ext/100901378/WF_Spi.o
 .debug_info    0x00002303     0x1176 build/FT/production/_ext/100901378/WFEasyConfig.o
 .debug_info    0x00003479     0x1173 build/FT/production/_ext/100901378/WFConsole.o
 .debug_info    0x000045ec     0x1195 build/FT/production/_ext/100901378/WF_Eint.o
 .debug_info    0x00005781     0x117d build/FT/production/_ext/100901378/WFConnectionManager.o
 .debug_info    0x000068fe     0x1175 build/FT/production/_ext/100901378/WFPowerSave.o
 .debug_info    0x00007a73     0x1174 build/FT/production/_ext/100901378/WFParamMsg.o
 .debug_info    0x00008be7     0x117d build/FT/production/_ext/100901378/WFConnectionProfile.o
 .debug_info    0x00009d64     0x1199 build/FT/production/_ext/100901378/WFDriverRaw.o
 .debug_info    0x0000aefd     0x1179 build/FT/production/_ext/100901378/WFConsoleIwpriv.o
 .debug_info    0x0000c076     0x1173 build/FT/production/_ext/100901378/WFTxPower.o
 .debug_info    0x0000d1e9     0x1170 build/FT/production/_ext/100901378/WFInit.o
 .debug_info    0x0000e359     0x119b build/FT/production/_ext/100901378/WFDriverCom.o
 .debug_info    0x0000f4f4     0x117d build/FT/production/_ext/100901378/WFConsoleMsgHandler.o
 .debug_info    0x00010671     0x1178 build/FT/production/_ext/100901378/WFEventHandler.o
 .debug_info    0x000117e9     0x117b build/FT/production/_ext/100901378/WFConsoleIwconfig.o
 .debug_info    0x00012964     0x117b build/FT/production/_ext/100901378/WFConsoleIfconfig.o
 .debug_info    0x00013adf     0x117f build/FT/production/_ext/100901378/WFConnectionAlgorithm.o
 .debug_info    0x00014c5e     0x118f build/FT/production/_ext/100901378/WFMac.o
 .debug_info    0x00015ded     0x1174 build/FT/production/_ext/100901378/WFDataTxRx.o
 .debug_info    0x00016f61     0x1173 build/FT/production/_ext/100901378/WFMgmtMsg.o
 .debug_info    0x000180d4     0x1177 build/FT/production/_ext/100901378/WFConsoleMsgs.o
 .debug_info    0x0001924b     0x1e67 build/FT/production/_ext/867694782/TFTPc.o
 .debug_info    0x0001b0b2     0x1a2e build/FT/production/_ext/867694782/Announce.o
 .debug_info    0x0001cae0     0x1172 build/FT/production/_ext/867694782/CAN2TCPBridge.o
 .debug_info    0x0001dc52     0x1168 build/FT/production/_ext/867694782/FTP.o
 .debug_info    0x0001edba     0x116d build/FT/production/_ext/867694782/ENC28J60.o
 .debug_info    0x0001ff27     0x116b build/FT/production/_ext/867694782/SPIRAM.o
 .debug_info    0x00021092     0x1169 build/FT/production/_ext/867694782/SNMP.o
 .debug_info    0x000221fb     0x116b build/FT/production/_ext/867694782/Hashes.o
 .debug_info    0x00023366     0x1170 build/FT/production/_ext/867694782/LCDBlocking.o
 .debug_info    0x000244d6     0x1a2d build/FT/production/_ext/867694782/StackTsk.o
 .debug_info    0x00025f03     0x1ba1 build/FT/production/_ext/867694782/ARP.o
 .debug_info    0x00027aa4     0x1169 build/FT/production/_ext/867694782/HTTP.o
 .debug_info    0x00028c0d     0x1169 build/FT/production/_ext/867694782/SNTP.o
 .debug_info    0x00029d76     0x1168 build/FT/production/_ext/867694782/RSA.o
 .debug_info    0x0002aede     0x1169 build/FT/production/_ext/867694782/UART.o
 .debug_info    0x0002c047     0x1173 build/FT/production/_ext/867694782/ZeroconfHelper.o
 .debug_info    0x0002d1ba     0x116a build/FT/production/_ext/867694782/HTTP2.o
 .debug_info    0x0002e324     0x1179 build/FT/production/_ext/867694782/ZeroconfMulticastDNS.o
 .debug_info    0x0002f49d     0x1169 build/FT/production/_ext/867694782/NBNS.o
 .debug_info    0x00030606     0x116f build/FT/production/_ext/867694782/ENCX24J600.o
 .debug_info    0x00031775     0x2353 build/FT/production/_ext/867694782/BerkeleyAPI.o
 .debug_info    0x00033ac8     0x1177 build/FT/production/_ext/867694782/TCPPerformanceTest.o
 .debug_info    0x00034c3f     0x1173 build/FT/production/_ext/867694782/UART2TCPBridge.o
 .debug_info    0x00035db2     0x116b build/FT/production/_ext/867694782/AutoIP.o
 .debug_info    0x00036f1d     0x116a build/FT/production/_ext/867694782/DHCPs.o
 .debug_info    0x00038087     0x1fae build/FT/production/_ext/867694782/DHCP.o
 .debug_info    0x0003a035     0x116b build/FT/production/_ext/867694782/Reboot.o
 .debug_info    0x0003b1a0     0x116e build/FT/production/_ext/867694782/SPIEEPROM.o
 .debug_info    0x0003c30e     0x1168 build/FT/production/_ext/867694782/SSL.o
 .debug_info    0x0003d476     0x11ff build/FT/production/_ext/867694782/Delay.o
 .debug_info    0x0003e675     0x116d build/FT/production/_ext/867694782/SPIFlash.o
 .debug_info    0x0003f7e2     0x1169 build/FT/production/_ext/867694782/DNSs.o
 .debug_info    0x0004094b     0x116b build/FT/production/_ext/867694782/BigInt.o
 .debug_info    0x00041ab6     0x2038 build/FT/production/_ext/867694782/UDP.o
 .debug_info    0x00043aee     0x1168 build/FT/production/_ext/867694782/DNS.o
 .debug_info    0x00044c56     0x1abc build/FT/production/_ext/867694782/ICMP.o
 .debug_info    0x00046712     0x2c7f build/FT/production/_ext/867694782/ETHPIC32IntMac.o
 .debug_info    0x00049391     0x116d build/FT/production/_ext/867694782/ETH97J60.o
 .debug_info    0x0004a4fe     0x23a2 build/FT/production/_ext/867694782/Helpers.o
 .debug_info    0x0004c8a0     0x1176 build/FT/production/_ext/867694782/ZeroconfLinkLocal.o
 .debug_info    0x0004da16     0x1b37 build/FT/production/_ext/867694782/IP.o
 .debug_info    0x0004f54d     0x31d5 build/FT/production/_ext/867694782/TCP.o
 .debug_info    0x00052722     0x16ae build/FT/production/_ext/867694782/ETHPIC32ExtPhyDP83848.o
 .debug_info    0x00053dd0     0x1169 build/FT/production/_ext/867694782/SMTP.o
 .debug_info    0x00054f39     0x1af3 build/FT/production/_ext/867694782/Tick.o
 .debug_info    0x00056a2c     0x116b build/FT/production/_ext/867694782/Telnet.o
 .debug_info    0x00057b97     0x2397 build/FT/production/_ext/867694782/ETHPIC32ExtPhy.o
 .debug_info    0x00059f2e     0x116b build/FT/production/_ext/867694782/Random.o
 .debug_info    0x0005b099     0x1169 build/FT/production/_ext/867694782/MPFS.o
 .debug_info    0x0005c202     0x116a build/FT/production/_ext/867694782/MPFS2.o
 .debug_info    0x0005d36c     0x116b build/FT/production/_ext/867694782/DynDNS.o
 .debug_info    0x0005e4d7     0x1177 build/FT/production/_ext/867694782/UDPPerformanceTest.o
 .debug_info    0x0005f64e     0x116c build/FT/production/_ext/867694782/ARCFOUR.o
 .debug_info    0x000607ba     0x166f build/FT/production/_ext/1472/i2c_support.o
 .debug_info    0x00061e29     0x2b94 build/FT/production/_ext/1472/main.o
 .debug_info    0x000649bd     0x1882 build/FT/production/_ext/1472/MyTFTP.o
 .debug_info    0x0006623f     0x19eb build/FT/production/_ext/1472/Settings.o
 .debug_info    0x00067c2a     0x1704 build/FT/production/_ext/1472/HodoCrate.o
 .debug_info    0x0006932e     0x16ba build/FT/production/_ext/1472/BerkeleyTCPServerDemo.o
 .debug_info    0x0006a9e8     0x1a69 build/FT/production/_ext/1472/PingDemo.o
 .debug_info    0x0006c451      0x783 /opt/microchip/mplabc32/v2.02/bin/../lib/gcc/pic32mx/4.5.1/libgcc.a(_udivdi3.o)
 .debug_info    0x0006cbd4      0x188 /opt/microchip/mplabc32/v2.02/bin/../lib/gcc/pic32mx/4.5.1/libgcc.a(floatunsisf.o)
 .debug_info    0x0006cd5c       0xcd /opt/microchip/mplabc32/v2.02/bin/../lib/gcc/pic32mx/4.5.1/../../../../pic32mx/lib/libc.a(atoi.o)
 .debug_info    0x0006ce29        0x0 /opt/microchip/mplabc32/v2.02/bin/../lib/gcc/pic32mx/4.5.1/../../../../pic32mx/lib/libc.a(ctype.o)
 .debug_info    0x0006ce29      0x100 /opt/microchip/mplabc32/v2.02/bin/../lib/gcc/pic32mx/4.5.1/../../../../pic32mx/lib/libc.a(malloc.o)
 .debug_info    0x0006cf29       0xe7 /opt/microchip/mplabc32/v2.02/bin/../lib/gcc/pic32mx/4.5.1/../../../../pic32mx/lib/libc.a(rand.o)
 .debug_info    0x0006d010       0xd1 /opt/microchip/mplabc32/v2.02/bin/../lib/gcc/pic32mx/4.5.1/../../../../pic32mx/lib/libc.a(strtok.o)
 .debug_info    0x0006d0e1       0xe7 /opt/microchip/mplabc32/v2.02/bin/../lib/gcc/pic32mx/4.5.1/../../../../pic32mx/lib/libc.a(sprintf_cdfFnopsuxX.eo)
 .debug_info    0x0006d1c8      0x139 /opt/microchip/mplabc32/v2.02/bin/../lib/gcc/pic32mx/4.5.1/../../../../pic32mx/lib/libc.a(sbrk.o)
 .debug_info    0x0006d301      0x106 /opt/microchip/mplabc32/v2.02/bin/../lib/gcc/pic32mx/4.5.1/../../../../pic32mx/lib/libc.a(default-bootstrap-exception-handler.o)
 .debug_info    0x0006d407       0xe0 /opt/microchip/mplabc32/v2.02/bin/../lib/gcc/pic32mx/4.5.1/../../../../pic32mx/lib/libc.a(default-on-reset.o)
 .debug_info    0x0006d4e7       0xe8 /opt/microchip/mplabc32/v2.02/bin/../lib/gcc/pic32mx/4.5.1/../../../../pic32mx/lib/libc.a(default-on-bootstrap.o)
 .debug_info    0x0006d5cf        0x0 /opt/microchip/mplabc32/v2.02/bin/../lib/gcc/pic32mx/4.5.1/../../../../pic32mx/lib/libc.a(errno.o)
 .debug_info    0x0006d5cf       0xd3 /opt/microchip/mplabc32/v2.02/bin/../lib/gcc/pic32mx/4.5.1/../../../../pic32mx/lib/libc.a(strcspn.o)
 .debug_info    0x0006d6a2       0xd1 /opt/microchip/mplabc32/v2.02/bin/../lib/gcc/pic32mx/4.5.1/../../../../pic32mx/lib/libc.a(strspn.o)
 .debug_info    0x0006d773      0x108 /opt/microchip/mplabc32/v2.02/bin/../lib/gcc/pic32mx/4.5.1/../../../../pic32mx/lib/libc.a(doprnt_cdfFnopsuxX.eo)
 .debug_info    0x0006d87b       0xd6 /opt/microchip/mplabc32/v2.02/bin/../lib/gcc/pic32mx/4.5.1/../../../../pic32mx/lib/libc.a(_fputc_simple.o)
 .debug_info    0x0006d951        0x0 /opt/microchip/mplabc32/v2.02/bin/../lib/gcc/pic32mx/4.5.1/../../../../pic32mx/lib/libc.a(powers.o)
 .debug_info    0x0006d951       0xd1 /opt/microchip/mplabc32/v2.02/bin/../lib/gcc/pic32mx/4.5.1/../../../../pic32mx/lib/libc.a(strchr.o)
 .debug_info    0x0006da22       0xd1 /opt/microchip/mplabc32/v2.02/bin/../lib/gcc/pic32mx/4.5.1/../../../../pic32mx/lib/libc.a(write.o)
 .debug_info    0x0006daf3        0x0 /opt/microchip/mplabc32/v2.02/bin/../lib/gcc/pic32mx/4.5.1/../../../../pic32mx/lib/libc.a(_iob.o)
 .debug_info    0x0006daf3       0xd9 /opt/microchip/mplabc32/v2.02/bin/../lib/gcc/pic32mx/4.5.1/../../../../pic32mx/lib/libc.a(_flsbuf_simple.o)
 .debug_info    0x0006dbcc       0xd9 /opt/microchip/mplabc32/v2.02/bin/../lib/gcc/pic32mx/4.5.1/../../../../pic32mx/lib/libc.a(_mon_putc.o)
 .debug_info    0x0006dca5        0x0 /opt/microchip/mplabc32/v2.02/bin/../lib/gcc/pic32mx/4.5.1/../../../../pic32mx/lib/libc.a(c32_uart.o)
 .debug_info    0x0006dca5       0xf3 /opt/microchip/mplabc32/v2.02/bin/../lib/gcc/pic32mx/4.5.1/../../../../pic32mx/lib/libe.a(_floatdisf.o)
 .debug_info    0x0006dd98       0xbf /opt/microchip/mplabc32/v2.02/bin/../lib/gcc/pic32mx/4.5.1/../../../../pic32mx/lib/libmchp_peripheral.a(read_core_timer_lib.o)
 .debug_info    0x0006de57      0x180 /opt/microchip/mplabc32/v2.02/bin/../lib/gcc/pic32mx/4.5.1/../../../../pic32mx/lib/libmchp_peripheral_32MX795F512L.a(eth_ack_packet_lib.o)
 .debug_info    0x0006dfd7      0x107 /opt/microchip/mplabc32/v2.02/bin/../lib/gcc/pic32mx/4.5.1/../../../../pic32mx/lib/libmchp_peripheral_32MX795F512L.a(eth_descriptors_add_lib.o)
 .debug_info    0x0006e0de       0xd3 /opt/microchip/mplabc32/v2.02/bin/../lib/gcc/pic32mx/4.5.1/../../../../pic32mx/lib/libmchp_peripheral_32MX795F512L.a(eth_init_lib.o)
 .debug_info    0x0006e1b1       0xb7 /opt/microchip/mplabc32/v2.02/bin/../lib/gcc/pic32mx/4.5.1/../../../../pic32mx/lib/libmchp_peripheral_32MX795F512L.a(eth_mac_open_lib.o)
 .debug_info    0x0006e268      0x107 /opt/microchip/mplabc32/v2.02/bin/../lib/gcc/pic32mx/4.5.1/../../../../pic32mx/lib/libmchp_peripheral_32MX795F512L.a(eth_mac_set_address_max_lib.o)
 .debug_info    0x0006e36f       0xfb /opt/microchip/mplabc32/v2.02/bin/../lib/gcc/pic32mx/4.5.1/../../../../pic32mx/lib/libmchp_peripheral_32MX795F512L.a(eth_rx_buffers_append_lib.o)
 .debug_info    0x0006e46a      0x15c /opt/microchip/mplabc32/v2.02/bin/../lib/gcc/pic32mx/4.5.1/../../../../pic32mx/lib/libmchp_peripheral_32MX795F512L.a(eth_rx_filters_lib.o)
 .debug_info    0x0006e5c6       0xdd /opt/microchip/mplabc32/v2.02/bin/../lib/gcc/pic32mx/4.5.1/../../../../pic32mx/lib/libmchp_peripheral_32MX795F512L.a(eth_rx_get_packet_lib.o)
 .debug_info    0x0006e6a3       0xc9 /opt/microchip/mplabc32/v2.02/bin/../lib/gcc/pic32mx/4.5.1/../../../../pic32mx/lib/libmchp_peripheral_32MX795F512L.a(eth_rx_set_buffer_size_lib.o)
 .debug_info    0x0006e76c      0x191 /opt/microchip/mplabc32/v2.02/bin/../lib/gcc/pic32mx/4.5.1/../../../../pic32mx/lib/libmchp_peripheral_32MX795F512L.a(eth_tx_packet_lib.o)
 .debug_info    0x0006e8fd       0xe9 /opt/microchip/mplabc32/v2.02/bin/../lib/gcc/pic32mx/4.5.1/../../../../pic32mx/lib/libmchp_peripheral_32MX795F512L.a(_eth_append_busy_list_lib.o)
 .debug_info    0x0006e9e6      0x158 /opt/microchip/mplabc32/v2.02/bin/../lib/gcc/pic32mx/4.5.1/../../../../pic32mx/lib/libmchp_peripheral_32MX795F512L.a(eth_miim_access.o)
 .debug_info    0x0006eb3e      0x155 /opt/microchip/mplabc32/v2.02/bin/../lib/gcc/pic32mx/4.5.1/../../../../pic32mx/lib/libmchp_peripheral_32MX795F512L.a(eth_miim_legacy.o)
 .debug_info    0x0006ec93       0xc7 /opt/microchip/mplabc32/v2.02/bin/../lib/gcc/pic32mx/4.5.1/../../../../pic32mx/lib/libmchp_peripheral_32MX795F512L.a(soft_reset_lib.o)
 .debug_info    0x0006ed5a       0xd4 /opt/microchip/mplabc32/v2.02/bin/../lib/gcc/pic32mx/4.5.1/../../../../pic32mx/lib/libmchp_peripheral_32MX795F512L.a(pcache.o)
 .debug_info    0x0006ee2e       0xcb /opt/microchip/mplabc32/v2.02/bin/../lib/gcc/pic32mx/4.5.1/../../../../pic32mx/lib/libmchp_peripheral_32MX795F512L.a(int_disable_interrupts_lib.o)
 .debug_info    0x0006eef9       0xcb /opt/microchip/mplabc32/v2.02/bin/../lib/gcc/pic32mx/4.5.1/../../../../pic32mx/lib/libmchp_peripheral_32MX795F512L.a(int_restore_interrupts_lib.o)