Archive member included because of file (symbol)

/opt/microchip/mplabc32/v2.02/bin/../lib/gcc/pic32mx/4.5.1/libgcc.a(_udivdi3.o)
                              build/Debug/debug/_ext/867694782/Tick.o (__udivdi3)
/opt/microchip/mplabc32/v2.02/bin/../lib/gcc/pic32mx/4.5.1/../../../../pic32mx/lib/libdebug.a(db_utils.o)
                              build/Debug/debug/_ext/1472/main.o (_pic32mxsk_init)
/opt/microchip/mplabc32/v2.02/bin/../lib/gcc/pic32mx/4.5.1/../../../../pic32mx/lib/libc.a(memcmp.o)
                              build/Debug/debug/_ext/867694782/ETHPIC32IntMac.o (memcmp)
/opt/microchip/mplabc32/v2.02/bin/../lib/gcc/pic32mx/4.5.1/../../../../pic32mx/lib/libc.a(memcpy.o)
                              build/Debug/debug/_ext/867694782/Announce.o (memcpy)
/opt/microchip/mplabc32/v2.02/bin/../lib/gcc/pic32mx/4.5.1/../../../../pic32mx/lib/libc.a(memset.o)
                              build/Debug/debug/_ext/867694782/BerkeleyAPI.o (memset)
/opt/microchip/mplabc32/v2.02/bin/../lib/gcc/pic32mx/4.5.1/../../../../pic32mx/lib/libc.a(strcmp.o)
                              build/Debug/debug/_ext/1472/main.o (strcmp)
/opt/microchip/mplabc32/v2.02/bin/../lib/gcc/pic32mx/4.5.1/../../../../pic32mx/lib/libc.a(strcpy.o)
                              build/Debug/debug/_ext/1472/main.o (strcpy)
/opt/microchip/mplabc32/v2.02/bin/../lib/gcc/pic32mx/4.5.1/../../../../pic32mx/lib/libc.a(strlen.o)
                              build/Debug/debug/_ext/867694782/UDP.o (strlen)
/opt/microchip/mplabc32/v2.02/bin/../lib/gcc/pic32mx/4.5.1/../../../../pic32mx/lib/libc.a(general-exception.o)
                              /opt/microchip/mplabc32/v2.02/bin/../lib/gcc/pic32mx/4.5.1/../../../../pic32mx/lib/crt0.o (_general_exception_context)
/opt/microchip/mplabc32/v2.02/bin/../lib/gcc/pic32mx/4.5.1/../../../../pic32mx/lib/libc.a(atoi.o)
                              build/Debug/debug/_ext/1472/main.o (atoi)
/opt/microchip/mplabc32/v2.02/bin/../lib/gcc/pic32mx/4.5.1/../../../../pic32mx/lib/libc.a(c32_uart.o)
                              /opt/microchip/mplabc32/v2.02/bin/../lib/gcc/pic32mx/4.5.1/../../../../pic32mx/lib/libdebug.a(db_utils.o) (__C32_UART)
/opt/microchip/mplabc32/v2.02/bin/../lib/gcc/pic32mx/4.5.1/../../../../pic32mx/lib/libc.a(ctype.o)
                              /opt/microchip/mplabc32/v2.02/bin/../lib/gcc/pic32mx/4.5.1/../../../../pic32mx/lib/libc.a(atoi.o) (_ctype)
/opt/microchip/mplabc32/v2.02/bin/../lib/gcc/pic32mx/4.5.1/../../../../pic32mx/lib/libc.a(malloc.o)
                              build/Debug/debug/_ext/1472/main.o (malloc)
/opt/microchip/mplabc32/v2.02/bin/../lib/gcc/pic32mx/4.5.1/../../../../pic32mx/lib/libc.a(puts.o)
                              build/Debug/debug/_ext/867694782/TFTPc.o (puts)
/opt/microchip/mplabc32/v2.02/bin/../lib/gcc/pic32mx/4.5.1/../../../../pic32mx/lib/libc.a(rand.o)
                              build/Debug/debug/_ext/867694782/StackTsk.o (srand)
/opt/microchip/mplabc32/v2.02/bin/../lib/gcc/pic32mx/4.5.1/../../../../pic32mx/lib/libc.a(strtok.o)
                              build/Debug/debug/_ext/1472/main.o (strtok)
/opt/microchip/mplabc32/v2.02/bin/../lib/gcc/pic32mx/4.5.1/../../../../pic32mx/lib/libc.a(printf_cdnopsuxX.eo)
                              build/Debug/debug/_ext/1472/main.o (_printf_cdnopsuxX)
/opt/microchip/mplabc32/v2.02/bin/../lib/gcc/pic32mx/4.5.1/../../../../pic32mx/lib/libc.a(printf_cdnopuxX.eo)
                              build/Debug/debug/_ext/867694782/TFTPc.o (_printf_cdnopuxX)
/opt/microchip/mplabc32/v2.02/bin/../lib/gcc/pic32mx/4.5.1/../../../../pic32mx/lib/libc.a(printf_s.eo)
                              build/Debug/debug/_ext/867694782/TFTPc.o (_printf_0)
/opt/microchip/mplabc32/v2.02/bin/../lib/gcc/pic32mx/4.5.1/../../../../pic32mx/lib/libc.a(sprintf_cdnopsuxX.eo)
                              build/Debug/debug/_ext/1472/main.o (_sprintf_cdnopsuxX)
/opt/microchip/mplabc32/v2.02/bin/../lib/gcc/pic32mx/4.5.1/../../../../pic32mx/lib/libc.a(sprintf_cdnopuxX.eo)
                              build/Debug/debug/_ext/1472/main.o (_sprintf_cdnopuxX)
/opt/microchip/mplabc32/v2.02/bin/../lib/gcc/pic32mx/4.5.1/../../../../pic32mx/lib/libc.a(sbrk.o)
                              /opt/microchip/mplabc32/v2.02/bin/../lib/gcc/pic32mx/4.5.1/../../../../pic32mx/lib/libc.a(malloc.o) (sbrk)
/opt/microchip/mplabc32/v2.02/bin/../lib/gcc/pic32mx/4.5.1/../../../../pic32mx/lib/libc.a(default-bootstrap-exception-handler.o)
                              /opt/microchip/mplabc32/v2.02/bin/../lib/gcc/pic32mx/4.5.1/../../../../pic32mx/lib/crt0.o (_bootstrap_exception_handler)
/opt/microchip/mplabc32/v2.02/bin/../lib/gcc/pic32mx/4.5.1/../../../../pic32mx/lib/libc.a(default-on-reset.o)
                              /opt/microchip/mplabc32/v2.02/bin/../lib/gcc/pic32mx/4.5.1/../../../../pic32mx/lib/crt0.o (_on_reset)
/opt/microchip/mplabc32/v2.02/bin/../lib/gcc/pic32mx/4.5.1/../../../../pic32mx/lib/libc.a(default-on-bootstrap.o)
[...]
Memory Configuration

Name             Origin             Length             Attributes
kseg0_program_mem 0x9d000000         0x00080000         xr
kseg0_boot_mem   0x9fc00490         0x00000970
exception_mem    0x9fc01000         0x00001000
kseg1_boot_mem   0xbfc00000         0x00000490
debug_exec_mem   0xbfc02000         0x00000ff0
config3          0xbfc02ff0         0x00000004
config2          0xbfc02ff4         0x00000004
config1          0xbfc02ff8         0x00000004
config0          0xbfc02ffc         0x00000004
kseg1_data_mem   0xa0000000         0x00020000         w !x
sfrs             0xbf800000         0x00100000
configsfrs       0xbfc02ff0         0x00000010
*default*        0x00000000         0xffffffff

Linker script and memory map

LOAD /opt/microchip/mplabc32/v2.02/bin/../lib/gcc/pic32mx/4.5.1/../../../../pic32mx/lib/crt0.o
                0x00000001                _DEBUGGER = 0x1
LOAD build/Debug/debug/_ext/100901378/WFScan.o
LOAD build/Debug/debug/_ext/100901378/WF_Spi.o
LOAD build/Debug/debug/_ext/100901378/WFEasyConfig.o
LOAD build/Debug/debug/_ext/100901378/WFConsole.o
LOAD build/Debug/debug/_ext/100901378/WF_Eint.o
LOAD build/Debug/debug/_ext/100901378/WFConnectionManager.o
LOAD build/Debug/debug/_ext/100901378/WFPowerSave.o
LOAD build/Debug/debug/_ext/100901378/WFParamMsg.o
LOAD build/Debug/debug/_ext/100901378/WFConnectionProfile.o
LOAD build/Debug/debug/_ext/100901378/WFDriverRaw.o
LOAD build/Debug/debug/_ext/100901378/WFConsoleIwpriv.o
LOAD build/Debug/debug/_ext/100901378/WFTxPower.o
LOAD build/Debug/debug/_ext/100901378/WFInit.o
LOAD build/Debug/debug/_ext/100901378/WFDriverCom.o
LOAD build/Debug/debug/_ext/100901378/WFConsoleMsgHandler.o
LOAD build/Debug/debug/_ext/100901378/WFEventHandler.o
LOAD build/Debug/debug/_ext/100901378/WFConsoleIwconfig.o
LOAD build/Debug/debug/_ext/100901378/WFConsoleIfconfig.o
LOAD build/Debug/debug/_ext/100901378/WFConnectionAlgorithm.o
LOAD build/Debug/debug/_ext/100901378/WFMac.o
LOAD build/Debug/debug/_ext/100901378/WFDataTxRx.o
LOAD build/Debug/debug/_ext/100901378/WFMgmtMsg.o
LOAD build/Debug/debug/_ext/100901378/WFConsoleMsgs.o
LOAD build/Debug/debug/_ext/867694782/TFTPc.o
LOAD build/Debug/debug/_ext/867694782/Announce.o
LOAD build/Debug/debug/_ext/867694782/CAN2TCPBridge.o
LOAD build/Debug/debug/_ext/867694782/FTP.o
LOAD build/Debug/debug/_ext/867694782/ENC28J60.o
LOAD build/Debug/debug/_ext/867694782/SPIRAM.o
LOAD build/Debug/debug/_ext/867694782/SNMP.o
LOAD build/Debug/debug/_ext/867694782/Hashes.o
LOAD build/Debug/debug/_ext/867694782/LCDBlocking.o
LOAD build/Debug/debug/_ext/867694782/StackTsk.o
LOAD build/Debug/debug/_ext/867694782/ARP.o
LOAD build/Debug/debug/_ext/867694782/HTTP.o
LOAD build/Debug/debug/_ext/867694782/SNTP.o
LOAD build/Debug/debug/_ext/867694782/RSA.o
LOAD build/Debug/debug/_ext/867694782/UART.o
LOAD build/Debug/debug/_ext/867694782/ZeroconfHelper.o
LOAD build/Debug/debug/_ext/867694782/HTTP2.o
LOAD build/Debug/debug/_ext/867694782/ZeroconfMulticastDNS.o
LOAD build/Debug/debug/_ext/867694782/NBNS.o
LOAD build/Debug/debug/_ext/867694782/ENCX24J600.o
LOAD build/Debug/debug/_ext/867694782/BerkeleyAPI.o
LOAD build/Debug/debug/_ext/867694782/TCPPerformanceTest.o
LOAD build/Debug/debug/_ext/867694782/UART2TCPBridge.o
LOAD build/Debug/debug/_ext/867694782/AutoIP.o
LOAD build/Debug/debug/_ext/867694782/DHCPs.o
LOAD build/Debug/debug/_ext/867694782/DHCP.o
LOAD build/Debug/debug/_ext/867694782/Reboot.o
LOAD build/Debug/debug/_ext/867694782/SPIEEPROM.o
LOAD build/Debug/debug/_ext/867694782/SSL.o
LOAD build/Debug/debug/_ext/867694782/Delay.o
LOAD build/Debug/debug/_ext/867694782/SPIFlash.o
LOAD build/Debug/debug/_ext/867694782/DNSs.o
LOAD build/Debug/debug/_ext/867694782/BigInt.o
LOAD build/Debug/debug/_ext/867694782/UDP.o
LOAD build/Debug/debug/_ext/867694782/DNS.o
LOAD build/Debug/debug/_ext/867694782/ICMP.o
LOAD build/Debug/debug/_ext/867694782/ETHPIC32IntMac.o
LOAD build/Debug/debug/_ext/867694782/ETH97J60.o
LOAD build/Debug/debug/_ext/867694782/Helpers.o
LOAD build/Debug/debug/_ext/867694782/ZeroconfLinkLocal.o
LOAD build/Debug/debug/_ext/867694782/IP.o
LOAD build/Debug/debug/_ext/867694782/TCP.o
LOAD build/Debug/debug/_ext/867694782/ETHPIC32ExtPhyDP83848.o
LOAD build/Debug/debug/_ext/867694782/SMTP.o
LOAD build/Debug/debug/_ext/867694782/Tick.o
LOAD build/Debug/debug/_ext/867694782/Telnet.o
LOAD build/Debug/debug/_ext/867694782/ETHPIC32ExtPhy.o
LOAD build/Debug/debug/_ext/867694782/Random.o
LOAD build/Debug/debug/_ext/867694782/MPFS.o
LOAD build/Debug/debug/_ext/867694782/MPFS2.o
LOAD build/Debug/debug/_ext/867694782/DynDNS.o
LOAD build/Debug/debug/_ext/867694782/UDPPerformanceTest.o
LOAD build/Debug/debug/_ext/867694782/ARCFOUR.o
LOAD build/Debug/debug/_ext/1472/i2c_support.o
LOAD build/Debug/debug/_ext/1472/main.o
LOAD build/Debug/debug/_ext/1472/MyTFTP.o
LOAD build/Debug/debug/_ext/1472/Settings.o
LOAD build/Debug/debug/_ext/1472/HodoCrate.o
LOAD build/Debug/debug/_ext/1472/BerkeleyTCPServerDemo.o
LOAD build/Debug/debug/_ext/1472/PingDemo.o
                0x00000001                __MPLAB_BUILD = 0x1
                0x00000001                __ICD2RAM = 0x1
                0x00000001                __MPLAB_DEBUG = 0x1
                0x00000001                __DEBUG = 0x1
                0x00000001                __MPLAB_DEBUGGER_PIC32MXSK = 0x1
                0x00003e80                _min_heap_size = 0x3e80
                0x00000800                _min_stack_size = 0x800
LOAD /opt/microchip/mplabc32/v2.02/bin/../lib/gcc/pic32mx/4.5.1/libgcc.a
START GROUP
LOAD /opt/microchip/mplabc32/v2.02/bin/../lib/gcc/pic32mx/4.5.1/../../../../pic32mx/lib/libdebug.a
LOAD /opt/microchip/mplabc32/v2.02/bin/../lib/gcc/pic32mx/4.5.1/../../../../pic32mx/lib/libc.a
LOAD /opt/microchip/mplabc32/v2.02/bin/../lib/gcc/pic32mx/4.5.1/../../../../pic32mx/lib/libm.a
LOAD /opt/microchip/mplabc32/v2.02/bin/../lib/gcc/pic32mx/4.5.1/../../../../pic32mx/lib/libe.a
LOAD /opt/microchip/mplabc32/v2.02/bin/../lib/gcc/pic32mx/4.5.1/../../../../pic32mx/lib/libdsp.a
LOAD /opt/microchip/mplabc32/v2.02/bin/../lib/gcc/pic32mx/4.5.1/../../../../pic32mx/lib/libmchp_peripheral.a
LOAD /opt/microchip/mplabc32/v2.02/bin/../lib/gcc/pic32mx/4.5.1/../../../../pic32mx/lib/libmchp_peripheral_32MX795F512L.a
END GROUP
LOAD /opt/microchip/mplabc32/v2.02/bin/../lib/gcc/pic32mx/4.5.1/libgcc.a
                0x00000400                PROVIDE (_min_stack_size, 0x400)
                0x00000000                PROVIDE (_min_heap_size, 0x0)
LOAD /opt/microchip/mplabc32/v2.02/bin/../lib/gcc/pic32mx/4.5.1/../../../../pic32mx/lib/./proc/32MX795F512L/processor.o
                0x00000001                PROVIDE (_vector_spacing, 0x1)
                0x9fc01000                _ebase_address = 0x9fc01000
                0xbfc00000                _RESET_ADDR = 0xbfc00000
                0xbfc00380                _BEV_EXCPT_ADDR = 0xbfc00380
                0xbfc00480                _DBG_EXCPT_ADDR = 0xbfc00480
                0xbfc02000                _DBG_CODE_ADDR = 0xbfc02000
                0x00000ff0                _DBG_CODE_SIZE = 0xff0
                0x9fc01180                _GEN_EXCPT_ADDR = (_ebase_address + 0x180)

.config_BFC02FF0
                0xbfc02ff0        0x4
 *(.config_BFC02FF0)
 .config_BFC02FF0
                0xbfc02ff0        0x4 build/Debug/debug/_ext/1472/main.o

.config_BFC02FF4
                0xbfc02ff4        0x4
 *(.config_BFC02FF4)
 .config_BFC02FF4
                0xbfc02ff4        0x4 build/Debug/debug/_ext/1472/main.o

.config_BFC02FF8
                0xbfc02ff8        0x4
 *(.config_BFC02FF8)
 .config_BFC02FF8
                0xbfc02ff8        0x4 build/Debug/debug/_ext/1472/main.o

.config_BFC02FFC
                0xbfc02ffc        0x4
 *(.config_BFC02FFC)
 .config_BFC02FFC
                0xbfc02ffc        0x4 build/Debug/debug/_ext/1472/main.o
                0xbfc02000                PROVIDE (_DBG_CODE_ADDR, 0xbfc02000)
                0x00000ff0                PROVIDE (_DBG_CODE_SIZE, 0xff0)

.reset          0xbfc00000      0x1f4
 *(.reset)
 .reset         0xbfc00000       0x10 /opt/microchip/mplabc32/v2.02/bin/../lib/gcc/pic32mx/4.5.1/../../../../pic32mx/lib/crt0.o
                0xbfc00000                _reset
 *(.reset.startup)
 .reset.startup
                0xbfc00010      0x1e4 /opt/microchip/mplabc32/v2.02/bin/../lib/gcc/pic32mx/4.5.1/../../../../pic32mx/lib/crt0.o

.bev_excpt      0xbfc00380       0x10
 *(.bev_handler)
 .bev_handler   0xbfc00380       0x10 /opt/microchip/mplabc32/v2.02/bin/../lib/gcc/pic32mx/4.5.1/../../../../pic32mx/lib/crt0.o

.dbg_excpt      0xbfc00480        0x8
                0xbfc00480                . = (. + DEFINED (_DEBUGGER)?0x8:0x0)
 *fill*         0xbfc00480        0x8 00

.dbg_code       0xbfc02000      0xff0
                0xbfc02000                . = (. + DEFINED (_DEBUGGER)?_DBG_CODE_SIZE:0x0)
 *fill*         0xbfc02000      0xff0 00

.app_excpt      0x9fc01180       0x10
 *(.gen_handler)
 .gen_handler   0x9fc01180       0x10 /opt/microchip/mplabc32/v2.02/bin/../lib/gcc/pic32mx/4.5.1/../../../../pic32mx/lib/crt0.o

.vector_0       0x9fc01200        0x0
 *(.vector_0)
                0x00000001                ASSERT (((_vector_spacing == 0x0) || (SIZEOF (.vector_0) <= (_vector_spacing << 0x5))), function at exception vector 0 too large)

.vector_1       0x9fc01220        0x0
 *(.vector_1)
                0x00000001                ASSERT (((_vector_spacing == 0x0) || (SIZEOF (.vector_1) <= (_vector_spacing << 0x5))), function at exception vector 1 too large)

.vector_2       0x9fc01240        0x0
 *(.vector_2)
                0x00000001                ASSERT (((_vector_spacing == 0x0) || (SIZEOF (.vector_2) <= (_vector_spacing << 0x5))), function at exception vector 2 too large)

.vector_3       0x9fc01260        0x0
 *(.vector_3)
                0x00000001                ASSERT (((_vector_spacing == 0x0) || (SIZEOF (.vector_3) <= (_vector_spacing << 0x5))), function at exception vector 3 too large)

.vector_4       0x9fc01280        0x8
 *(.vector_4)
 .vector_4      0x9fc01280        0x8 build/Debug/debug/_ext/867694782/Tick.o
                0x00000001                ASSERT (((_vector_spacing == 0x0) || (SIZEOF (.vector_4) <= (_vector_spacing << 0x5))), function at exception vector 4 too large)

.vector_5       0x9fc012a0        0x0
 *(.vector_5)
                0x00000001                ASSERT (((_vector_spacing == 0x0) || (SIZEOF (.vector_5) <= (_vector_spacing << 0x5))), function at exception vector 5 too large)

.vector_6       0x9fc012c0        0x0
 *(.vector_6)
                0x00000001                ASSERT (((_vector_spacing == 0x0) || (SIZEOF (.vector_6) <= (_vector_spacing << 0x5))), function at exception vector 6 too large)

.vector_7       0x9fc012e0        0x0
 *(.vector_7)
                0x00000001                ASSERT (((_vector_spacing == 0x0) || (SIZEOF (.vector_7) <= (_vector_spacing << 0x5))), function at exception vector 7 too large)

.vector_8       0x9fc01300        0x0
 *(.vector_8)
                0x00000001                ASSERT (((_vector_spacing == 0x0) || (SIZEOF (.vector_8) <= (_vector_spacing << 0x5))), function at exception vector 8 too large)

.vector_9       0x9fc01320        0x0
 *(.vector_9)
                0x00000001                ASSERT (((_vector_spacing == 0x0) || (SIZEOF (.vector_9) <= (_vector_spacing << 0x5))), function at exception vector 9 too large)

.vector_10      0x9fc01340        0x0
 *(.vector_10)
                0x00000001                ASSERT (((_vector_spacing == 0x0) || (SIZEOF (.vector_10) <= (_vector_spacing << 0x5))), function at exception vector 10 too large)

.vector_11      0x9fc01360        0x0
 *(.vector_11)
                0x00000001                ASSERT (((_vector_spacing == 0x0) || (SIZEOF (.vector_11) <= (_vector_spacing << 0x5))), function at exception vector 11 too large)

.vector_12      0x9fc01380        0x0
 *(.vector_12)
                0x00000001                ASSERT (((_vector_spacing == 0x0) || (SIZEOF (.vector_12) <= (_vector_spacing << 0x5))), function at exception vector 12 too large)

.vector_13      0x9fc013a0        0x0
 *(.vector_13)
                0x00000001                ASSERT (((_vector_spacing == 0x0) || (SIZEOF (.vector_13) <= (_vector_spacing << 0x5))), function at exception vector 13 too large)

.vector_14      0x9fc013c0        0x0
 *(.vector_14)
                0x00000001                ASSERT (((_vector_spacing == 0x0) || (SIZEOF (.vector_14) <= (_vector_spacing << 0x5))), function at exception vector 14 too large)

.vector_15      0x9fc013e0        0x0
 *(.vector_15)
                0x00000001                ASSERT (((_vector_spacing == 0x0) || (SIZEOF (.vector_15) <= (_vector_spacing << 0x5))), function at exception vector 15 too large)

.vector_16      0x9fc01400        0x0
 *(.vector_16)
                0x00000001                ASSERT (((_vector_spacing == 0x0) || (SIZEOF (.vector_16) <= (_vector_spacing << 0x5))), function at exception vector 16 too large)

.vector_17      0x9fc01420        0x0
 *(.vector_17)
                0x00000001                ASSERT (((_vector_spacing == 0x0) || (SIZEOF (.vector_17) <= (_vector_spacing << 0x5))), function at exception vector 17 too large)

.vector_18      0x9fc01440        0x0
 *(.vector_18)
                0x00000001                ASSERT (((_vector_spacing == 0x0) || (SIZEOF (.vector_18) <= (_vector_spacing << 0x5))), function at exception vector 18 too large)

.vector_19      0x9fc01460        0x0
 *(.vector_19)
                0x00000001                ASSERT (((_vector_spacing == 0x0) || (SIZEOF (.vector_19) <= (_vector_spacing << 0x5))), function at exception vector 19 too large)

.vector_20      0x9fc01480        0x0
 *(.vector_20)
                0x00000001                ASSERT (((_vector_spacing == 0x0) || (SIZEOF (.vector_20) <= (_vector_spacing << 0x5))), function at exception vector 20 too large)

.vector_21      0x9fc014a0        0x0
 *(.vector_21)
                0x00000001                ASSERT (((_vector_spacing == 0x0) || (SIZEOF (.vector_21) <= (_vector_spacing << 0x5))), function at exception vector 21 too large)

.vector_22      0x9fc014c0        0x0
 *(.vector_22)
                0x00000001                ASSERT (((_vector_spacing == 0x0) || (SIZEOF (.vector_22) <= (_vector_spacing << 0x5))), function at exception vector 22 too large)

.vector_23      0x9fc014e0        0x0
 *(.vector_23)
                0x00000001                ASSERT (((_vector_spacing == 0x0) || (SIZEOF (.vector_23) <= (_vector_spacing << 0x5))), function at exception vector 23 too large)

.vector_24      0x9fc01500        0x0
 *(.vector_24)
                0x00000001                ASSERT (((_vector_spacing == 0x0) || (SIZEOF (.vector_24) <= (_vector_spacing << 0x5))), function at exception vector 24 too large)

.vector_25      0x9fc01520        0x0
 *(.vector_25)
                0x00000001                ASSERT (((_vector_spacing == 0x0) || (SIZEOF (.vector_25) <= (_vector_spacing << 0x5))), function at exception vector 25 too large)

.vector_26      0x9fc01540        0x0
 *(.vector_26)
                0x00000001                ASSERT (((_vector_spacing == 0x0) || (SIZEOF (.vector_26) <= (_vector_spacing << 0x5))), function at exception vector 26 too large)

.vector_27      0x9fc01560        0x0
 *(.vector_27)
                0x00000001                ASSERT (((_vector_spacing == 0x0) || (SIZEOF (.vector_27) <= (_vector_spacing << 0x5))), function at exception vector 27 too large)

.vector_28      0x9fc01580        0x0
 *(.vector_28)
                0x00000001                ASSERT (((_vector_spacing == 0x0) || (SIZEOF (.vector_28) <= (_vector_spacing << 0x5))), function at exception vector 28 too large)

.vector_29      0x9fc015a0        0x0
 *(.vector_29)
                0x00000001                ASSERT (((_vector_spacing == 0x0) || (SIZEOF (.vector_29) <= (_vector_spacing << 0x5))), function at exception vector 29 too large)

.vector_30      0x9fc015c0        0x0
 *(.vector_30)
                0x00000001                ASSERT (((_vector_spacing == 0x0) || (SIZEOF (.vector_30) <= (_vector_spacing << 0x5))), function at exception vector 30 too large)

.vector_31      0x9fc015e0        0x0
 *(.vector_31)
                0x00000001                ASSERT (((_vector_spacing == 0x0) || (SIZEOF (.vector_31) <= (_vector_spacing << 0x5))), function at exception vector 31 too large)

.vector_32      0x9fc01600        0x0
 *(.vector_32)
                0x00000001                ASSERT (((_vector_spacing == 0x0) || (SIZEOF (.vector_32) <= (_vector_spacing << 0x5))), function at exception vector 32 too large)

.vector_33      0x9fc01620        0x0
 *(.vector_33)
                0x00000001                ASSERT (((_vector_spacing == 0x0) || (SIZEOF (.vector_33) <= (_vector_spacing << 0x5))), function at exception vector 33 too large)

.vector_34      0x9fc01640        0x0
 *(.vector_34)
                0x00000001                ASSERT (((_vector_spacing == 0x0) || (SIZEOF (.vector_34) <= (_vector_spacing << 0x5))), function at exception vector 34 too large)

.vector_35      0x9fc01660        0x0
 *(.vector_35)
                0x00000001                ASSERT (((_vector_spacing == 0x0) || (SIZEOF (.vector_35) <= (_vector_spacing << 0x5))), function at exception vector 35 too large)

.vector_36      0x9fc01680        0x0
 *(.vector_36)
                0x00000001                ASSERT (((_vector_spacing == 0x0) || (SIZEOF (.vector_36) <= (_vector_spacing << 0x5))), function at exception vector 36 too large)

.vector_37      0x9fc016a0        0x0
 *(.vector_37)
                0x00000001                ASSERT (((_vector_spacing == 0x0) || (SIZEOF (.vector_37) <= (_vector_spacing << 0x5))), function at exception vector 37 too large)

.vector_38      0x9fc016c0        0x0
 *(.vector_38)
                0x00000001                ASSERT (((_vector_spacing == 0x0) || (SIZEOF (.vector_38) <= (_vector_spacing << 0x5))), function at exception vector 38 too large)

.vector_39      0x9fc016e0        0x0
 *(.vector_39)
                0x00000001                ASSERT (((_vector_spacing == 0x0) || (SIZEOF (.vector_39) <= (_vector_spacing << 0x5))), function at exception vector 39 too large)

.vector_40      0x9fc01700        0x0
 *(.vector_40)
                0x00000001                ASSERT (((_vector_spacing == 0x0) || (SIZEOF (.vector_40) <= (_vector_spacing << 0x5))), function at exception vector 40 too large)

.vector_41      0x9fc01720        0x0
 *(.vector_41)
                0x00000001                ASSERT (((_vector_spacing == 0x0) || (SIZEOF (.vector_41) <= (_vector_spacing << 0x5))), function at exception vector 41 too large)

.vector_42      0x9fc01740        0x0
 *(.vector_42)
                0x00000001                ASSERT (((_vector_spacing == 0x0) || (SIZEOF (.vector_42) <= (_vector_spacing << 0x5))), function at exception vector 42 too large)

.vector_43      0x9fc01760        0x0
 *(.vector_43)
                0x00000001                ASSERT (((_vector_spacing == 0x0) || (SIZEOF (.vector_43) <= (_vector_spacing << 0x5))), function at exception vector 43 too large)

.vector_44      0x9fc01780        0x0
 *(.vector_44)
                0x00000001                ASSERT (((_vector_spacing == 0x0) || (SIZEOF (.vector_44) <= (_vector_spacing << 0x5))), function at exception vector 44 too large)

.vector_45      0x9fc017a0        0x0
 *(.vector_45)
                0x00000001                ASSERT (((_vector_spacing == 0x0) || (SIZEOF (.vector_45) <= (_vector_spacing << 0x5))), function at exception vector 45 too large)

.vector_46      0x9fc017c0        0x0
 *(.vector_46)
                0x00000001                ASSERT (((_vector_spacing == 0x0) || (SIZEOF (.vector_46) <= (_vector_spacing << 0x5))), function at exception vector 46 too large)

.vector_47      0x9fc017e0        0x0
 *(.vector_47)
                0x00000001                ASSERT (((_vector_spacing == 0x0) || (SIZEOF (.vector_47) <= (_vector_spacing << 0x5))), function at exception vector 47 too large)

.vector_48      0x9fc01800        0x0
 *(.vector_48)
                0x00000001                ASSERT (((_vector_spacing == 0x0) || (SIZEOF (.vector_48) <= (_vector_spacing << 0x5))), function at exception vector 48 too large)

.vector_49      0x9fc01820        0x0
 *(.vector_49)
                0x00000001                ASSERT (((_vector_spacing == 0x0) || (SIZEOF (.vector_49) <= (_vector_spacing << 0x5))), function at exception vector 49 too large)

.vector_50      0x9fc01840        0x0
 *(.vector_50)
                0x00000001                ASSERT (((_vector_spacing == 0x0) || (SIZEOF (.vector_50) <= (_vector_spacing << 0x5))), function at exception vector 50 too large)

.vector_51      0x9fc01860        0x0
 *(.vector_51)
                0x00000001                ASSERT (((_vector_spacing == 0x0) || (SIZEOF (.vector_51) <= (_vector_spacing << 0x5))), function at exception vector 51 too large)

.vector_52      0x9fc01880        0x0
 *(.vector_52)
                0x00000001                ASSERT (((_vector_spacing == 0x0) || (SIZEOF (.vector_52) <= (_vector_spacing << 0x5))), function at exception vector 52 too large)

.vector_53      0x9fc018a0        0x0
 *(.vector_53)
                0x00000001                ASSERT (((_vector_spacing == 0x0) || (SIZEOF (.vector_53) <= (_vector_spacing << 0x5))), function at exception vector 53 too large)

.vector_54      0x9fc018c0        0x0
 *(.vector_54)
                0x00000001                ASSERT (((_vector_spacing == 0x0) || (SIZEOF (.vector_54) <= (_vector_spacing << 0x5))), function at exception vector 54 too large)

.vector_55      0x9fc018e0        0x0
 *(.vector_55)
                0x00000001                ASSERT (((_vector_spacing == 0x0) || (SIZEOF (.vector_55) <= (_vector_spacing << 0x5))), function at exception vector 55 too large)

.vector_56      0x9fc01900        0x0
 *(.vector_56)
                0x00000001                ASSERT (((_vector_spacing == 0x0) || (SIZEOF (.vector_56) <= (_vector_spacing << 0x5))), function at exception vector 56 too large)

.vector_57      0x9fc01920        0x0
 *(.vector_57)
                0x00000001                ASSERT (((_vector_spacing == 0x0) || (SIZEOF (.vector_57) <= (_vector_spacing << 0x5))), function at exception vector 57 too large)

.vector_58      0x9fc01940        0x0
 *(.vector_58)
                0x00000001                ASSERT (((_vector_spacing == 0x0) || (SIZEOF (.vector_58) <= (_vector_spacing << 0x5))), function at exception vector 58 too large)

.vector_59      0x9fc01960        0x0
 *(.vector_59)
                0x00000001                ASSERT (((_vector_spacing == 0x0) || (SIZEOF (.vector_59) <= (_vector_spacing << 0x5))), function at exception vector 59 too large)

.vector_60      0x9fc01980        0x0
 *(.vector_60)
                0x00000001                ASSERT (((_vector_spacing == 0x0) || (SIZEOF (.vector_60) <= (_vector_spacing << 0x5))), function at exception vector 60 too large)

.vector_61      0x9fc019a0        0x0
 *(.vector_61)
                0x00000001                ASSERT (((_vector_spacing == 0x0) || (SIZEOF (.vector_61) <= (_vector_spacing << 0x5))), function at exception vector 61 too large)

.vector_62      0x9fc019c0        0x0
 *(.vector_62)
                0x00000001                ASSERT (((_vector_spacing == 0x0) || (SIZEOF (.vector_62) <= (_vector_spacing << 0x5))), function at exception vector 62 too large)

.vector_63      0x9fc019e0        0x0
 *(.vector_63)
                0x00000001                ASSERT (((_vector_spacing == 0x0) || (SIZEOF (.vector_63) <= (_vector_spacing << 0x5))), function at exception vector 63 too large)

.startup
 *(.startup)

.text
 *(.stub .gnu.linkonce.t.*)
 *(.text.*personality*)
 *(.mips16.fn.*)
 *(.mips16.call.*)
 *(.gnu.warning)

.rodata         0x9d000000        0x0
 *(.rodata.* .gnu.linkonce.r.*)
 *(.rodata1)
                0x9d000000                . = ALIGN (0x4)

.sdata2         0x9fc00490        0x0
 *(.sdata2 .sdata2.* .gnu.linkonce.s2.*)
                0x9fc00490                . = ALIGN (0x4)

.sbss2          0x9fc00490        0x0
 *(.sbss2 .sbss2.* .gnu.linkonce.sb2.*)
                0x9fc00490                . = ALIGN (0x4)

.eh_frame_hdr
 *(.eh_frame_hdr)

.eh_frame
 *(.eh_frame)

.dbg_data       0xa0000000      0x200
                0xa0000000                . = (. + DEFINED (_DEBUGGER)?0x200:0x0)
 *fill*         0xa0000000      0x200 00

.persist        0xa0000200        0x0
                0xa0000200                _persist_begin = .
 *(.persist .persist.*)
                0xa0000200                . = ALIGN (0x4)
                0xa0000200                _persist_end = .

.eh_frame       0xa0000200       0x3c
 *(.eh_frame)
 .eh_frame      0xa0000200       0x28 /opt/microchip/mplabc32/v2.02/bin/../lib/gcc/pic32mx/4.5.1/libgcc.a(_udivdi3.o)
 .eh_frame      0xa0000228       0x14 /opt/microchip/mplabc32/v2.02/bin/../lib/gcc/pic32mx/4.5.1/libgcc.a(_umoddi3.o)
                                 0x28 (size before relaxing)
                0xa000023c                . = .
                0xa0008230                _gp = (ALIGN (0x10) + 0x7ff0)

.got
 *(.got.plt)
 *(.got)

.sdata          0xa000023c       0x10
                0xa000023c                _sdata_begin = .
 *(.sdata .sdata.* .gnu.linkonce.s.*)
 .sdata         0xa000023c        0x2 build/Debug/debug/_ext/867694782/BerkeleyAPI.o
 .sdata         0xa000023e        0x2 build/Debug/debug/_ext/867694782/UDP.o
 .sdata         0xa0000240        0x2 build/Debug/debug/_ext/867694782/TCP.o
 .sdata         0xa0000242        0x1 build/Debug/debug/_ext/1472/main.o
 .sdata         0xa0000243        0x1 build/Debug/debug/_ext/1472/MyTFTP.o
                0xa0000243                smDOWNLOAD
 .sdata         0xa0000244        0x4 /opt/microchip/mplabc32/v2.02/bin/../lib/gcc/pic32mx/4.5.1/../../../../pic32mx/lib/libc.a(c32_uart.o)
                0xa0000244                __C32_UART
 .sdata         0xa0000248        0x4 /opt/microchip/mplabc32/v2.02/bin/../lib/gcc/pic32mx/4.5.1/../../../../pic32mx/lib/libc.a(_iob.o)
                0xa0000248                _Files
                0xa000024c                _sdata_end = .

.lit8
 *(.lit8)

.lit4
 *(.lit4)
                0xa000024c                . = ALIGN (0x4)
                0xa000024c                _data_end = .
                0xa000024c                _bss_begin = .

.sbss           0xa000024c      0x118
                0xa000024c                _sbss_begin = .
 *(.dynsbss)
 *(.sbss .sbss.* .gnu.linkonce.sb.*)
 .sbss          0xa000024c       0x10 build/Debug/debug/_ext/867694782/TFTPc.o
 .sbss          0xa000025c        0xc build/Debug/debug/_ext/867694782/Announce.o
 .sbss          0xa0000268        0x8 build/Debug/debug/_ext/867694782/StackTsk.o
 .sbss          0xa0000270        0x8 build/Debug/debug/_ext/867694782/ARP.o
 .sbss          0xa0000278        0x4 build/Debug/debug/_ext/867694782/BerkeleyAPI.o
 .sbss          0xa000027c        0x4 build/Debug/debug/_ext/867694782/DHCP.o
                0xa000027c                DHCPClientInitializedOnce
 .sbss          0xa0000280        0x8 build/Debug/debug/_ext/867694782/UDP.o
 .sbss          0xa0000288       0x10 build/Debug/debug/_ext/867694782/ICMP.o
 .sbss          0xa0000298       0x40 build/Debug/debug/_ext/867694782/ETHPIC32IntMac.o
                0xa00002c4                _stackMgrRxOkPkts
                0xa00002c8                _stackMgrRxBadPkts
                0xa00002cc                _stackMgrInGetHdr
                0xa00002d0                _stackMgrRxDiscarded
                0xa00002d4                _stackMgrTxNotReady
 .sbss          0xa00002d8        0x4 build/Debug/debug/_ext/867694782/IP.o
 .sbss          0xa00002dc        0x2 build/Debug/debug/_ext/867694782/TCP.o
 *fill*         0xa00002de        0x2 00
 .sbss          0xa00002e0        0xc build/Debug/debug/_ext/867694782/Tick.o
 .sbss          0xa00002ec        0xc build/Debug/debug/_ext/1472/main.o
                0xa00002f0                nData
 .sbss          0xa00002f8        0xc build/Debug/debug/_ext/1472/MyTFTP.o
 .sbss          0xa0000304        0xc build/Debug/debug/_ext/1472/BerkeleyTCPServerDemo.o
 .sbss          0xa0000310        0x8 build/Debug/debug/_ext/1472/PingDemo.o
 .sbss          0xa0000318        0x8 /opt/microchip/mplabc32/v2.02/bin/../lib/gcc/pic32mx/4.5.1/../../../../pic32mx/lib/libc.a(sbrk.o)
                0xa0000318                _minbrk
                0xa000031c                _maxbrk
 .sbss          0xa0000320        0x1 /opt/microchip/mplabc32/v2.02/bin/../lib/gcc/pic32mx/4.5.1/../../../../pic32mx/lib/libc.a(_iob.o)
                0xa0000320                _outdone
 *fill*         0xa0000321        0x3 00
 .sbss          0xa0000324        0x4 /opt/microchip/mplabc32/v2.02/bin/../lib/gcc/pic32mx/4.5.1/../../../../pic32mx/lib/libc.a(errno.o)
                0xa0000324                errno
 .sbss          0xa0000328       0x20 /opt/microchip/mplabc32/v2.02/bin/../lib/gcc/pic32mx/4.5.1/../../../../pic32mx/lib/libmchp_peripheral_32MX795F512L.a(eth_descriptors_add_lib.o)
                0xa0000328                _EthTxFreeList
                0xa0000330                _EthTxBusyList
                0xa0000338                _EthRxFreeList
                0xa0000340                _EthRxBusyList
 *(.scommon)
 .scommon       0xa0000348        0x3 build/Debug/debug/_ext/867694782/TFTPc.o
                0xa0000348                _tftpError
                0xa000034a                _tftpSocket
 *fill*         0xa000034b        0x1 00
 .scommon       0xa000034c        0x6 build/Debug/debug/_ext/867694782/UDP.o
                0xa000034c                activeUDPSocket
                0xa000034e                UDPTxCount
                0xa0000350                UDPRxCount
 *fill*         0xa0000352        0x2 00
 .scommon       0xa0000354        0x4 build/Debug/debug/_ext/867694782/ETHPIC32ExtPhy.o
                0xa0000354                _PhyAdd
 .scommon       0xa0000358        0xc build/Debug/debug/_ext/1472/main.o
                0xa0000358                MyHodoCrate
                0xa000035c                AN0String
                0xa0000364                _sbss_end = .

.bss            0xa0000364      0x4cc
 *(.dynbss)
 *(COMMON)
 COMMON         0xa0000364        0xa build/Debug/debug/_ext/867694782/StackTsk.o
                0xa0000364                remoteNode
 *fill*         0xa000036e        0x2 00
 COMMON         0xa0000370       0x8c build/Debug/debug/_ext/867694782/UDP.o
                0xa0000370                UDPSocketInfo
 COMMON         0xa00003fc      0x433 build/Debug/debug/_ext/1472/main.o
                0xa00003fc                CurSettings
                0xa00005fc                FirmSettings
                0xa00007fc                AppConfig
                0xa0000830                . = ALIGN (0x4)
 *fill*         0xa000082f        0x1 00
                0xa0000830                . = ALIGN (0x4)
                0xa0000830                _end = .
                0xa0000830                _bss_end = .
                0x00020000                _bmxdudba_address = 0x20000
                0x00020000                _bmxdupba_address = 0x20000

/DISCARD/
 *(.pdr)
 *(.reginfo)
 *(.rel.dyn)
 *(.note.GNU-stack)
 *(.note.GNU-stack)
 *(.gnu_debuglink)
 *(.gnu.lto_*)
 *(.discard)

.stab
 *(.stab)

.stabstr
 *(.stabstr)

.stab.excl
 *(.stab.excl)

.stab.exclstr
 *(.stab.exclstr)

.stab.index
 *(.stab.index)

.stab.indexstr
 *(.stab.indexstr)

.comment        0x00000000      0x2e4
 *(.comment)
 .comment       0x00000000       0x51 build/Debug/debug/_ext/100901378/WFScan.o
                                 0x52 (size before relaxing)
 .comment       0x00000000       0x52 build/Debug/debug/_ext/100901378/WF_Spi.o
 .comment       0x00000000       0x52 build/Debug/debug/_ext/100901378/WFEasyConfig.o
 .comment       0x00000000       0x52 build/Debug/debug/_ext/100901378/WFConsole.o
 .comment       0x00000000       0x52 build/Debug/debug/_ext/100901378/WF_Eint.o
 .comment       0x00000000       0x52 build/Debug/debug/_ext/100901378/WFConnectionManager.o
 .comment       0x00000000       0x52 build/Debug/debug/_ext/100901378/WFPowerSave.o
 .comment       0x00000000       0x52 build/Debug/debug/_ext/100901378/WFParamMsg.o
 .comment       0x00000000       0x52 build/Debug/debug/_ext/100901378/WFConnectionProfile.o
 .comment       0x00000000       0x52 build/Debug/debug/_ext/100901378/WFDriverRaw.o
 .comment       0x00000000       0x52 build/Debug/debug/_ext/100901378/WFConsoleIwpriv.o
 .comment       0x00000000       0x52 build/Debug/debug/_ext/100901378/WFTxPower.o
 .comment       0x00000000       0x52 build/Debug/debug/_ext/100901378/WFInit.o
 .comment       0x00000000       0x52 build/Debug/debug/_ext/100901378/WFDriverCom.o
 .comment       0x00000000       0x52 build/Debug/debug/_ext/100901378/WFConsoleMsgHandler.o
 .comment       0x00000000       0x52 build/Debug/debug/_ext/100901378/WFEventHandler.o
 .comment       0x00000000       0x52 build/Debug/debug/_ext/100901378/WFConsoleIwconfig.o
 .comment       0x00000000       0x52 build/Debug/debug/_ext/100901378/WFConsoleIfconfig.o
 .comment       0x00000000       0x52 build/Debug/debug/_ext/100901378/WFConnectionAlgorithm.o
 .comment       0x00000000       0x52 build/Debug/debug/_ext/100901378/WFMac.o
 .comment       0x00000000       0x52 build/Debug/debug/_ext/100901378/WFDataTxRx.o
 .comment       0x00000000       0x52 build/Debug/debug/_ext/100901378/WFMgmtMsg.o
 .comment       0x00000000       0x52 build/Debug/debug/_ext/100901378/WFConsoleMsgs.o
 .comment       0x00000000       0x52 build/Debug/debug/_ext/867694782/TFTPc.o
 .comment       0x00000000       0x52 build/Debug/debug/_ext/867694782/Announce.o
 .comment       0x00000000       0x52 build/Debug/debug/_ext/867694782/CAN2TCPBridge.o
 .comment       0x00000000       0x52 build/Debug/debug/_ext/867694782/FTP.o
 .comment       0x00000000       0x52 build/Debug/debug/_ext/867694782/ENC28J60.o
 .comment       0x00000000       0x52 build/Debug/debug/_ext/867694782/SPIRAM.o
 .comment       0x00000000       0x52 build/Debug/debug/_ext/867694782/SNMP.o
 .comment       0x00000000       0x52 build/Debug/debug/_ext/867694782/Hashes.o
 .comment       0x00000000       0x52 build/Debug/debug/_ext/867694782/LCDBlocking.o
 .comment       0x00000000       0x52 build/Debug/debug/_ext/867694782/StackTsk.o
 .comment       0x00000000       0x52 build/Debug/debug/_ext/867694782/ARP.o
 .comment       0x00000000       0x52 build/Debug/debug/_ext/867694782/HTTP.o
 .comment       0x00000000       0x52 build/Debug/debug/_ext/867694782/SNTP.o
 .comment       0x00000000       0x52 build/Debug/debug/_ext/867694782/RSA.o
 .comment       0x00000000       0x52 build/Debug/debug/_ext/867694782/UART.o
 .comment       0x00000000       0x52 build/Debug/debug/_ext/867694782/ZeroconfHelper.o
 .comment       0x00000000       0x52 build/Debug/debug/_ext/867694782/HTTP2.o
 .comment       0x00000000       0x52 build/Debug/debug/_ext/867694782/ZeroconfMulticastDNS.o
 .comment       0x00000000       0x52 build/Debug/debug/_ext/867694782/NBNS.o
 .comment       0x00000000       0x52 build/Debug/debug/_ext/867694782/ENCX24J600.o
 .comment       0x00000000       0x52 build/Debug/debug/_ext/867694782/BerkeleyAPI.o
 .comment       0x00000000       0x52 build/Debug/debug/_ext/867694782/TCPPerformanceTest.o
 .comment       0x00000000       0x52 build/Debug/debug/_ext/867694782/UART2TCPBridge.o
 .comment       0x00000000       0x52 build/Debug/debug/_ext/867694782/AutoIP.o
 .comment       0x00000000       0x52 build/Debug/debug/_ext/867694782/DHCPs.o
 .comment       0x00000000       0x52 build/Debug/debug/_ext/867694782/DHCP.o
 .comment       0x00000000       0x52 build/Debug/debug/_ext/867694782/Reboot.o
 .comment       0x00000000       0x52 build/Debug/debug/_ext/867694782/SPIEEPROM.o
 .comment       0x00000000       0x52 build/Debug/debug/_ext/867694782/SSL.o
 .comment       0x00000000       0x52 build/Debug/debug/_ext/867694782/Delay.o
 .comment       0x00000000       0x52 build/Debug/debug/_ext/867694782/SPIFlash.o
 .comment       0x00000000       0x52 build/Debug/debug/_ext/867694782/DNSs.o
 .comment       0x00000000       0x52 build/Debug/debug/_ext/867694782/BigInt.o
 .comment       0x00000000       0x52 build/Debug/debug/_ext/867694782/UDP.o
 .comment       0x00000000       0x52 build/Debug/debug/_ext/867694782/DNS.o
 .comment       0x00000000       0x52 build/Debug/debug/_ext/867694782/ICMP.o
 .comment       0x00000000       0x52 build/Debug/debug/_ext/867694782/ETHPIC32IntMac.o
 .comment       0x00000000       0x52 build/Debug/debug/_ext/867694782/ETH97J60.o
 .comment       0x00000000       0x52 build/Debug/debug/_ext/867694782/Helpers.o
 .comment       0x00000000       0x52 build/Debug/debug/_ext/867694782/ZeroconfLinkLocal.o
 .comment       0x00000000       0x52 build/Debug/debug/_ext/867694782/IP.o
 .comment       0x00000000       0x52 build/Debug/debug/_ext/867694782/TCP.o
 .comment       0x00000000       0x52 build/Debug/debug/_ext/867694782/ETHPIC32ExtPhyDP83848.o
 .comment       0x00000000       0x52 build/Debug/debug/_ext/867694782/SMTP.o
 .comment       0x00000000       0x52 build/Debug/debug/_ext/867694782/Tick.o
 .comment       0x00000000       0x52 build/Debug/debug/_ext/867694782/Telnet.o
 .comment       0x00000000       0x52 build/Debug/debug/_ext/867694782/ETHPIC32ExtPhy.o
 .comment       0x00000000       0x52 build/Debug/debug/_ext/867694782/Random.o
 .comment       0x00000000       0x52 build/Debug/debug/_ext/867694782/MPFS.o
 .comment       0x00000000       0x52 build/Debug/debug/_ext/867694782/MPFS2.o
 .comment       0x00000000       0x52 build/Debug/debug/_ext/867694782/DynDNS.o
 .comment       0x00000000       0x52 build/Debug/debug/_ext/867694782/UDPPerformanceTest.o
 .comment       0x00000000       0x52 build/Debug/debug/_ext/867694782/ARCFOUR.o
 .comment       0x00000000       0x52 build/Debug/debug/_ext/1472/i2c_support.o
 .comment       0x00000000       0x52 build/Debug/debug/_ext/1472/main.o
 .comment       0x00000000       0x52 build/Debug/debug/_ext/1472/MyTFTP.o
 .comment       0x00000000       0x52 build/Debug/debug/_ext/1472/Settings.o
 .comment       0x00000000       0x52 build/Debug/debug/_ext/1472/HodoCrate.o
 .comment       0x00000000       0x52 build/Debug/debug/_ext/1472/BerkeleyTCPServerDemo.o
 .comment       0x00000000       0x52 build/Debug/debug/_ext/1472/PingDemo.o
 .comment       0x00000000       0x52 /opt/microchip/mplabc32/v2.02/bin/../lib/gcc/pic32mx/4.5.1/libgcc.a(_udivdi3.o)
 .comment       0x00000000       0x52 /opt/microchip/mplabc32/v2.02/bin/../lib/gcc/pic32mx/4.5.1/../../../../pic32mx/lib/libdebug.a(db_utils.o)
 .comment       0x00000051       0x55 /opt/microchip/mplabc32/v2.02/bin/../lib/gcc/pic32mx/4.5.1/../../../../pic32mx/lib/libc.a(memcmp.o)
                                 0x56 (size before relaxing)
 .comment       0x000000a6       0x55 /opt/microchip/mplabc32/v2.02/bin/../lib/gcc/pic32mx/4.5.1/../../../../pic32mx/lib/libc.a(memset.o)
                                 0x56 (size before relaxing)
 .comment       0x000000fb       0x55 /opt/microchip/mplabc32/v2.02/bin/../lib/gcc/pic32mx/4.5.1/../../../../pic32mx/lib/libc.a(strcmp.o)
                                 0x56 (size before relaxing)
 .comment       0x00000150       0x55 /opt/microchip/mplabc32/v2.02/bin/../lib/gcc/pic32mx/4.5.1/../../../../pic32mx/lib/libc.a(strcpy.o)
                                 0x56 (size before relaxing)
 .comment       0x000001a5       0x55 /opt/microchip/mplabc32/v2.02/bin/../lib/gcc/pic32mx/4.5.1/../../../../pic32mx/lib/libc.a(strlen.o)
                                 0x56 (size before relaxing)
 .comment       0x00000000       0x52 /opt/microchip/mplabc32/v2.02/bin/../lib/gcc/pic32mx/4.5.1/../../../../pic32mx/lib/libc.a(atoi.o)
 .comment       0x00000000       0x52 /opt/microchip/mplabc32/v2.02/bin/../lib/gcc/pic32mx/4.5.1/../../../../pic32mx/lib/libc.a(c32_uart.o)
 .comment       0x000001fa       0x4e /opt/microchip/mplabc32/v2.02/bin/../lib/gcc/pic32mx/4.5.1/../../../../pic32mx/lib/libc.a(ctype.o)
                                 0xa0 (size before relaxing)
 .comment       0x00000000       0x52 /opt/microchip/mplabc32/v2.02/bin/../lib/gcc/pic32mx/4.5.1/../../../../pic32mx/lib/libc.a(malloc.o)
 .comment       0x00000000       0x52 /opt/microchip/mplabc32/v2.02/bin/../lib/gcc/pic32mx/4.5.1/../../../../pic32mx/lib/libc.a(puts.o)
 .comment       0x00000000       0x52 /opt/microchip/mplabc32/v2.02/bin/../lib/gcc/pic32mx/4.5.1/../../../../pic32mx/lib/libc.a(rand.o)
 .comment       0x00000000       0x52 /opt/microchip/mplabc32/v2.02/bin/../lib/gcc/pic32mx/4.5.1/../../../../pic32mx/lib/libc.a(strtok.o)
 .comment       0x00000000       0x52 /opt/microchip/mplabc32/v2.02/bin/../lib/gcc/pic32mx/4.5.1/../../../../pic32mx/lib/libc.a(printf_cdnopsuxX.eo)
 .comment       0x00000000       0x52 /opt/microchip/mplabc32/v2.02/bin/../lib/gcc/pic32mx/4.5.1/../../../../pic32mx/lib/libc.a(sprintf_cdnopsuxX.eo)
 .comment       0x00000248       0x4b /opt/microchip/mplabc32/v2.02/bin/../lib/gcc/pic32mx/4.5.1/../../../../pic32mx/lib/libc.a(sbrk.o)
                                 0x9d (size before relaxing)
 .comment       0x00000000       0x52 /opt/microchip/mplabc32/v2.02/bin/../lib/gcc/pic32mx/4.5.1/../../../../pic32mx/lib/libc.a(default-bootstrap-exception-handler.o)
 .comment       0x00000000       0x52 /opt/microchip/mplabc32/v2.02/bin/../lib/gcc/pic32mx/4.5.1/../../../../pic32mx/lib/libc.a(default-on-reset.o)
 .comment       0x00000000       0x52 /opt/microchip/mplabc32/v2.02/bin/../lib/gcc/pic32mx/4.5.1/../../../../pic32mx/lib/libc.a(default-on-bootstrap.o)
 .comment       0x00000000       0x52 /opt/microchip/mplabc32/v2.02/bin/../lib/gcc/pic32mx/4.5.1/../../../../pic32mx/lib/libc.a(_iob.o)
 .comment       0x00000000       0x52 /opt/microchip/mplabc32/v2.02/bin/../lib/gcc/pic32mx/4.5.1/../../../../pic32mx/lib/libc.a(_fputc_simple.o)
 .comment       0x00000000       0x52 /opt/microchip/mplabc32/v2.02/bin/../lib/gcc/pic32mx/4.5.1/../../../../pic32mx/lib/libc.a(errno.o)
 .comment       0x00000000       0x52 /opt/microchip/mplabc32/v2.02/bin/../lib/gcc/pic32mx/4.5.1/../../../../pic32mx/lib/libc.a(strcspn.o)
 .comment       0x00000000       0x52 /opt/microchip/mplabc32/v2.02/bin/../lib/gcc/pic32mx/4.5.1/../../../../pic32mx/lib/libc.a(strspn.o)
 .comment       0x00000000       0x52 /opt/microchip/mplabc32/v2.02/bin/../lib/gcc/pic32mx/4.5.1/../../../../pic32mx/lib/libc.a(doprnt_cdnopsuxX.eo)
 .comment       0x00000000       0x52 /opt/microchip/mplabc32/v2.02/bin/../lib/gcc/pic32mx/4.5.1/../../../../pic32mx/lib/libc.a(write.o)
 .comment       0x00000000       0x52 /opt/microchip/mplabc32/v2.02/bin/../lib/gcc/pic32mx/4.5.1/../../../../pic32mx/lib/libc.a(_flsbuf_simple.o)
 .comment       0x00000000       0x52 /opt/microchip/mplabc32/v2.02/bin/../lib/gcc/pic32mx/4.5.1/../../../../pic32mx/lib/libc.a(strchr.o)
 .comment       0x00000293       0x51 /opt/microchip/mplabc32/v2.02/bin/../lib/gcc/pic32mx/4.5.1/../../../../pic32mx/lib/libmchp_peripheral.a(read_core_timer_lib.o)
                                 0x52 (size before relaxing)
 .comment       0x00000000       0x52 /opt/microchip/mplabc32/v2.02/bin/../lib/gcc/pic32mx/4.5.1/../../../../pic32mx/lib/libmchp_peripheral_32MX795F512L.a(eth_ack_packet_lib.o)
 .comment       0x00000000       0x52 /opt/microchip/mplabc32/v2.02/bin/../lib/gcc/pic32mx/4.5.1/../../../../pic32mx/lib/libmchp_peripheral_32MX795F512L.a(eth_descriptors_add_lib.o)
 .comment       0x00000000       0x52 /opt/microchip/mplabc32/v2.02/bin/../lib/gcc/pic32mx/4.5.1/../../../../pic32mx/lib/libmchp_peripheral_32MX795F512L.a(eth_init_lib.o)
 .comment       0x00000000       0x52 /opt/microchip/mplabc32/v2.02/bin/../lib/gcc/pic32mx/4.5.1/../../../../pic32mx/lib/libmchp_peripheral_32MX795F512L.a(eth_mac_open_lib.o)
 .comment       0x00000000       0x52 /opt/microchip/mplabc32/v2.02/bin/../lib/gcc/pic32mx/4.5.1/../../../../pic32mx/lib/libmchp_peripheral_32MX795F512L.a(eth_mac_set_address_max_lib.o)
 .comment       0x00000000       0x52 /opt/microchip/mplabc32/v2.02/bin/../lib/gcc/pic32mx/4.5.1/../../../../pic32mx/lib/libmchp_peripheral_32MX795F512L.a(eth_rx_buffers_append_lib.o)
 .comment       0x00000000       0x52 /opt/microchip/mplabc32/v2.02/bin/../lib/gcc/pic32mx/4.5.1/../../../../pic32mx/lib/libmchp_peripheral_32MX795F512L.a(eth_rx_filters_lib.o)
 .comment       0x00000000       0x52 /opt/microchip/mplabc32/v2.02/bin/../lib/gcc/pic32mx/4.5.1/../../../../pic32mx/lib/libmchp_peripheral_32MX795F512L.a(eth_rx_get_packet_lib.o)
 .comment       0x00000000       0x52 /opt/microchip/mplabc32/v2.02/bin/../lib/gcc/pic32mx/4.5.1/../../../../pic32mx/lib/libmchp_peripheral_32MX795F512L.a(eth_rx_set_buffer_size_lib.o)
 .comment       0x00000000       0x52 /opt/microchip/mplabc32/v2.02/bin/../lib/gcc/pic32mx/4.5.1/../../../../pic32mx/lib/libmchp_peripheral_32MX795F512L.a(eth_tx_packet_lib.o)
 .comment       0x00000000       0x52 /opt/microchip/mplabc32/v2.02/bin/../lib/gcc/pic32mx/4.5.1/../../../../pic32mx/lib/libmchp_peripheral_32MX795F512L.a(_eth_append_busy_list_lib.o)
 .comment       0x00000000       0x52 /opt/microchip/mplabc32/v2.02/bin/../lib/gcc/pic32mx/4.5.1/../../../../pic32mx/lib/libmchp_peripheral_32MX795F512L.a(eth_miim_access.o)
 .comment       0x00000000       0x52 /opt/microchip/mplabc32/v2.02/bin/../lib/gcc/pic32mx/4.5.1/../../../../pic32mx/lib/libmchp_peripheral_32MX795F512L.a(eth_miim_legacy.o)
 .comment       0x00000000       0x52 /opt/microchip/mplabc32/v2.02/bin/../lib/gcc/pic32mx/4.5.1/../../../../pic32mx/lib/libmchp_peripheral_32MX795F512L.a(soft_reset_lib.o)
 .comment       0x00000000       0x52 /opt/microchip/mplabc32/v2.02/bin/../lib/gcc/pic32mx/4.5.1/../../../../pic32mx/lib/libmchp_peripheral_32MX795F512L.a(pcache.o)
 .comment       0x00000000       0x52 /opt/microchip/mplabc32/v2.02/bin/../lib/gcc/pic32mx/4.5.1/../../../../pic32mx/lib/libmchp_peripheral_32MX795F512L.a(int_disable_interrupts_lib.o)
 .comment       0x00000000       0x52 /opt/microchip/mplabc32/v2.02/bin/../lib/gcc/pic32mx/4.5.1/../../../../pic32mx/lib/libmchp_peripheral_32MX795F512L.a(int_restore_interrupts_lib.o)
 .comment       0x00000000       0x52 /opt/microchip/mplabc32/v2.02/bin/../lib/gcc/pic32mx/4.5.1/../../../../pic32mx/lib/libmchp_peripheral_32MX795F512L.a(int_enable_mv_int_lib.o)
 .comment       0x00000000       0x52 /opt/microchip/mplabc32/v2.02/bin/../lib/gcc/pic32mx/4.5.1/../../../../pic32mx/lib/libmchp_peripheral_32MX795F512L.a(int_tbl_lib.o)
 .comment       0x00000000       0x52 /opt/microchip/mplabc32/v2.02/bin/../lib/gcc/pic32mx/4.5.1/../../../../pic32mx/lib/libmchp_peripheral_32MX795F512L.a(nvm_erase_page_lib.o)
 .comment       0x00000000       0x52 /opt/microchip/mplabc32/v2.02/bin/../lib/gcc/pic32mx/4.5.1/../../../../pic32mx/lib/libmchp_peripheral_32MX795F512L.a(nvm_operation_lib.o)
 .comment       0x00000000       0x52 /opt/microchip/mplabc32/v2.02/bin/../lib/gcc/pic32mx/4.5.1/../../../../pic32mx/lib/libmchp_peripheral_32MX795F512L.a(nvm_write_row_lib.o)
 .comment       0x00000000       0x52 /opt/microchip/mplabc32/v2.02/bin/../lib/gcc/pic32mx/4.5.1/../../../../pic32mx/lib/libmchp_peripheral_32MX795F512L.a(port_set_pins_digital_in_lib.o)
 .comment       0x00000000       0x52 /opt/microchip/mplabc32/v2.02/bin/../lib/gcc/pic32mx/4.5.1/../../../../pic32mx/lib/libmchp_peripheral_32MX795F512L.a(port_set_pins_digital_out_lib.o)
 .comment       0x00000000       0x52 /opt/microchip/mplabc32/v2.02/bin/../lib/gcc/pic32mx/4.5.1/../../../../pic32mx/lib/libmchp_peripheral_32MX795F512L.a(_ports_tbl_libp.o)
 .comment       0x00000000       0x52 /opt/microchip/mplabc32/v2.02/bin/../lib/gcc/pic32mx/4.5.1/../../../../pic32mx/lib/libmchp_peripheral_32MX795F512L.a(I2CAcknowledgeByte.o)
 .comment       0x00000000       0x52 /opt/microchip/mplabc32/v2.02/bin/../lib/gcc/pic32mx/4.5.1/../../../../pic32mx/lib/libmchp_peripheral_32MX795F512L.a(I2CBusIsIdle.o)
 .comment       0x00000000       0x52 /opt/microchip/mplabc32/v2.02/bin/../lib/gcc/pic32mx/4.5.1/../../../../pic32mx/lib/libmchp_peripheral_32MX795F512L.a(I2CByteWasAcknowledged.o)
 .comment       0x00000000       0x52 /opt/microchip/mplabc32/v2.02/bin/../lib/gcc/pic32mx/4.5.1/../../../../pic32mx/lib/libmchp_peripheral_32MX795F512L.a(I2CClearStatus.o)
 .comment       0x00000000       0x52 /opt/microchip/mplabc32/v2.02/bin/../lib/gcc/pic32mx/4.5.1/../../../../pic32mx/lib/libmchp_peripheral_32MX795F512L.a(I2CConfigure.o)
 .comment       0x00000000       0x52 /opt/microchip/mplabc32/v2.02/bin/../lib/gcc/pic32mx/4.5.1/../../../../pic32mx/lib/libmchp_peripheral_32MX795F512L.a(I2CEnable.o)
 .comment       0x00000000       0x52 /opt/microchip/mplabc32/v2.02/bin/../lib/gcc/pic32mx/4.5.1/../../../../pic32mx/lib/libmchp_peripheral_32MX795F512L.a(I2CGetByte.o)
 .comment       0x00000000       0x52 /opt/microchip/mplabc32/v2.02/bin/../lib/gcc/pic32mx/4.5.1/../../../../pic32mx/lib/libmchp_peripheral_32MX795F512L.a(I2CGetStatus.o)
 .comment       0x00000000       0x52 /opt/microchip/mplabc32/v2.02/bin/../lib/gcc/pic32mx/4.5.1/../../../../pic32mx/lib/libmchp_peripheral_32MX795F512L.a(I2CReceivedDataIsAvailable.o)
 .comment       0x00000000       0x52 /opt/microchip/mplabc32/v2.02/bin/../lib/gcc/pic32mx/4.5.1/../../../../pic32mx/lib/libmchp_peripheral_32MX795F512L.a(I2CReceiverEnable.o)
 .comment       0x00000000       0x52 /opt/microchip/mplabc32/v2.02/bin/../lib/gcc/pic32mx/4.5.1/../../../../pic32mx/lib/libmchp_peripheral_32MX795F512L.a(I2CRepeatStart.o)
 .comment       0x00000000       0x52 /opt/microchip/mplabc32/v2.02/bin/../lib/gcc/pic32mx/4.5.1/../../../../pic32mx/lib/libmchp_peripheral_32MX795F512L.a(I2CSendByte.o)
 .comment       0x00000000       0x52 /opt/microchip/mplabc32/v2.02/bin/../lib/gcc/pic32mx/4.5.1/../../../../pic32mx/lib/libmchp_peripheral_32MX795F512L.a(I2CSetFrequency.o)
 .comment       0x00000000       0x52 /opt/microchip/mplabc32/v2.02/bin/../lib/gcc/pic32mx/4.5.1/../../../../pic32mx/lib/libmchp_peripheral_32MX795F512L.a(I2CStart.o)
 .comment       0x00000000       0x52 /opt/microchip/mplabc32/v2.02/bin/../lib/gcc/pic32mx/4.5.1/../../../../pic32mx/lib/libmchp_peripheral_32MX795F512L.a(I2CStop.o)
 .comment       0x00000000       0x52 /opt/microchip/mplabc32/v2.02/bin/../lib/gcc/pic32mx/4.5.1/../../../../pic32mx/lib/libmchp_peripheral_32MX795F512L.a(I2CTransmissionHasCompleted.o)
 .comment       0x00000000       0x52 /opt/microchip/mplabc32/v2.02/bin/../lib/gcc/pic32mx/4.5.1/../../../../pic32mx/lib/libmchp_peripheral_32MX795F512L.a(I2CTransmitterIsReady.o)
 .comment       0x00000000       0x52 /opt/microchip/mplabc32/v2.02/bin/../lib/gcc/pic32mx/4.5.1/../../../../pic32mx/lib/libmchp_peripheral_32MX795F512L.a(int_enable_interrupts_lib.o)
 .comment       0x00000000       0x52 /opt/microchip/mplabc32/v2.02/bin/../lib/gcc/pic32mx/4.5.1/../../../../pic32mx/lib/libmchp_peripheral_32MX795F512L.a(I2CPrivate.o)
 .comment       0x00000000       0x52 /opt/microchip/mplabc32/v2.02/bin/../lib/gcc/pic32mx/4.5.1/../../../../pic32mx/lib/libc.a(calloc.o)
 .comment       0x00000000       0x52 /opt/microchip/mplabc32/v2.02/bin/../lib/gcc/pic32mx/4.5.1/libgcc.a(_umoddi3.o)

.debug
 *(.debug)

.line
 *(.line)

.debug_srcinfo
 *(.debug_srcinfo)

.debug_sfnames
 *(.debug_sfnames)

.debug_aranges  0x00000000     0x1a28
 *(.debug_aranges)
 .debug_aranges
                0x00000000       0x30 build/Debug/debug/_ext/100901378/WFScan.o
 .debug_aranges
                0x00000030       0x38 build/Debug/debug/_ext/100901378/WF_Spi.o
 .debug_aranges
                0x00000068       0x30 build/Debug/debug/_ext/100901378/WFEasyConfig.o
 .debug_aranges
                0x00000098       0x30 build/Debug/debug/_ext/100901378/WFConsole.o
 .debug_aranges
                0x000000c8       0x38 build/Debug/debug/_ext/100901378/WF_Eint.o
 .debug_aranges
                0x00000100       0x30 build/Debug/debug/_ext/100901378/WFConnectionManager.o
 .debug_aranges
                0x00000130       0x30 build/Debug/debug/_ext/100901378/WFPowerSave.o
 .debug_aranges
                0x00000160       0x30 build/Debug/debug/_ext/100901378/WFParamMsg.o
 .debug_aranges
                0x00000190       0x30 build/Debug/debug/_ext/100901378/WFConnectionProfile.o
 .debug_aranges
                0x000001c0       0x38 build/Debug/debug/_ext/100901378/WFDriverRaw.o
 .debug_aranges
                0x000001f8       0x30 build/Debug/debug/_ext/100901378/WFConsoleIwpriv.o
 .debug_aranges
                0x00000228       0x30 build/Debug/debug/_ext/100901378/WFTxPower.o
 .debug_aranges
                0x00000258       0x30 build/Debug/debug/_ext/100901378/WFInit.o
 .debug_aranges
                0x00000288       0x38 build/Debug/debug/_ext/100901378/WFDriverCom.o
 .debug_aranges
                0x000002c0       0x30 build/Debug/debug/_ext/100901378/WFConsoleMsgHandler.o
 .debug_aranges
                0x000002f0       0x30 build/Debug/debug/_ext/100901378/WFEventHandler.o
 .debug_aranges
                0x00000320       0x30 build/Debug/debug/_ext/100901378/WFConsoleIwconfig.o
 .debug_aranges
                0x00000350       0x30 build/Debug/debug/_ext/100901378/WFConsoleIfconfig.o
 .debug_aranges
                0x00000380       0x30 build/Debug/debug/_ext/100901378/WFConnectionAlgorithm.o
 .debug_aranges
                0x000003b0       0x38 build/Debug/debug/_ext/100901378/WFMac.o
 .debug_aranges
                0x000003e8       0x30 build/Debug/debug/_ext/100901378/WFDataTxRx.o
 .debug_aranges
                0x00000418       0x30 build/Debug/debug/_ext/100901378/WFMgmtMsg.o
 .debug_aranges
                0x00000448       0x30 build/Debug/debug/_ext/100901378/WFConsoleMsgs.o
 .debug_aranges
                0x00000478       0x38 build/Debug/debug/_ext/867694782/TFTPc.o
 .debug_aranges
                0x000004b0       0x38 build/Debug/debug/_ext/867694782/Announce.o
 .debug_aranges
                0x000004e8       0x30 build/Debug/debug/_ext/867694782/CAN2TCPBridge.o
 .debug_aranges
                0x00000518       0x30 build/Debug/debug/_ext/867694782/FTP.o
 .debug_aranges
                0x00000548       0x30 build/Debug/debug/_ext/867694782/ENC28J60.o
 .debug_aranges
                0x00000578       0x30 build/Debug/debug/_ext/867694782/SPIRAM.o
 .debug_aranges
                0x000005a8       0x30 build/Debug/debug/_ext/867694782/SNMP.o
 .debug_aranges
                0x000005d8       0x30 build/Debug/debug/_ext/867694782/Hashes.o
 .debug_aranges
                0x00000608       0x30 build/Debug/debug/_ext/867694782/LCDBlocking.o
 .debug_aranges
                0x00000638       0x38 build/Debug/debug/_ext/867694782/StackTsk.o
 .debug_aranges
                0x00000670       0x38 build/Debug/debug/_ext/867694782/ARP.o
 .debug_aranges
                0x000006a8       0x30 build/Debug/debug/_ext/867694782/HTTP.o
 .debug_aranges
                0x000006d8       0x30 build/Debug/debug/_ext/867694782/SNTP.o
 .debug_aranges
                0x00000708       0x30 build/Debug/debug/_ext/867694782/RSA.o
 .debug_aranges
                0x00000738       0x30 build/Debug/debug/_ext/867694782/UART.o
 .debug_aranges
                0x00000768       0x30 build/Debug/debug/_ext/867694782/ZeroconfHelper.o
 .debug_aranges
                0x00000798       0x30 build/Debug/debug/_ext/867694782/HTTP2.o
 .debug_aranges
                0x000007c8       0x30 build/Debug/debug/_ext/867694782/ZeroconfMulticastDNS.o
 .debug_aranges
                0x000007f8       0x30 build/Debug/debug/_ext/867694782/NBNS.o
 .debug_aranges
                0x00000828       0x30 build/Debug/debug/_ext/867694782/ENCX24J600.o
 .debug_aranges
                0x00000858       0x38 build/Debug/debug/_ext/867694782/BerkeleyAPI.o
 .debug_aranges
                0x00000890       0x30 build/Debug/debug/_ext/867694782/TCPPerformanceTest.o
 .debug_aranges
                0x000008c0       0x30 build/Debug/debug/_ext/867694782/UART2TCPBridge.o
 .debug_aranges
                0x000008f0       0x30 build/Debug/debug/_ext/867694782/AutoIP.o
 .debug_aranges
                0x00000920       0x30 build/Debug/debug/_ext/867694782/DHCPs.o
 .debug_aranges
                0x00000950       0x38 build/Debug/debug/_ext/867694782/DHCP.o
 .debug_aranges
                0x00000988       0x30 build/Debug/debug/_ext/867694782/Reboot.o
 .debug_aranges
                0x000009b8       0x30 build/Debug/debug/_ext/867694782/SPIEEPROM.o
 .debug_aranges
                0x000009e8       0x30 build/Debug/debug/_ext/867694782/SSL.o
 .debug_aranges
                0x00000a18       0x38 build/Debug/debug/_ext/867694782/Delay.o
 .debug_aranges
                0x00000a50       0x30 build/Debug/debug/_ext/867694782/SPIFlash.o
 .debug_aranges
                0x00000a80       0x30 build/Debug/debug/_ext/867694782/DNSs.o
 .debug_aranges
                0x00000ab0       0x30 build/Debug/debug/_ext/867694782/BigInt.o
 .debug_aranges
                0x00000ae0       0x38 build/Debug/debug/_ext/867694782/UDP.o
 .debug_aranges
                0x00000b18       0x30 build/Debug/debug/_ext/867694782/DNS.o
 .debug_aranges
                0x00000b48       0x38 build/Debug/debug/_ext/867694782/ICMP.o
 .debug_aranges
                0x00000b80       0x38 build/Debug/debug/_ext/867694782/ETHPIC32IntMac.o
 .debug_aranges
                0x00000bb8       0x30 build/Debug/debug/_ext/867694782/ETH97J60.o
 .debug_aranges
                0x00000be8       0x38 build/Debug/debug/_ext/867694782/Helpers.o
 .debug_aranges
                0x00000c20       0x30 build/Debug/debug/_ext/867694782/ZeroconfLinkLocal.o
 .debug_aranges
                0x00000c50       0x38 build/Debug/debug/_ext/867694782/IP.o
 .debug_aranges
                0x00000c88       0x38 build/Debug/debug/_ext/867694782/TCP.o
 .debug_aranges
                0x00000cc0       0x38 build/Debug/debug/_ext/867694782/ETHPIC32ExtPhyDP83848.o
 .debug_aranges
                0x00000cf8       0x30 build/Debug/debug/_ext/867694782/SMTP.o
 .debug_aranges
                0x00000d28       0x38 build/Debug/debug/_ext/867694782/Tick.o
 .debug_aranges
                0x00000d60       0x30 build/Debug/debug/_ext/867694782/Telnet.o
 .debug_aranges
                0x00000d90       0x38 build/Debug/debug/_ext/867694782/ETHPIC32ExtPhy.o
 .debug_aranges
                0x00000dc8       0x30 build/Debug/debug/_ext/867694782/Random.o
 .debug_aranges
                0x00000df8       0x30 build/Debug/debug/_ext/867694782/MPFS.o
 .debug_aranges
                0x00000e28       0x30 build/Debug/debug/_ext/867694782/MPFS2.o
 .debug_aranges
                0x00000e58       0x30 build/Debug/debug/_ext/867694782/DynDNS.o
 .debug_aranges
                0x00000e88       0x30 build/Debug/debug/_ext/867694782/UDPPerformanceTest.o
 .debug_aranges
                0x00000eb8       0x30 build/Debug/debug/_ext/867694782/ARCFOUR.o
 .debug_aranges
                0x00000ee8       0x38 build/Debug/debug/_ext/1472/i2c_support.o
 .debug_aranges
                0x00000f20       0x38 build/Debug/debug/_ext/1472/main.o
 .debug_aranges
                0x00000f58       0x38 build/Debug/debug/_ext/1472/MyTFTP.o
 .debug_aranges
                0x00000f90       0x38 build/Debug/debug/_ext/1472/Settings.o
 .debug_aranges
                0x00000fc8       0x38 build/Debug/debug/_ext/1472/HodoCrate.o
 .debug_aranges
                0x00001000       0x38 build/Debug/debug/_ext/1472/BerkeleyTCPServerDemo.o
 .debug_aranges
                0x00001038       0x38 build/Debug/debug/_ext/1472/PingDemo.o
 .debug_aranges
                0x00001070       0x20 /opt/microchip/mplabc32/v2.02/bin/../lib/gcc/pic32mx/4.5.1/libgcc.a(_udivdi3.o)
 .debug_aranges
                0x00001090       0x48 /opt/microchip/mplabc32/v2.02/bin/../lib/gcc/pic32mx/4.5.1/../../../../pic32mx/lib/libdebug.a(db_utils.o)
 .debug_aranges
                0x000010d8       0x20 /opt/microchip/mplabc32/v2.02/bin/../lib/gcc/pic32mx/4.5.1/../../../../pic32mx/lib/libc.a(atoi.o)
 .debug_aranges
                0x000010f8       0x30 /opt/microchip/mplabc32/v2.02/bin/../lib/gcc/pic32mx/4.5.1/../../../../pic32mx/lib/libc.a(malloc.o)
 .debug_aranges
                0x00001128       0x28 /opt/microchip/mplabc32/v2.02/bin/../lib/gcc/pic32mx/4.5.1/../../../../pic32mx/lib/libc.a(puts.o)
 .debug_aranges
                0x00001150       0x28 /opt/microchip/mplabc32/v2.02/bin/../lib/gcc/pic32mx/4.5.1/../../../../pic32mx/lib/libc.a(rand.o)
 .debug_aranges
                0x00001178       0x20 /opt/microchip/mplabc32/v2.02/bin/../lib/gcc/pic32mx/4.5.1/../../../../pic32mx/lib/libc.a(strtok.o)
 .debug_aranges
                0x00001198       0x20 /opt/microchip/mplabc32/v2.02/bin/../lib/gcc/pic32mx/4.5.1/../../../../pic32mx/lib/libc.a(printf_cdnopsuxX.eo)
 .debug_aranges
                0x000011b8       0x20 /opt/microchip/mplabc32/v2.02/bin/../lib/gcc/pic32mx/4.5.1/../../../../pic32mx/lib/libc.a(sprintf_cdnopsuxX.eo)
 .debug_aranges
                0x000011d8       0x40 /opt/microchip/mplabc32/v2.02/bin/../lib/gcc/pic32mx/4.5.1/../../../../pic32mx/lib/libc.a(sbrk.o)
 .debug_aranges
                0x00001218       0x20 /opt/microchip/mplabc32/v2.02/bin/../lib/gcc/pic32mx/4.5.1/../../../../pic32mx/lib/libc.a(default-bootstrap-exception-handler.o)
 .debug_aranges
                0x00001238       0x20 /opt/microchip/mplabc32/v2.02/bin/../lib/gcc/pic32mx/4.5.1/../../../../pic32mx/lib/libc.a(default-on-reset.o)
 .debug_aranges
                0x00001258       0x20 /opt/microchip/mplabc32/v2.02/bin/../lib/gcc/pic32mx/4.5.1/../../../../pic32mx/lib/libc.a(default-on-bootstrap.o)
 .debug_aranges
                0x00001278       0x20 /opt/microchip/mplabc32/v2.02/bin/../lib/gcc/pic32mx/4.5.1/../../../../pic32mx/lib/libc.a(_fputc_simple.o)
 .debug_aranges
                0x00001298       0x20 /opt/microchip/mplabc32/v2.02/bin/../lib/gcc/pic32mx/4.5.1/../../../../pic32mx/lib/libc.a(strcspn.o)
 .debug_aranges
                0x000012b8       0x20 /opt/microchip/mplabc32/v2.02/bin/../lib/gcc/pic32mx/4.5.1/../../../../pic32mx/lib/libc.a(strspn.o)
 .debug_aranges
                0x000012d8       0x20 /opt/microchip/mplabc32/v2.02/bin/../lib/gcc/pic32mx/4.5.1/../../../../pic32mx/lib/libc.a(doprnt_cdnopsuxX.eo)
 .debug_aranges
                0x000012f8       0x20 /opt/microchip/mplabc32/v2.02/bin/../lib/gcc/pic32mx/4.5.1/../../../../pic32mx/lib/libc.a(write.o)
 .debug_aranges
                0x00001318       0x20 /opt/microchip/mplabc32/v2.02/bin/../lib/gcc/pic32mx/4.5.1/../../../../pic32mx/lib/libc.a(_flsbuf_simple.o)
 .debug_aranges
                0x00001338       0x20 /opt/microchip/mplabc32/v2.02/bin/../lib/gcc/pic32mx/4.5.1/../../../../pic32mx/lib/libc.a(strchr.o)
 .debug_aranges
                0x00001358       0x20 /opt/microchip/mplabc32/v2.02/bin/../lib/gcc/pic32mx/4.5.1/../../../../pic32mx/lib/libmchp_peripheral.a(read_core_timer_lib.o)
 .debug_aranges
                0x00001378       0x48 /opt/microchip/mplabc32/v2.02/bin/../lib/gcc/pic32mx/4.5.1/../../../../pic32mx/lib/libmchp_peripheral_32MX795F512L.a(eth_ack_packet_lib.o)
 .debug_aranges
                0x000013c0       0x28 /opt/microchip/mplabc32/v2.02/bin/../lib/gcc/pic32mx/4.5.1/../../../../pic32mx/lib/libmchp_peripheral_32MX795F512L.a(eth_descriptors_add_lib.o)
 .debug_aranges
                0x000013e8       0x20 /opt/microchip/mplabc32/v2.02/bin/../lib/gcc/pic32mx/4.5.1/../../../../pic32mx/lib/libmchp_peripheral_32MX795F512L.a(eth_init_lib.o)
 .debug_aranges
                0x00001408       0x20 /opt/microchip/mplabc32/v2.02/bin/../lib/gcc/pic32mx/4.5.1/../../../../pic32mx/lib/libmchp_peripheral_32MX795F512L.a(eth_mac_open_lib.o)
 .debug_aranges
                0x00001428       0x30 /opt/microchip/mplabc32/v2.02/bin/../lib/gcc/pic32mx/4.5.1/../../../../pic32mx/lib/libmchp_peripheral_32MX795F512L.a(eth_mac_set_address_max_lib.o)
 .debug_aranges
                0x00001458       0x20 /opt/microchip/mplabc32/v2.02/bin/../lib/gcc/pic32mx/4.5.1/../../../../pic32mx/lib/libmchp_peripheral_32MX795F512L.a(eth_rx_buffers_append_lib.o)
 .debug_aranges
                0x00001478       0x48 /opt/microchip/mplabc32/v2.02/bin/../lib/gcc/pic32mx/4.5.1/../../../../pic32mx/lib/libmchp_peripheral_32MX795F512L.a(eth_rx_filters_lib.o)
 .debug_aranges
                0x000014c0       0x28 /opt/microchip/mplabc32/v2.02/bin/../lib/gcc/pic32mx/4.5.1/../../../../pic32mx/lib/libmchp_peripheral_32MX795F512L.a(eth_rx_get_packet_lib.o)
 .debug_aranges
                0x000014e8       0x20 /opt/microchip/mplabc32/v2.02/bin/../lib/gcc/pic32mx/4.5.1/../../../../pic32mx/lib/libmchp_peripheral_32MX795F512L.a(eth_rx_set_buffer_size_lib.o)
 .debug_aranges
                0x00001508       0x48 /opt/microchip/mplabc32/v2.02/bin/../lib/gcc/pic32mx/4.5.1/../../../../pic32mx/lib/libmchp_peripheral_32MX795F512L.a(eth_tx_packet_lib.o)
 .debug_aranges
                0x00001550       0x20 /opt/microchip/mplabc32/v2.02/bin/../lib/gcc/pic32mx/4.5.1/../../../../pic32mx/lib/libmchp_peripheral_32MX795F512L.a(_eth_append_busy_list_lib.o)
 .debug_aranges
                0x00001570       0x48 /opt/microchip/mplabc32/v2.02/bin/../lib/gcc/pic32mx/4.5.1/../../../../pic32mx/lib/libmchp_peripheral_32MX795F512L.a(eth_miim_access.o)
 .debug_aranges
                0x000015b8       0x48 /opt/microchip/mplabc32/v2.02/bin/../lib/gcc/pic32mx/4.5.1/../../../../pic32mx/lib/libmchp_peripheral_32MX795F512L.a(eth_miim_legacy.o)
 .debug_aranges
                0x00001600       0x20 /opt/microchip/mplabc32/v2.02/bin/../lib/gcc/pic32mx/4.5.1/../../../../pic32mx/lib/libmchp_peripheral_32MX795F512L.a(soft_reset_lib.o)
 .debug_aranges
                0x00001620       0x28 /opt/microchip/mplabc32/v2.02/bin/../lib/gcc/pic32mx/4.5.1/../../../../pic32mx/lib/libmchp_peripheral_32MX795F512L.a(pcache.o)
 .debug_aranges
                0x00001648       0x20 /opt/microchip/mplabc32/v2.02/bin/../lib/gcc/pic32mx/4.5.1/../../../../pic32mx/lib/libmchp_peripheral_32MX795F512L.a(int_disable_interrupts_lib.o)
 .debug_aranges
                0x00001668       0x20 /opt/microchip/mplabc32/v2.02/bin/../lib/gcc/pic32mx/4.5.1/../../../../pic32mx/lib/libmchp_peripheral_32MX795F512L.a(int_restore_interrupts_lib.o)
 .debug_aranges
                0x00001688       0x20 /opt/microchip/mplabc32/v2.02/bin/../lib/gcc/pic32mx/4.5.1/../../../../pic32mx/lib/libmchp_peripheral_32MX795F512L.a(int_enable_mv_int_lib.o)
 .debug_aranges
                0x000016a8       0x60 /opt/microchip/mplabc32/v2.02/bin/../lib/gcc/pic32mx/4.5.1/../../../../pic32mx/lib/libmchp_peripheral_32MX795F512L.a(int_tbl_lib.o)
 .debug_aranges
                0x00001708       0x20 /opt/microchip/mplabc32/v2.02/bin/../lib/gcc/pic32mx/4.5.1/../../../../pic32mx/lib/libmchp_peripheral_32MX795F512L.a(nvm_erase_page_lib.o)
 .debug_aranges
                0x00001728       0x20 /opt/microchip/mplabc32/v2.02/bin/../lib/gcc/pic32mx/4.5.1/../../../../pic32mx/lib/libmchp_peripheral_32MX795F512L.a(nvm_operation_lib.o)
 .debug_aranges
                0x00001748       0x20 /opt/microchip/mplabc32/v2.02/bin/../lib/gcc/pic32mx/4.5.1/../../../../pic32mx/lib/libmchp_peripheral_32MX795F512L.a(nvm_write_row_lib.o)
 .debug_aranges
                0x00001768       0x20 /opt/microchip/mplabc32/v2.02/bin/../lib/gcc/pic32mx/4.5.1/../../../../pic32mx/lib/libmchp_peripheral_32MX795F512L.a(port_set_pins_digital_in_lib.o)
 .debug_aranges
                0x00001788       0x20 /opt/microchip/mplabc32/v2.02/bin/../lib/gcc/pic32mx/4.5.1/../../../../pic32mx/lib/libmchp_peripheral_32MX795F512L.a(port_set_pins_digital_out_lib.o)
 .debug_aranges
                0x000017a8       0x20 /opt/microchip/mplabc32/v2.02/bin/../lib/gcc/pic32mx/4.5.1/../../../../pic32mx/lib/libmchp_peripheral_32MX795F512L.a(I2CAcknowledgeByte.o)
 .debug_aranges
                0x000017c8       0x20 /opt/microchip/mplabc32/v2.02/bin/../lib/gcc/pic32mx/4.5.1/../../../../pic32mx/lib/libmchp_peripheral_32MX795F512L.a(I2CBusIsIdle.o)
 .debug_aranges
                0x000017e8       0x20 /opt/microchip/mplabc32/v2.02/bin/../lib/gcc/pic32mx/4.5.1/../../../../pic32mx/lib/libmchp_peripheral_32MX795F512L.a(I2CByteWasAcknowledged.o)
 .debug_aranges
                0x00001808       0x20 /opt/microchip/mplabc32/v2.02/bin/../lib/gcc/pic32mx/4.5.1/../../../../pic32mx/lib/libmchp_peripheral_32MX795F512L.a(I2CClearStatus.o)
 .debug_aranges
                0x00001828       0x20 /opt/microchip/mplabc32/v2.02/bin/../lib/gcc/pic32mx/4.5.1/../../../../pic32mx/lib/libmchp_peripheral_32MX795F512L.a(I2CConfigure.o)
 .debug_aranges
                0x00001848       0x20 /opt/microchip/mplabc32/v2.02/bin/../lib/gcc/pic32mx/4.5.1/../../../../pic32mx/lib/libmchp_peripheral_32MX795F512L.a(I2CEnable.o)
 .debug_aranges
                0x00001868       0x20 /opt/microchip/mplabc32/v2.02/bin/../lib/gcc/pic32mx/4.5.1/../../../../pic32mx/lib/libmchp_peripheral_32MX795F512L.a(I2CGetByte.o)
 .debug_aranges
                0x00001888       0x20 /opt/microchip/mplabc32/v2.02/bin/../lib/gcc/pic32mx/4.5.1/../../../../pic32mx/lib/libmchp_peripheral_32MX795F512L.a(I2CGetStatus.o)
 .debug_aranges
                0x000018a8       0x20 /opt/microchip/mplabc32/v2.02/bin/../lib/gcc/pic32mx/4.5.1/../../../../pic32mx/lib/libmchp_peripheral_32MX795F512L.a(I2CReceivedDataIsAvailable.o)
 .debug_aranges
                0x000018c8       0x20 /opt/microchip/mplabc32/v2.02/bin/../lib/gcc/pic32mx/4.5.1/../../../../pic32mx/lib/libmchp_peripheral_32MX795F512L.a(I2CReceiverEnable.o)
 .debug_aranges
                0x000018e8       0x20 /opt/microchip/mplabc32/v2.02/bin/../lib/gcc/pic32mx/4.5.1/../../../../pic32mx/lib/libmchp_peripheral_32MX795F512L.a(I2CRepeatStart.o)
 .debug_aranges
                0x00001908       0x20 /opt/microchip/mplabc32/v2.02/bin/../lib/gcc/pic32mx/4.5.1/../../../../pic32mx/lib/libmchp_peripheral_32MX795F512L.a(I2CSendByte.o)
 .debug_aranges
                0x00001928       0x20 /opt/microchip/mplabc32/v2.02/bin/../lib/gcc/pic32mx/4.5.1/../../../../pic32mx/lib/libmchp_peripheral_32MX795F512L.a(I2CSetFrequency.o)
 .debug_aranges
                0x00001948       0x20 /opt/microchip/mplabc32/v2.02/bin/../lib/gcc/pic32mx/4.5.1/../../../../pic32mx/lib/libmchp_peripheral_32MX795F512L.a(I2CStart.o)
 .debug_aranges
                0x00001968       0x20 /opt/microchip/mplabc32/v2.02/bin/../lib/gcc/pic32mx/4.5.1/../../../../pic32mx/lib/libmchp_peripheral_32MX795F512L.a(I2CStop.o)
 .debug_aranges
                0x00001988       0x20 /opt/microchip/mplabc32/v2.02/bin/../lib/gcc/pic32mx/4.5.1/../../../../pic32mx/lib/libmchp_peripheral_32MX795F512L.a(I2CTransmissionHasCompleted.o)
 .debug_aranges
                0x000019a8       0x20 /opt/microchip/mplabc32/v2.02/bin/../lib/gcc/pic32mx/4.5.1/../../../../pic32mx/lib/libmchp_peripheral_32MX795F512L.a(I2CTransmitterIsReady.o)
 .debug_aranges
                0x000019c8       0x20 /opt/microchip/mplabc32/v2.02/bin/../lib/gcc/pic32mx/4.5.1/../../../../pic32mx/lib/libmchp_peripheral_32MX795F512L.a(int_enable_interrupts_lib.o)
 .debug_aranges
                0x000019e8       0x20 /opt/microchip/mplabc32/v2.02/bin/../lib/gcc/pic32mx/4.5.1/../../../../pic32mx/lib/libc.a(calloc.o)
 .debug_aranges
                0x00001a08       0x20 /opt/microchip/mplabc32/v2.02/bin/../lib/gcc/pic32mx/4.5.1/libgcc.a(_umoddi3.o)

.debug_pubnames
                0x00000000     0x32dc
 *(.debug_pubnames)
 .debug_pubnames
                0x00000000       0x49 build/Debug/debug/_ext/100901378/WFScan.o
 .debug_pubnames
                0x00000049       0x60 build/Debug/debug/_ext/100901378/WF_Spi.o
 .debug_pubnames
                0x000000a9       0x49 build/Debug/debug/_ext/100901378/WFEasyConfig.o
 .debug_pubnames
                0x000000f2       0x49 build/Debug/debug/_ext/100901378/WFConsole.o
 .debug_pubnames
                0x0000013b       0x61 build/Debug/debug/_ext/100901378/WF_Eint.o
 .debug_pubnames
                0x0000019c       0x49 build/Debug/debug/_ext/100901378/WFConnectionManager.o
 .debug_pubnames
                0x000001e5       0x49 build/Debug/debug/_ext/100901378/WFPowerSave.o
 .debug_pubnames
                0x0000022e       0x49 build/Debug/debug/_ext/100901378/WFParamMsg.o
 .debug_pubnames
                0x00000277       0x49 build/Debug/debug/_ext/100901378/WFConnectionProfile.o
 .debug_pubnames
                0x000002c0       0x61 build/Debug/debug/_ext/100901378/WFDriverRaw.o
 .debug_pubnames
                0x00000321       0x49 build/Debug/debug/_ext/100901378/WFConsoleIwpriv.o
 .debug_pubnames
                0x0000036a       0x49 build/Debug/debug/_ext/100901378/WFTxPower.o
 .debug_pubnames
                0x000003b3       0x49 build/Debug/debug/_ext/100901378/WFInit.o
 .debug_pubnames
                0x000003fc       0x63 build/Debug/debug/_ext/100901378/WFDriverCom.o
 .debug_pubnames
                0x0000045f       0x49 build/Debug/debug/_ext/100901378/WFConsoleMsgHandler.o
 .debug_pubnames
                0x000004a8       0x49 build/Debug/debug/_ext/100901378/WFEventHandler.o
 .debug_pubnames
                0x000004f1       0x49 build/Debug/debug/_ext/100901378/WFConsoleIwconfig.o
 .debug_pubnames
                0x0000053a       0x49 build/Debug/debug/_ext/100901378/WFConsoleIfconfig.o
 .debug_pubnames
                0x00000583       0x49 build/Debug/debug/_ext/100901378/WFConnectionAlgorithm.o
 .debug_pubnames
                0x000005cc       0x5d build/Debug/debug/_ext/100901378/WFMac.o
 .debug_pubnames
                0x00000629       0x49 build/Debug/debug/_ext/100901378/WFDataTxRx.o
 .debug_pubnames
                0x00000672       0x49 build/Debug/debug/_ext/100901378/WFMgmtMsg.o
 .debug_pubnames
                0x000006bb       0x49 build/Debug/debug/_ext/100901378/WFConsoleMsgs.o
 .debug_pubnames
                0x00000704      0x111 build/Debug/debug/_ext/867694782/TFTPc.o
 .debug_pubnames
                0x00000815       0x6a build/Debug/debug/_ext/867694782/Announce.o
 .debug_pubnames
                0x0000087f       0x49 build/Debug/debug/_ext/867694782/CAN2TCPBridge.o
 .debug_pubnames
                0x000008c8       0x49 build/Debug/debug/_ext/867694782/FTP.o
 .debug_pubnames
                0x00000911       0x49 build/Debug/debug/_ext/867694782/ENC28J60.o
 .debug_pubnames
                0x0000095a       0x49 build/Debug/debug/_ext/867694782/SPIRAM.o
 .debug_pubnames
                0x000009a3       0x49 build/Debug/debug/_ext/867694782/SNMP.o
 .debug_pubnames
                0x000009ec       0x49 build/Debug/debug/_ext/867694782/Hashes.o
 .debug_pubnames
                0x00000a35       0x49 build/Debug/debug/_ext/867694782/LCDBlocking.o
 .debug_pubnames
                0x00000a7e       0x8a build/Debug/debug/_ext/867694782/StackTsk.o
 .debug_pubnames
                0x00000b08       0xa9 build/Debug/debug/_ext/867694782/ARP.o
 .debug_pubnames
                0x00000bb1       0x49 build/Debug/debug/_ext/867694782/HTTP.o
 .debug_pubnames
                0x00000bfa       0x49 build/Debug/debug/_ext/867694782/SNTP.o
 .debug_pubnames
                0x00000c43       0x49 build/Debug/debug/_ext/867694782/RSA.o
 .debug_pubnames
                0x00000c8c       0x49 build/Debug/debug/_ext/867694782/UART.o
 .debug_pubnames
                0x00000cd5       0x49 build/Debug/debug/_ext/867694782/ZeroconfHelper.o
 .debug_pubnames
                0x00000d1e       0x49 build/Debug/debug/_ext/867694782/HTTP2.o
 .debug_pubnames
                0x00000d67       0x49 build/Debug/debug/_ext/867694782/ZeroconfMulticastDNS.o
 .debug_pubnames
                0x00000db0       0x49 build/Debug/debug/_ext/867694782/NBNS.o
 .debug_pubnames
                0x00000df9       0x49 build/Debug/debug/_ext/867694782/ENCX24J600.o
 .debug_pubnames
                0x00000e42       0xe0 build/Debug/debug/_ext/867694782/BerkeleyAPI.o
 .debug_pubnames
                0x00000f22       0x49 build/Debug/debug/_ext/867694782/TCPPerformanceTest.o
 .debug_pubnames
                0x00000f6b       0x49 build/Debug/debug/_ext/867694782/UART2TCPBridge.o
 .debug_pubnames
                0x00000fb4       0x49 build/Debug/debug/_ext/867694782/AutoIP.o
 .debug_pubnames
                0x00000ffd       0x49 build/Debug/debug/_ext/867694782/DHCPs.o
 .debug_pubnames
                0x00001046       0xf0 build/Debug/debug/_ext/867694782/DHCP.o
 .debug_pubnames
                0x00001136       0x49 build/Debug/debug/_ext/867694782/Reboot.o
 .debug_pubnames
                0x0000117f       0x49 build/Debug/debug/_ext/867694782/SPIEEPROM.o
 .debug_pubnames
                0x000011c8       0x49 build/Debug/debug/_ext/867694782/SSL.o
 .debug_pubnames
                0x00001211       0x63 build/Debug/debug/_ext/867694782/Delay.o
 .debug_pubnames
                0x00001274       0x49 build/Debug/debug/_ext/867694782/SPIFlash.o
 .debug_pubnames
                0x000012bd       0x49 build/Debug/debug/_ext/867694782/DNSs.o
 .debug_pubnames
                0x00001306       0x49 build/Debug/debug/_ext/867694782/BigInt.o
 .debug_pubnames
                0x0000134f      0x17a build/Debug/debug/_ext/867694782/UDP.o
 .debug_pubnames
                0x000014c9       0x49 build/Debug/debug/_ext/867694782/DNS.o
 .debug_pubnames
                0x00001512       0x9f build/Debug/debug/_ext/867694782/ICMP.o
 .debug_pubnames
                0x000015b1      0x24a build/Debug/debug/_ext/867694782/ETHPIC32IntMac.o
 .debug_pubnames
                0x000017fb       0x49 build/Debug/debug/_ext/867694782/ETH97J60.o
 .debug_pubnames
                0x00001844      0x12f build/Debug/debug/_ext/867694782/Helpers.o
 .debug_pubnames
                0x00001973       0x49 build/Debug/debug/_ext/867694782/ZeroconfLinkLocal.o
 .debug_pubnames
                0x000019bc       0x7b build/Debug/debug/_ext/867694782/IP.o
 .debug_pubnames
                0x00001a37      0x1f1 build/Debug/debug/_ext/867694782/TCP.o
 .debug_pubnames
                0x00001c28       0xa2 build/Debug/debug/_ext/867694782/ETHPIC32ExtPhyDP83848.o
 .debug_pubnames
                0x00001cca       0x49 build/Debug/debug/_ext/867694782/SMTP.o
 .debug_pubnames
                0x00001d13       0xb5 build/Debug/debug/_ext/867694782/Tick.o
 .debug_pubnames
                0x00001dc8       0x49 build/Debug/debug/_ext/867694782/Telnet.o
 .debug_pubnames
                0x00001e11      0x12c build/Debug/debug/_ext/867694782/ETHPIC32ExtPhy.o
 .debug_pubnames
                0x00001f3d       0x49 build/Debug/debug/_ext/867694782/Random.o
 .debug_pubnames
                0x00001f86       0x49 build/Debug/debug/_ext/867694782/MPFS.o
 .debug_pubnames
                0x00001fcf       0x49 build/Debug/debug/_ext/867694782/MPFS2.o
 .debug_pubnames
                0x00002018       0x49 build/Debug/debug/_ext/867694782/DynDNS.o
 .debug_pubnames
                0x00002061       0x49 build/Debug/debug/_ext/867694782/UDPPerformanceTest.o
 .debug_pubnames
                0x000020aa       0x49 build/Debug/debug/_ext/867694782/ARCFOUR.o
 .debug_pubnames
                0x000020f3      0x113 build/Debug/debug/_ext/1472/i2c_support.o
 .debug_pubnames
                0x00002206       0xd6 build/Debug/debug/_ext/1472/main.o
 .debug_pubnames
                0x000022dc       0x69 build/Debug/debug/_ext/1472/MyTFTP.o
 .debug_pubnames
                0x00002345       0xc5 build/Debug/debug/_ext/1472/Settings.o
 .debug_pubnames
                0x0000240a      0x143 build/Debug/debug/_ext/1472/HodoCrate.o
 .debug_pubnames
                0x0000254d       0x63 build/Debug/debug/_ext/1472/BerkeleyTCPServerDemo.o
 .debug_pubnames
                0x000025b0       0x56 build/Debug/debug/_ext/1472/PingDemo.o
 .debug_pubnames
                0x00002606       0x20 /opt/microchip/mplabc32/v2.02/bin/../lib/gcc/pic32mx/4.5.1/libgcc.a(_udivdi3.o)
 .debug_pubnames
                0x00002626       0x69 /opt/microchip/mplabc32/v2.02/bin/../lib/gcc/pic32mx/4.5.1/../../../../pic32mx/lib/libdebug.a(db_utils.o)
 .debug_pubnames
                0x0000268f       0x1b /opt/microchip/mplabc32/v2.02/bin/../lib/gcc/pic32mx/4.5.1/../../../../pic32mx/lib/libc.a(atoi.o)
 .debug_pubnames
                0x000026aa       0x32 /opt/microchip/mplabc32/v2.02/bin/../lib/gcc/pic32mx/4.5.1/../../../../pic32mx/lib/libc.a(malloc.o)
 .debug_pubnames
                0x000026dc       0x25 /opt/microchip/mplabc32/v2.02/bin/../lib/gcc/pic32mx/4.5.1/../../../../pic32mx/lib/libc.a(puts.o)
 .debug_pubnames
                0x00002701       0x25 /opt/microchip/mplabc32/v2.02/bin/../lib/gcc/pic32mx/4.5.1/../../../../pic32mx/lib/libc.a(rand.o)
 .debug_pubnames
                0x00002726       0x1d /opt/microchip/mplabc32/v2.02/bin/../lib/gcc/pic32mx/4.5.1/../../../../pic32mx/lib/libc.a(strtok.o)
 .debug_pubnames
                0x00002743       0x28 /opt/microchip/mplabc32/v2.02/bin/../lib/gcc/pic32mx/4.5.1/../../../../pic32mx/lib/libc.a(printf_cdnopsuxX.eo)
 .debug_pubnames
                0x0000276b       0x29 /opt/microchip/mplabc32/v2.02/bin/../lib/gcc/pic32mx/4.5.1/../../../../pic32mx/lib/libc.a(sprintf_cdnopsuxX.eo)
 .debug_pubnames
                0x00002794       0x5c /opt/microchip/mplabc32/v2.02/bin/../lib/gcc/pic32mx/4.5.1/../../../../pic32mx/lib/libc.a(sbrk.o)
 .debug_pubnames
                0x000027f0       0x33 /opt/microchip/mplabc32/v2.02/bin/../lib/gcc/pic32mx/4.5.1/../../../../pic32mx/lib/libc.a(default-bootstrap-exception-handler.o)
 .debug_pubnames
                0x00002823       0x20 /opt/microchip/mplabc32/v2.02/bin/../lib/gcc/pic32mx/4.5.1/../../../../pic32mx/lib/libc.a(default-on-reset.o)
 .debug_pubnames
                0x00002843       0x24 /opt/microchip/mplabc32/v2.02/bin/../lib/gcc/pic32mx/4.5.1/../../../../pic32mx/lib/libc.a(default-on-bootstrap.o)
 .debug_pubnames
                0x00002867       0x1c /opt/microchip/mplabc32/v2.02/bin/../lib/gcc/pic32mx/4.5.1/../../../../pic32mx/lib/libc.a(_fputc_simple.o)
 .debug_pubnames
                0x00002883       0x1e /opt/microchip/mplabc32/v2.02/bin/../lib/gcc/pic32mx/4.5.1/../../../../pic32mx/lib/libc.a(strcspn.o)
 .debug_pubnames
                0x000028a1       0x1d /opt/microchip/mplabc32/v2.02/bin/../lib/gcc/pic32mx/4.5.1/../../../../pic32mx/lib/libc.a(strspn.o)
 .debug_pubnames
                0x000028be       0x2a /opt/microchip/mplabc32/v2.02/bin/../lib/gcc/pic32mx/4.5.1/../../../../pic32mx/lib/libc.a(doprnt_cdnopsuxX.eo)
 .debug_pubnames
                0x000028e8       0x1c /opt/microchip/mplabc32/v2.02/bin/../lib/gcc/pic32mx/4.5.1/../../../../pic32mx/lib/libc.a(write.o)
 .debug_pubnames
                0x00002904       0x1e /opt/microchip/mplabc32/v2.02/bin/../lib/gcc/pic32mx/4.5.1/../../../../pic32mx/lib/libc.a(_flsbuf_simple.o)
 .debug_pubnames
                0x00002922       0x1d /opt/microchip/mplabc32/v2.02/bin/../lib/gcc/pic32mx/4.5.1/../../../../pic32mx/lib/libc.a(strchr.o)
 .debug_pubnames
                0x0000293f       0x24 /opt/microchip/mplabc32/v2.02/bin/../lib/gcc/pic32mx/4.5.1/../../../../pic32mx/lib/libmchp_peripheral.a(read_core_timer_lib.o)
 .debug_pubnames
                0x00002963       0x80 /opt/microchip/mplabc32/v2.02/bin/../lib/gcc/pic32mx/4.5.1/../../../../pic32mx/lib/libmchp_peripheral_32MX795F512L.a(eth_ack_packet_lib.o)
 .debug_pubnames
                0x000029e3       0x42 /opt/microchip/mplabc32/v2.02/bin/../lib/gcc/pic32mx/4.5.1/../../../../pic32mx/lib/libmchp_peripheral_32MX795F512L.a(eth_descriptors_add_lib.o)
 .debug_pubnames
                0x00002a25       0x1e /opt/microchip/mplabc32/v2.02/bin/../lib/gcc/pic32mx/4.5.1/../../../../pic32mx/lib/libmchp_peripheral_32MX795F512L.a(eth_init_lib.o)
 .debug_pubnames
                0x00002a43       0x21 /opt/microchip/mplabc32/v2.02/bin/../lib/gcc/pic32mx/4.5.1/../../../../pic32mx/lib/libmchp_peripheral_32MX795F512L.a(eth_mac_open_lib.o)
 .debug_pubnames
                0x00002a64       0x52 /opt/microchip/mplabc32/v2.02/bin/../lib/gcc/pic32mx/4.5.1/../../../../pic32mx/lib/libmchp_peripheral_32MX795F512L.a(eth_mac_set_address_max_lib.o)
 .debug_pubnames
                0x00002ab6       0x29 /opt/microchip/mplabc32/v2.02/bin/../lib/gcc/pic32mx/4.5.1/../../../../pic32mx/lib/libmchp_peripheral_32MX795F512L.a(eth_rx_buffers_append_lib.o)
 .debug_pubnames
                0x00002adf       0x92 /opt/microchip/mplabc32/v2.02/bin/../lib/gcc/pic32mx/4.5.1/../../../../pic32mx/lib/libmchp_peripheral_32MX795F512L.a(eth_rx_filters_lib.o)
 .debug_pubnames
                0x00002b71       0x38 /opt/microchip/mplabc32/v2.02/bin/../lib/gcc/pic32mx/4.5.1/../../../../pic32mx/lib/libmchp_peripheral_32MX795F512L.a(eth_rx_get_packet_lib.o)
 .debug_pubnames
                0x00002ba9       0x29 /opt/microchip/mplabc32/v2.02/bin/../lib/gcc/pic32mx/4.5.1/../../../../pic32mx/lib/libmchp_peripheral_32MX795F512L.a(eth_rx_set_buffer_size_lib.o)
 .debug_pubnames
                0x00002bd2       0x66 /opt/microchip/mplabc32/v2.02/bin/../lib/gcc/pic32mx/4.5.1/../../../../pic32mx/lib/libmchp_peripheral_32MX795F512L.a(eth_tx_packet_lib.o)
 .debug_pubnames
                0x00002c38       0x29 /opt/microchip/mplabc32/v2.02/bin/../lib/gcc/pic32mx/4.5.1/../../../../pic32mx/lib/libmchp_peripheral_32MX795F512L.a(_eth_append_busy_list_lib.o)
 .debug_pubnames
                0x00002c61       0x90 /opt/microchip/mplabc32/v2.02/bin/../lib/gcc/pic32mx/4.5.1/../../../../pic32mx/lib/libmchp_peripheral_32MX795F512L.a(eth_miim_access.o)
 .debug_pubnames
                0x00002cf1       0x8d /opt/microchip/mplabc32/v2.02/bin/../lib/gcc/pic32mx/4.5.1/../../../../pic32mx/lib/libmchp_peripheral_32MX795F512L.a(eth_miim_legacy.o)
 .debug_pubnames
                0x00002d7e       0x20 /opt/microchip/mplabc32/v2.02/bin/../lib/gcc/pic32mx/4.5.1/../../../../pic32mx/lib/libmchp_peripheral_32MX795F512L.a(soft_reset_lib.o)
 .debug_pubnames
                0x00002d9e       0x3b /opt/microchip/mplabc32/v2.02/bin/../lib/gcc/pic32mx/4.5.1/../../../../pic32mx/lib/libmchp_peripheral_32MX795F512L.a(pcache.o)
 .debug_pubnames
                0x00002dd9       0x2b /opt/microchip/mplabc32/v2.02/bin/../lib/gcc/pic32mx/4.5.1/../../../../pic32mx/lib/libmchp_peripheral_32MX795F512L.a(int_disable_interrupts_lib.o)
 .debug_pubnames
                0x00002e04       0x2b /opt/microchip/mplabc32/v2.02/bin/../lib/gcc/pic32mx/4.5.1/../../../../pic32mx/lib/libmchp_peripheral_32MX795F512L.a(int_restore_interrupts_lib.o)
 .debug_pubnames
                0x00002e2f       0x36 /opt/microchip/mplabc32/v2.02/bin/../lib/gcc/pic32mx/4.5.1/../../../../pic32mx/lib/libmchp_peripheral_32MX795F512L.a(int_enable_mv_int_lib.o)
 .debug_pubnames
                0x00002e65       0xca /opt/microchip/mplabc32/v2.02/bin/../lib/gcc/pic32mx/4.5.1/../../../../pic32mx/lib/libmchp_peripheral_32MX795F512L.a(int_tbl_lib.o)
 .debug_pubnames
                0x00002f2f       0x23 /opt/microchip/mplabc32/v2.02/bin/../lib/gcc/pic32mx/4.5.1/../../../../pic32mx/lib/libmchp_peripheral_32MX795F512L.a(nvm_erase_page_lib.o)
 .debug_pubnames
                0x00002f52       0x24 /opt/microchip/mplabc32/v2.02/bin/../lib/gcc/pic32mx/4.5.1/../../../../pic32mx/lib/libmchp_peripheral_32MX795F512L.a(nvm_operation_lib.o)
 .debug_pubnames
                0x00002f76       0x22 /opt/microchip/mplabc32/v2.02/bin/../lib/gcc/pic32mx/4.5.1/../../../../pic32mx/lib/libmchp_peripheral_32MX795F512L.a(nvm_write_row_lib.o)
 .debug_pubnames
                0x00002f98       0x2b /opt/microchip/mplabc32/v2.02/bin/../lib/gcc/pic32mx/4.5.1/../../../../pic32mx/lib/libmchp_peripheral_32MX795F512L.a(port_set_pins_digital_in_lib.o)
 .debug_pubnames
                0x00002fc3       0x2c /opt/microchip/mplabc32/v2.02/bin/../lib/gcc/pic32mx/4.5.1/../../../../pic32mx/lib/libmchp_peripheral_32MX795F512L.a(port_set_pins_digital_out_lib.o)
 .debug_pubnames
                0x00002fef       0x29 /opt/microchip/mplabc32/v2.02/bin/../lib/gcc/pic32mx/4.5.1/../../../../pic32mx/lib/libmchp_peripheral_32MX795F512L.a(I2CAcknowledgeByte.o)
 .debug_pubnames
                0x00003018       0x23 /opt/microchip/mplabc32/v2.02/bin/../lib/gcc/pic32mx/4.5.1/../../../../pic32mx/lib/libmchp_peripheral_32MX795F512L.a(I2CBusIsIdle.o)
 .debug_pubnames
                0x0000303b       0x2d /opt/microchip/mplabc32/v2.02/bin/../lib/gcc/pic32mx/4.5.1/../../../../pic32mx/lib/libmchp_peripheral_32MX795F512L.a(I2CByteWasAcknowledged.o)
 .debug_pubnames
                0x00003068       0x25 /opt/microchip/mplabc32/v2.02/bin/../lib/gcc/pic32mx/4.5.1/../../../../pic32mx/lib/libmchp_peripheral_32MX795F512L.a(I2CClearStatus.o)
 .debug_pubnames
                0x0000308d       0x23 /opt/microchip/mplabc32/v2.02/bin/../lib/gcc/pic32mx/4.5.1/../../../../pic32mx/lib/libmchp_peripheral_32MX795F512L.a(I2CConfigure.o)
 .debug_pubnames
                0x000030b0       0x20 /opt/microchip/mplabc32/v2.02/bin/../lib/gcc/pic32mx/4.5.1/../../../../pic32mx/lib/libmchp_peripheral_32MX795F512L.a(I2CEnable.o)
 .debug_pubnames
                0x000030d0       0x21 /opt/microchip/mplabc32/v2.02/bin/../lib/gcc/pic32mx/4.5.1/../../../../pic32mx/lib/libmchp_peripheral_32MX795F512L.a(I2CGetByte.o)
 .debug_pubnames
                0x000030f1       0x23 /opt/microchip/mplabc32/v2.02/bin/../lib/gcc/pic32mx/4.5.1/../../../../pic32mx/lib/libmchp_peripheral_32MX795F512L.a(I2CGetStatus.o)
 .debug_pubnames
                0x00003114       0x31 /opt/microchip/mplabc32/v2.02/bin/../lib/gcc/pic32mx/4.5.1/../../../../pic32mx/lib/libmchp_peripheral_32MX795F512L.a(I2CReceivedDataIsAvailable.o)
 .debug_pubnames
                0x00003145       0x28 /opt/microchip/mplabc32/v2.02/bin/../lib/gcc/pic32mx/4.5.1/../../../../pic32mx/lib/libmchp_peripheral_32MX795F512L.a(I2CReceiverEnable.o)
 .debug_pubnames
                0x0000316d       0x25 /opt/microchip/mplabc32/v2.02/bin/../lib/gcc/pic32mx/4.5.1/../../../../pic32mx/lib/libmchp_peripheral_32MX795F512L.a(I2CRepeatStart.o)
 .debug_pubnames
                0x00003192       0x22 /opt/microchip/mplabc32/v2.02/bin/../lib/gcc/pic32mx/4.5.1/../../../../pic32mx/lib/libmchp_peripheral_32MX795F512L.a(I2CSendByte.o)
 .debug_pubnames
                0x000031b4       0x26 /opt/microchip/mplabc32/v2.02/bin/../lib/gcc/pic32mx/4.5.1/../../../../pic32mx/lib/libmchp_peripheral_32MX795F512L.a(I2CSetFrequency.o)
 .debug_pubnames
                0x000031da       0x1f /opt/microchip/mplabc32/v2.02/bin/../lib/gcc/pic32mx/4.5.1/../../../../pic32mx/lib/libmchp_peripheral_32MX795F512L.a(I2CStart.o)
 .debug_pubnames
                0x000031f9       0x1e /opt/microchip/mplabc32/v2.02/bin/../lib/gcc/pic32mx/4.5.1/../../../../pic32mx/lib/libmchp_peripheral_32MX795F512L.a(I2CStop.o)
 .debug_pubnames
                0x00003217       0x32 /opt/microchip/mplabc32/v2.02/bin/../lib/gcc/pic32mx/4.5.1/../../../../pic32mx/lib/libmchp_peripheral_32MX795F512L.a(I2CTransmissionHasCompleted.o)
 .debug_pubnames
                0x00003249       0x2c /opt/microchip/mplabc32/v2.02/bin/../lib/gcc/pic32mx/4.5.1/../../../../pic32mx/lib/libmchp_peripheral_32MX795F512L.a(I2CTransmitterIsReady.o)
 .debug_pubnames
                0x00003275       0x2a /opt/microchip/mplabc32/v2.02/bin/../lib/gcc/pic32mx/4.5.1/../../../../pic32mx/lib/libmchp_peripheral_32MX795F512L.a(int_enable_interrupts_lib.o)
 .debug_pubnames
                0x0000329f       0x1d /opt/microchip/mplabc32/v2.02/bin/../lib/gcc/pic32mx/4.5.1/../../../../pic32mx/lib/libc.a(calloc.o)
 .debug_pubnames
                0x000032bc       0x20 /opt/microchip/mplabc32/v2.02/bin/../lib/gcc/pic32mx/4.5.1/libgcc.a(_umoddi3.o)

.debug_info     0x00000000    0x7490c
 *(.debug_info .gnu.linkonce.wi.*)
 .debug_info    0x00000000     0x122b build/Debug/debug/_ext/100901378/WFScan.o
 .debug_info    0x0000122b     0x1250 build/Debug/debug/_ext/100901378/WF_Spi.o
 .debug_info    0x0000247b     0x1231 build/Debug/debug/_ext/100901378/WFEasyConfig.o
 .debug_info    0x000036ac     0x122e build/Debug/debug/_ext/100901378/WFConsole.o
 .debug_info    0x000048da     0x1252 build/Debug/debug/_ext/100901378/WF_Eint.o
 .debug_info    0x00005b2c     0x1238 build/Debug/debug/_ext/100901378/WFConnectionManager.o
 .debug_info    0x00006d64     0x1230 build/Debug/debug/_ext/100901378/WFPowerSave.o
 .debug_info    0x00007f94     0x122f build/Debug/debug/_ext/100901378/WFParamMsg.o
 .debug_info    0x000091c3     0x1238 build/Debug/debug/_ext/100901378/WFConnectionProfile.o
 .debug_info    0x0000a3fb     0x1256 build/Debug/debug/_ext/100901378/WFDriverRaw.o
 .debug_info    0x0000b651     0x1234 build/Debug/debug/_ext/100901378/WFConsoleIwpriv.o
 .debug_info    0x0000c885     0x122e build/Debug/debug/_ext/100901378/WFTxPower.o
 .debug_info    0x0000dab3     0x122b build/Debug/debug/_ext/100901378/WFInit.o
 .debug_info    0x0000ecde     0x1258 build/Debug/debug/_ext/100901378/WFDriverCom.o
 .debug_info    0x0000ff36     0x1238 build/Debug/debug/_ext/100901378/WFConsoleMsgHandler.o
 .debug_info    0x0001116e     0x1233 build/Debug/debug/_ext/100901378/WFEventHandler.o
 .debug_info    0x000123a1     0x1236 build/Debug/debug/_ext/100901378/WFConsoleIwconfig.o
 .debug_info    0x000135d7     0x1236 build/Debug/debug/_ext/100901378/WFConsoleIfconfig.o
 .debug_info    0x0001480d     0x123a build/Debug/debug/_ext/100901378/WFConnectionAlgorithm.o
 .debug_info    0x00015a47     0x124c build/Debug/debug/_ext/100901378/WFMac.o
 .debug_info    0x00016c93     0x122f build/Debug/debug/_ext/100901378/WFDataTxRx.o
 .debug_info    0x00017ec2     0x122e build/Debug/debug/_ext/100901378/WFMgmtMsg.o
 .debug_info    0x000190f0     0x1232 build/Debug/debug/_ext/100901378/WFConsoleMsgs.o
 .debug_info    0x0001a322     0x1f3a build/Debug/debug/_ext/867694782/TFTPc.o
 .debug_info    0x0001c25c     0x1aed build/Debug/debug/_ext/867694782/Announce.o
 .debug_info    0x0001dd49     0x122d build/Debug/debug/_ext/867694782/CAN2TCPBridge.o
 .debug_info    0x0001ef76     0x1223 build/Debug/debug/_ext/867694782/FTP.o
 .debug_info    0x00020199     0x1228 build/Debug/debug/_ext/867694782/ENC28J60.o
 .debug_info    0x000213c1     0x1226 build/Debug/debug/_ext/867694782/SPIRAM.o
 .debug_info    0x000225e7     0x1224 build/Debug/debug/_ext/867694782/SNMP.o
 .debug_info    0x0002380b     0x1226 build/Debug/debug/_ext/867694782/Hashes.o
 .debug_info    0x00024a31     0x122b build/Debug/debug/_ext/867694782/LCDBlocking.o
 .debug_info    0x00025c5c     0x1aee build/Debug/debug/_ext/867694782/StackTsk.o
 .debug_info    0x0002774a     0x1c69 build/Debug/debug/_ext/867694782/ARP.o
 .debug_info    0x000293b3     0x1224 build/Debug/debug/_ext/867694782/HTTP.o
 .debug_info    0x0002a5d7     0x1224 build/Debug/debug/_ext/867694782/SNTP.o
 .debug_info    0x0002b7fb     0x1223 build/Debug/debug/_ext/867694782/RSA.o
 .debug_info    0x0002ca1e     0x1224 build/Debug/debug/_ext/867694782/UART.o
 .debug_info    0x0002dc42     0x122e build/Debug/debug/_ext/867694782/ZeroconfHelper.o
 .debug_info    0x0002ee70     0x1225 build/Debug/debug/_ext/867694782/HTTP2.o